******************************************************************************
             TMS320C2000 Linker PC v22.6.3                     
******************************************************************************
>> Linked Thu Feb  5 11:31:15 2026

OUTPUT FILE NAME:   <empty_driverlib_project1.out>
ENTRY POINT SYMBOL: "code_start"  address: 00000000


MEMORY CONFIGURATION

         name            origin    length      used     unused   attr    fill
----------------------  --------  ---------  --------  --------  ----  --------
  BEGIN                 00000000   00000002  00000002  00000000  RWIX
  BOOT_RSVD             00000002   00000126  00000000  00000126  RWIX
  RAMM0                 00000128   000002d8  0000001e  000002ba  RWIX
  RAMM1                 00000400   000003f8  00000200  000001f8  RWIX
  RAMLS0                00008000   00002000  000013f5  00000c0b  RWIX
  RAMLS1                0000a000   00001ff8  00000000  00001ff8  RWIX
  FLASH_BANK0_SEC_0_7   00080002   00001ffe  00000000  00001ffe  RWIX
  FLASH_BANK0_SEC_8_15  00082000   00002000  00000000  00002000  RWIX
  FLASH_BANK0_SEC_16_23 00084000   00002000  00000000  00002000  RWIX
  FLASH_BANK0_SEC_24_31 00086000   00002000  00000000  00002000  RWIX
  FLASH_BANK0_SEC_32_39 00088000   00002000  00000000  00002000  RWIX
  FLASH_BANK0_SEC_40_47 0008a000   00002000  00000000  00002000  RWIX
  FLASH_BANK0_SEC_48_55 0008c000   00002000  00000000  00002000  RWIX
  FLASH_BANK0_SEC_56_63 0008e000   00002000  00000000  00002000  RWIX
  FLASH_BANK0_SEC_64_71 00090000   00002000  00000000  00002000  RWIX
  FLASH_BANK0_SEC_72_79 00092000   00002000  00000000  00002000  RWIX
  FLASH_BANK0_SEC_80_87 00094000   00002000  00000000  00002000  RWIX
  FLASH_BANK0_SEC_88_95 00096000   00002000  00000000  00002000  RWIX
  FLASH_BANK0_SEC_96_10 00098000   00002000  00000000  00002000  RWIX
  FLASH_BANK0_SEC_104_1 0009a000   00002000  00000000  00002000  RWIX
  FLASH_BANK0_SEC_112_1 0009c000   00002000  00000000  00002000  RWIX
  FLASH_BANK0_SEC_120_1 0009e000   00001ff0  00000000  00001ff0  RWIX
  RESET                 003fffc0   00000002  00000000  00000002  RWIX


SECTION ALLOCATION MAP

 output                                  attributes/
section   page    origin      length       input sections
--------  ----  ----------  ----------   ----------------
codestart 
*          0    00000000    00000002     
                  00000000    00000002     f280013x_codestartbranch.obj (codestart)

.TI.ramfunc 
*          0    00000128    00000004     
                  00000128    00000004     driverlib.lib : sysctl.obj (.TI.ramfunc)

.cinit     0    0000012c    0000001a     
                  0000012c    00000008     (.cinit..data.load) [load image, compression = lzss]
                  00000134    00000006     (__TI_handler_table)
                  0000013a    00000004     (.cinit..bss.load) [load image, compression = zero_init]
                  0000013e    00000008     (__TI_cinit_table)

.reset     0    003fffc0    00000000     DSECT

.stack     0    00000400    00000200     UNINITIALIZED
                  00000400    00000200     --HOLE--

.bss       0    0000828e    0000000a     UNINITIALIZED
                  0000828e    0000000a     empty_driverlib_main.obj (.bss)

.init_array 
*          0    00000128    00000000     UNINITIALIZED

.const     0    00008000    0000028d     
                  00008000    000000c1     board.obj (.const:.string)
                  000080c1    00000001     --HOLE-- [fill = 0]
                  000080c2    0000009b     driverlib.lib : gpio.obj (.const:.string)
                  0000815d    00000001     --HOLE-- [fill = 0]
                  0000815e    0000009b                   : sysctl.obj (.const:.string)
                  000081f9    00000001     --HOLE-- [fill = 0]
                  000081fa    0000007f     empty_driverlib_main.obj (.const:.string)
                  00008279    00000001     --HOLE-- [fill = 0]
                  0000827a    00000013     device.obj (.const:.string)

.data      0    00008298    0000000a     UNINITIALIZED
                  00008298    00000006     rts2800_fpu32_eabi.lib : exit.c.obj (.data)
                  0000829e    00000002                            : _lock.c.obj (.data:_lock)
                  000082a0    00000002                            : _lock.c.obj (.data:_unlock)

.text.1    0    0000828d    00000001     
                  0000828d    00000001     c2000ware_libraries.obj (.text:C2000Ware_libraries_init)

.text.2    0    000082a2    00001153     
                  000082a2    00000141     driverlib.lib : sysctl.obj (.text:SysCtl_setClock)
                  000083e3    000000ea                   : sysctl.obj (.text:SysCtl_isPLLValid)
                  000084cd    000000e1     board.obj (.text:PinMux_init)
                  000085ae    000000d9     board.obj (.text:EPWM_init)
                  00008687    000000ac     driverlib.lib : gpio.obj (.text:GPIO_setAnalogMode)
                  00008733    00000088     rts2800_fpu32_eabi.lib : fs_div28.asm.obj (.text)
                  000087bb    00000073     driverlib.lib : sysctl.obj (.text:DCC_setCounterSeeds)
                  0000882e    0000006e     device.obj (.text:Device_enableAllPeripherals)
                  0000889c    00000065     driverlib.lib : sysctl.obj (.text:SysCtl_getClock)
                  00008901    00000052                   : gpio.obj (.text:GPIO_setPadConfig)
                  00008953    00000048     device.obj (.text:Device_init)
                  0000899b    00000047     driverlib.lib : sysctl.obj (.text:SysCtl_selectOscSource)
                  000089e2    00000046                   : sysctl.obj (.text:SysCtl_selectXTAL)
                  00008a28    00000045                   : sysctl.obj (.text:SysCtl_pollX1Counter)
                  00008a6d    00000044                   : gpio.obj (.text:GPIO_isPinValid)
                  00008ab1    00000044     empty_driverlib_main.obj (.text:GPIO_isPinValid)
                  00008af5    00000040     board.obj (.text:EPWM_setActionQualifierAction)
                  00008b35    0000003e     board.obj (.text:EPWM_setCounterCompareShadowLoadMode)
                  00008b73    0000003d     driverlib.lib : interrupt.obj (.text:Interrupt_initModule)
                  00008bb0    0000003a     board.obj (.text:EPWM_setActionQualifierShadowLoadMode)
                  00008bea    00000037     driverlib.lib : gpio.obj (.text:GPIO_setPinConfig)
                  00008c21    00000037                   : gpio.obj (.text:GPIO_setQualificationMode)
                  00008c58    00000037                   : interrupt.obj (.text:Interrupt_enable)
                  00008c8f    00000033     empty_driverlib_main.obj (.text:INT_myEPWM2_TZ_ISR)
                  00008cc2    00000031     driverlib.lib : gpio.obj (.text:GPIO_setDirectionMode)
                  00008cf3    0000002e     empty_driverlib_main.obj (.text:dacCode)
                  00008d21    0000002e     rts2800_fpu32_eabi.lib : copy_decompress_lzss.c.obj (.text:decompress:lzss)
                  00008d4f    0000002e     empty_driverlib_main.obj (.text:main)
                  00008d7d    0000002b     rts2800_fpu32_eabi.lib : autoinit.c.obj (.text:__TI_auto_init_nobinit_nopinit)
                  00008da8    0000002a     board.obj (.text:XBAR_setInputPin)
                  00008dd2    00000029     rts2800_fpu32_eabi.lib : exit.c.obj (.text)
                  00008dfb    00000027     board.obj (.text:EPWM_isBaseValid)
                  00008e22    00000025     driverlib.lib : sysctl.obj (.text:SysCtl_selectXTALSingleEnded)
                  00008e47    00000024                   : sysctl.obj (.text:DCC_enableSingleShotMode)
                  00008e6b    00000023     empty_driverlib_main.obj (.text:GPIO_readPin)
                  00008e8e    00000022     board.obj (.text:EPWM_setCounterCompareValue)
                  00008eb0    00000022     board.obj (.text:EPWM_setTripZoneAction)
                  00008ed2    00000020     board.obj (.text:EPWM_enableTripZoneInterrupt)
                  00008ef2    0000001f     board.obj (.text:EPWM_setFallingEdgeDelayCountShadowLoadMode)
                  00008f11    0000001f     board.obj (.text:EPWM_setRisingEdgeDelayCountShadowLoadMode)
                  00008f30    0000001e     driverlib.lib : sysctl.obj (.text:DCC_setCounter0ClkSource)
                  00008f4e    0000001e                   : sysctl.obj (.text:DCC_setCounter1ClkSource)
                  00008f6c    0000001e     board.obj (.text:EPWM_setPhaseShift)
                  00008f8a    0000001e     driverlib.lib : interrupt.obj (.text:Interrupt_initVectorTable)
                  00008fa8    0000001d     empty_driverlib_main.obj (.text:CMPSS_setDACValueLow)
                  00008fc5    0000001d     rts2800_fpu32_eabi.lib : memcpy.c.obj (.text)
                  00008fe2    0000001c     board.obj (.text:EPWM_setClockPrescaler)
                  00008ffe    0000001b     empty_driverlib_main.obj (.text:CMPSS_isBaseValid)
                  00009019    0000001b     driverlib.lib : sysctl.obj (.text:SysCtl_setIntOSC2_Mode)
                  00009034    0000001a     board.obj (.text:ASysCtl_setAnalogReference1P65)
                  0000904e    0000001a     board.obj (.text:EPWM_disableActionQualifierShadowLoadMode)
                  00009068    0000001a     driverlib.lib : sysctl.obj (.text:SysCtl_getLowSpeedClock)
                  00009082    00000019                   : sysctl.obj (.text:SysCtl_setPLLSysClk)
                  0000909b    00000018     board.obj (.text:ASysCtl_setAnalogReferenceInternal)
                  000090b3    00000018     board.obj (.text:EPWM_disableFallingEdgeDelayCountShadowLoadMode)
                  000090cb    00000018     board.obj (.text:EPWM_disableRisingEdgeDelayCountShadowLoadMode)
                  000090e3    00000017     board.obj (.text:ASysCtl_enableCMPSSExternalDAC)
                  000090fa    00000017     device.obj (.text:SysCtl_enablePeripheral)
                  00009111    00000017     driverlib.lib : sysctl.obj (.text:SysCtl_enablePeripheral)
                  00009128    00000017     empty_driverlib_main.obj (.text:SysCtl_enablePeripheral)
                  0000913f    00000017     rts2800_fpu32_eabi.lib : boot28.asm.obj (.text)
                  00009156    00000016     empty_driverlib_main.obj (.text:CMPSS_configDAC)
                  0000916c    00000016     driverlib.lib : sysctl.obj (.text:DCC_disableDoneSignal)
                  00009182    00000016     board.obj (.text:EPWM_enableTripZoneSignals)
                  00009198    00000016     driverlib.lib : interrupt.obj (.text:Interrupt_defaultHandler)
                  000091ae    00000015                   : sysctl.obj (.text:DCC_clearDoneFlag)
                  000091c3    00000015                   : sysctl.obj (.text:DCC_clearErrorFlag)
                  000091d8    00000015                   : sysctl.obj (.text:DCC_disableErrorSignal)
                  000091ed    00000015     device.obj (.text:GPIO_unlockPortConfig)
                  00009202    00000014     driverlib.lib : sysctl.obj (.text:DCC_disableModule)
                  00009216    00000014                   : sysctl.obj (.text:DCC_enableModule)
                  0000922a    00000014     board.obj (.text:EPWM_setTimeBaseCounterMode)
                  0000923e    00000014     board.obj (.text:EPWM_setTimeBasePeriod)
                  00009252    00000013     board.obj (.text:Board_init)
                  00009265    00000013     empty_driverlib_main.obj (.text:CMPSS_enableModule)
                  00009278    00000013     board.obj (.text:XBAR_isBaseValid)
                  0000928b    00000012     board.obj (.text:EPWM_setTimeBaseCounter)
                  0000929d    00000012     board.obj (.text:SysCtl_setSyncOutputConfig)
                  000092af    00000011     board.obj (.text:EPWM_disablePhaseShiftLoad)
                  000092c0    00000010     board.obj (.text:CSA_OUT_init)
                  000092d0    00000010     driverlib.lib : sysctl.obj (.text:DCC_isBaseValid)
                  000092e0    00000010     device.obj (.text:Device_initGPIO)
                  000092f0    0000000f     board.obj (.text:Interrupt_register)
                  000092ff    0000000d     board.obj (.text:INTERRUPT_init)
                  0000930c    0000000d     driverlib.lib : interrupt.obj (.text:Interrupt_disableGlobal)
                  00009319    0000000d                   : interrupt.obj (.text:Interrupt_enableGlobal)
                  00009326    0000000d     device.obj (.text:SysCtl_setLowSpeedClock)
                  00009333    0000000d     rts2800_fpu32_eabi.lib : copy_zero_init.c.obj (.text:decompress:ZI:__TI_zero_init_nomemset)
                  00009340    0000000c     board.obj (.text:ASYSCTL_init)
                  0000934c    0000000c     board.obj (.text:SysCtl_enableExtADCSOCSource)
                  00009358    0000000c     rts2800_fpu32_eabi.lib : args_main.c.obj (.text)
                  00009364    0000000b     device.obj (.text:SysCtl_disableWatchdog)
                  0000936f    0000000b     driverlib.lib : sysctl.obj (.text:SysCtl_isMCDClockFailureDetected)
                  0000937a    0000000a                   : sysctl.obj (.text:ASysCtl_getExtROscStatus)
                  00009384    0000000a                   : interrupt.obj (.text:Interrupt_illegalOperationHandler)
                  0000938e    0000000a                   : interrupt.obj (.text:Interrupt_nmiHandler)
                  00009398    0000000a     board.obj (.text:SYNC_init)
                  000093a2    00000009     rts2800_fpu32_eabi.lib : _lock.c.obj (.text)
                  000093ab    00000008                            : copy_decompress_none.c.obj (.text:decompress:none)
                  000093b3    00000008     f280013x_codestartbranch.obj (.text)
                  000093bb    00000007     board.obj (.text:ASysCtl_disableTemperatureSensor)
                  000093c2    00000007     device.obj (.text:ASysCtl_lockVREG)
                  000093c9    00000007     driverlib.lib : sysctl.obj (.text:SysCtl_resetMCD)
                  000093d0    00000007     device.obj (.text:__error__)
                  000093d7    00000007     board.obj (.text:myINPUTXBARINPUT0_init)
                  000093de    00000006     empty_driverlib_main.obj (.text:Interrupt_clearACKGroup)
                  000093e4    00000004     device.obj (.text:SysCtl_deviceCal)
                  000093e8    00000003     board.obj (.text:EPWMXBAR_init)
                  000093eb    00000003     board.obj (.text:GPIO_init)
                  000093ee    00000003     board.obj (.text:INPUTXBAR_init)
                  000093f1    00000002     rts2800_fpu32_eabi.lib : pre_init.c.obj (.text)
                  000093f3    00000001     board.obj (.text:myEPWMXBAR0_init)
                  000093f4    00000001     rts2800_fpu32_eabi.lib : startup.c.obj (.text)

MODULE SUMMARY

       Module                         code   ro data   rw data
       ------                         ----   -------   -------
    .\
       empty_driverlib_main.obj       372    127       10     
    +--+------------------------------+------+---------+---------+
       Total:                         372    127       10     
                                                              
    .\device\
       device.obj                     284    19        0      
       f280013x_codestartbranch.obj   10     0         0      
    +--+------------------------------+------+---------+---------+
       Total:                         294    19        0      
                                                              
    .\syscfg\
       board.obj                      1329   193       0      
       c2000ware_libraries.obj        1      0         0      
    +--+------------------------------+------+---------+---------+
       Total:                         1330   193       0      
                                                              
    C:/ti/C2000Ware_6_00_01_00/driverlib/f280013x/driverlib/ccs/Debug/driverlib.lib
       sysctl.obj                     1388   155       0      
       gpio.obj                       481    155       0      
       interrupt.obj                  214    0         0      
    +--+------------------------------+------+---------+---------+
       Total:                         2083   310       0      
                                                              
    C:\ti\ccs2040\ccs\tools\compiler\ti-cgt-c2000_22.6.3.LTS\lib\rts2800_fpu32_eabi.lib
       fs_div28.asm.obj               136    0         0      
       exit.c.obj                     41     0         6      
       copy_decompress_lzss.c.obj     46     0         0      
       autoinit.c.obj                 43     0         0      
       memcpy.c.obj                   29     0         0      
       boot28.asm.obj                 23     0         0      
       _lock.c.obj                    9      0         4      
       copy_zero_init.c.obj           13     0         0      
       args_main.c.obj                12     0         0      
       copy_decompress_none.c.obj     8      0         0      
       pre_init.c.obj                 2      0         0      
       startup.c.obj                  1      0         0      
    +--+------------------------------+------+---------+---------+
       Total:                         363    0         10     
                                                              
       Stack:                         0      0         512    
       Linker Generated:              0      26        0      
    +--+------------------------------+------+---------+---------+
       Grand Total:                   4442   675       532    


LINKER GENERATED COPY TABLES

__TI_cinit_table @ 0000013e records: 2, size/record: 4, table size: 8
	.data: load addr=0000012c, load size=00000008 bytes, run addr=00008298, run size=0000000a bytes, compression=lzss
	.bss: load addr=0000013a, load size=00000004 bytes, run addr=0000828e, run size=0000000a bytes, compression=zero_init


LINKER GENERATED HANDLER TABLE

__TI_handler_table @ 00000134 records: 3, size/record: 2, table size: 6
	index: 0, handler: __TI_zero_init
	index: 1, handler: __TI_decompress_lzss
	index: 2, handler: __TI_decompress_none


GLOBAL DATA SYMBOLS: SORTED BY DATA PAGE

address     data page           name
--------    ----------------    ----
00000400      10 (00000400)     __stack

0000828e     20a (00008280)     dac_val
00008290     20a (00008280)     epwm0TZIntCount
00008292     20a (00008280)     epwm1TZIntCount
00008294     20a (00008280)     epwm2TZIntCount
00008296     20a (00008280)     g9
00008298     20a (00008280)     __TI_enable_exit_profile_output
0000829a     20a (00008280)     __TI_cleanup_ptr
0000829c     20a (00008280)     __TI_dtors_ptr
0000829e     20a (00008280)     _lock
000082a0     20a (00008280)     _unlock


GLOBAL SYMBOLS: SORTED ALPHABETICALLY BY Name 

page  address   name                             
----  -------   ----                             
0     00009340  ASYSCTL_init                     
0     00009252  Board_init                       
0     00008dd2  C$$EXIT                          
0     0000828d  C2000Ware_libraries_init         
0     000092c0  CSA_OUT_init                     
0     0000882e  Device_enableAllPeripherals      
0     00008953  Device_init                      
0     000092e0  Device_initGPIO                  
0     000093e8  EPWMXBAR_init                    
0     000085ae  EPWM_init                        
0     000093eb  GPIO_init                        
0     00008687  GPIO_setAnalogMode               
0     00008cc2  GPIO_setDirectionMode            
0     00008901  GPIO_setPadConfig                
0     00008bea  GPIO_setPinConfig                
0     00008c21  GPIO_setQualificationMode        
0     000093ee  INPUTXBAR_init                   
0     000092ff  INTERRUPT_init                   
0     00008c8f  INT_myEPWM2_TZ_ISR               
0     00009198  Interrupt_defaultHandler         
0     00008c58  Interrupt_enable                 
0     00009384  Interrupt_illegalOperationHandler
0     00008b73  Interrupt_initModule             
0     00008f8a  Interrupt_initVectorTable        
0     0000938e  Interrupt_nmiHandler             
0     000084cd  PinMux_init                      
0     00009398  SYNC_init                        
0     00000128  SysCtl_delay                     
0     0000889c  SysCtl_getClock                  
0     00009068  SysCtl_getLowSpeedClock          
0     000083e3  SysCtl_isPLLValid                
0     0000899b  SysCtl_selectOscSource           
0     000089e2  SysCtl_selectXTAL                
0     00008e22  SysCtl_selectXTALSingleEnded     
0     000082a2  SysCtl_setClock                  
0     0000013e  __TI_CINIT_Base                  
0     00000146  __TI_CINIT_Limit                 
0     00000146  __TI_CINIT_Warm                  
0     00000134  __TI_Handler_Table_Base          
0     0000013a  __TI_Handler_Table_Limit         
0     00000600  __TI_STACK_END                   
abs   00000200  __TI_STACK_SIZE                  
0     00008d7d  __TI_auto_init_nobinit_nopinit   
0     0000829a  __TI_cleanup_ptr                 
0     00008d21  __TI_decompress_lzss             
0     000093ab  __TI_decompress_none             
0     0000829c  __TI_dtors_ptr                   
0     00008298  __TI_enable_exit_profile_output  
abs   ffffffff  __TI_pprof_out_hndl              
abs   ffffffff  __TI_prof_data_size              
abs   ffffffff  __TI_prof_data_start             
0     00009333  __TI_zero_init_nomemset          
0     00008733  __c28xabi_divf                   
n/a   UNDEFED   __c_args__                       
0     000093d0  __error__                        
0     00000400  __stack                          
0     00009358  _args_main                       
0     0000913f  _c_int00                         
0     0000829e  _lock                            
0     000093aa  _nop                             
0     000093a6  _register_lock                   
0     000093a2  _register_unlock                 
0     000093f4  _system_post_cinit               
0     000093f1  _system_pre_init                 
0     000082a0  _unlock                          
0     00008dd2  abort                            
0     00000000  code_start                       
0     0000828e  dac_val                          
0     00008290  epwm0TZIntCount                  
0     00008292  epwm1TZIntCount                  
0     00008294  epwm2TZIntCount                  
0     00008dd4  exit                             
0     00008296  g9                               
0     00008d4f  main                             
0     00008fc5  memcpy                           
0     000093f3  myEPWMXBAR0_init                 
0     000093d7  myINPUTXBARINPUT0_init           


GLOBAL SYMBOLS: SORTED BY Symbol Address 

page  address   name                             
----  -------   ----                             
0     00000000  code_start                       
0     00000128  SysCtl_delay                     
0     00000134  __TI_Handler_Table_Base          
0     0000013a  __TI_Handler_Table_Limit         
0     0000013e  __TI_CINIT_Base                  
0     00000146  __TI_CINIT_Limit                 
0     00000146  __TI_CINIT_Warm                  
0     00000400  __stack                          
0     00000600  __TI_STACK_END                   
0     0000828d  C2000Ware_libraries_init         
0     0000828e  dac_val                          
0     00008290  epwm0TZIntCount                  
0     00008292  epwm1TZIntCount                  
0     00008294  epwm2TZIntCount                  
0     00008296  g9                               
0     00008298  __TI_enable_exit_profile_output  
0     0000829a  __TI_cleanup_ptr                 
0     0000829c  __TI_dtors_ptr                   
0     0000829e  _lock                            
0     000082a0  _unlock                          
0     000082a2  SysCtl_setClock                  
0     000083e3  SysCtl_isPLLValid                
0     000084cd  PinMux_init                      
0     000085ae  EPWM_init                        
0     00008687  GPIO_setAnalogMode               
0     00008733  __c28xabi_divf                   
0     0000882e  Device_enableAllPeripherals      
0     0000889c  SysCtl_getClock                  
0     00008901  GPIO_setPadConfig                
0     00008953  Device_init                      
0     0000899b  SysCtl_selectOscSource           
0     000089e2  SysCtl_selectXTAL                
0     00008b73  Interrupt_initModule             
0     00008bea  GPIO_setPinConfig                
0     00008c21  GPIO_setQualificationMode        
0     00008c58  Interrupt_enable                 
0     00008c8f  INT_myEPWM2_TZ_ISR               
0     00008cc2  GPIO_setDirectionMode            
0     00008d21  __TI_decompress_lzss             
0     00008d4f  main                             
0     00008d7d  __TI_auto_init_nobinit_nopinit   
0     00008dd2  C$$EXIT                          
0     00008dd2  abort                            
0     00008dd4  exit                             
0     00008e22  SysCtl_selectXTALSingleEnded     
0     00008f8a  Interrupt_initVectorTable        
0     00008fc5  memcpy                           
0     00009068  SysCtl_getLowSpeedClock          
0     0000913f  _c_int00                         
0     00009198  Interrupt_defaultHandler         
0     00009252  Board_init                       
0     000092c0  CSA_OUT_init                     
0     000092e0  Device_initGPIO                  
0     000092ff  INTERRUPT_init                   
0     00009333  __TI_zero_init_nomemset          
0     00009340  ASYSCTL_init                     
0     00009358  _args_main                       
0     00009384  Interrupt_illegalOperationHandler
0     0000938e  Interrupt_nmiHandler             
0     00009398  SYNC_init                        
0     000093a2  _register_unlock                 
0     000093a6  _register_lock                   
0     000093aa  _nop                             
0     000093ab  __TI_decompress_none             
0     000093d0  __error__                        
0     000093d7  myINPUTXBARINPUT0_init           
0     000093e8  EPWMXBAR_init                    
0     000093eb  GPIO_init                        
0     000093ee  INPUTXBAR_init                   
0     000093f1  _system_pre_init                 
0     000093f3  myEPWMXBAR0_init                 
0     000093f4  _system_post_cinit               
abs   00000200  __TI_STACK_SIZE                  
abs   ffffffff  __TI_pprof_out_hndl              
abs   ffffffff  __TI_prof_data_size              
abs   ffffffff  __TI_prof_data_start             
n/a   UNDEFED   __c_args__                       

[77 symbols]
