******************************************************************************
             TMS320C2000 Linker PC v22.6.3                     
******************************************************************************
>> Linked Wed Dec 24 16:50:08 2025

OUTPUT FILE NAME:   <empty_driverlib_project.out>
ENTRY POINT SYMBOL: "code_start"  address: 00000000


MEMORY CONFIGURATION

         name            origin    length      used     unused   attr    fill
----------------------  --------  ---------  --------  --------  ----  --------
  BEGIN                 00000000   00000002  00000002  00000000  RWIX
  BOOT_RSVD             00000002   00000126  00000000  00000126  RWIX
  RAMM0                 00000128   000002d8  0000001e  000002ba  RWIX
  RAMM1                 00000400   000003f8  00000200  000001f8  RWIX
  RAMLS0                00008000   00002000  000013f1  00000c0f  RWIX
  RAMLS1                0000a000   00001ff8  00000000  00001ff8  RWIX
  FLASH_BANK0_SEC_0_7   00080002   00001ffe  00000000  00001ffe  RWIX
  FLASH_BANK0_SEC_8_15  00082000   00002000  00000000  00002000  RWIX
  FLASH_BANK0_SEC_16_23 00084000   00002000  00000000  00002000  RWIX
  FLASH_BANK0_SEC_24_31 00086000   00002000  00000000  00002000  RWIX
  FLASH_BANK0_SEC_32_39 00088000   00002000  00000000  00002000  RWIX
  FLASH_BANK0_SEC_40_47 0008a000   00002000  00000000  00002000  RWIX
  FLASH_BANK0_SEC_48_55 0008c000   00002000  00000000  00002000  RWIX
  FLASH_BANK0_SEC_56_63 0008e000   00002000  00000000  00002000  RWIX
  FLASH_BANK0_SEC_64_71 00090000   00002000  00000000  00002000  RWIX
  FLASH_BANK0_SEC_72_79 00092000   00002000  00000000  00002000  RWIX
  FLASH_BANK0_SEC_80_87 00094000   00002000  00000000  00002000  RWIX
  FLASH_BANK0_SEC_88_95 00096000   00002000  00000000  00002000  RWIX
  FLASH_BANK0_SEC_96_10 00098000   00002000  00000000  00002000  RWIX
  FLASH_BANK0_SEC_104_1 0009a000   00002000  00000000  00002000  RWIX
  FLASH_BANK0_SEC_112_1 0009c000   00002000  00000000  00002000  RWIX
  FLASH_BANK0_SEC_120_1 0009e000   00001ff0  00000000  00001ff0  RWIX
  RESET                 003fffc0   00000002  00000000  00000002  RWIX


SECTION ALLOCATION MAP

 output                                  attributes/
section   page    origin      length       input sections
--------  ----  ----------  ----------   ----------------
codestart 
*          0    00000000    00000002     
                  00000000    00000002     f280013x_codestartbranch.obj (codestart)

.TI.ramfunc 
*          0    00000128    00000004     
                  00000128    00000004     driverlib.lib : sysctl.obj (.TI.ramfunc)

.cinit     0    0000012c    0000001a     
                  0000012c    00000008     (.cinit..data.load) [load image, compression = lzss]
                  00000134    00000006     (__TI_handler_table)
                  0000013a    00000004     (.cinit..bss.load) [load image, compression = zero_init]
                  0000013e    00000008     (__TI_cinit_table)

.reset     0    003fffc0    00000000     DSECT

.stack     0    00000400    00000200     UNINITIALIZED
                  00000400    00000200     --HOLE--

.bss       0    0000828d    00000001     UNINITIALIZED
                  0000828d    00000001     empty_driverlib_main.obj (.bss)

.init_array 
*          0    00000128    00000000     UNINITIALIZED

.const     0    00008000    0000028d     
                  00008000    000000c1     board.obj (.const:.string)
                  000080c1    00000001     --HOLE-- [fill = 0]
                  000080c2    0000009b     driverlib.lib : gpio.obj (.const:.string)
                  0000815d    00000001     --HOLE-- [fill = 0]
                  0000815e    0000009b                   : sysctl.obj (.const:.string)
                  000081f9    00000001     --HOLE-- [fill = 0]
                  000081fa    0000007f     empty_driverlib_main.obj (.const:.string)
                  00008279    00000001     --HOLE-- [fill = 0]
                  0000827a    00000013     device.obj (.const:.string)

.data      0    0000828e    0000000a     UNINITIALIZED
                  0000828e    00000006     rts2800_fpu32_eabi.lib : exit.c.obj (.data)
                  00008294    00000002                            : _lock.c.obj (.data:_lock)
                  00008296    00000002                            : _lock.c.obj (.data:_unlock)

.text      0    00008298    00001159     
                  00008298    00000141     driverlib.lib : sysctl.obj (.text:SysCtl_setClock)
                  000083d9    000000ea                   : sysctl.obj (.text:SysCtl_isPLLValid)
                  000084c3    000000e1     board.obj (.text:PinMux_init)
                  000085a4    000000df     board.obj (.text:EPWM_init)
                  00008683    000000ac     driverlib.lib : gpio.obj (.text:GPIO_setAnalogMode)
                  0000872f    00000088     rts2800_fpu32_eabi.lib : fs_div28.asm.obj (.text)
                  000087b7    00000073     driverlib.lib : sysctl.obj (.text:DCC_setCounterSeeds)
                  0000882a    0000006e     device.obj (.text:Device_enableAllPeripherals)
                  00008898    00000065     driverlib.lib : sysctl.obj (.text:SysCtl_getClock)
                  000088fd    00000052                   : gpio.obj (.text:GPIO_setPadConfig)
                  0000894f    00000048     device.obj (.text:Device_init)
                  00008997    00000047     driverlib.lib : sysctl.obj (.text:SysCtl_selectOscSource)
                  000089de    00000046                   : sysctl.obj (.text:SysCtl_selectXTAL)
                  00008a24    00000045                   : sysctl.obj (.text:SysCtl_pollX1Counter)
                  00008a69    00000044                   : gpio.obj (.text:GPIO_isPinValid)
                  00008aad    00000040     board.obj (.text:EPWM_setActionQualifierAction)
                  00008aed    0000003e     board.obj (.text:EPWM_setCounterCompareShadowLoadMode)
                  00008b2b    0000003d     driverlib.lib : interrupt.obj (.text:Interrupt_initModule)
                  00008b68    0000003a     board.obj (.text:EPWM_setActionQualifierShadowLoadMode)
                  00008ba2    00000037     driverlib.lib : gpio.obj (.text:GPIO_setPinConfig)
                  00008bd9    00000037                   : gpio.obj (.text:GPIO_setQualificationMode)
                  00008c10    00000037                   : interrupt.obj (.text:Interrupt_enable)
                  00008c47    00000034     empty_driverlib_main.obj (.text:INT_myEPWM0_TZ_ISR)
                  00008c7b    00000031     driverlib.lib : gpio.obj (.text:GPIO_setDirectionMode)
                  00008cac    0000002e     empty_driverlib_main.obj (.text:dacCode)
                  00008cda    0000002e     rts2800_fpu32_eabi.lib : copy_decompress_lzss.c.obj (.text:decompress:lzss)
                  00008d08    0000002c     board.obj (.text:EPWM_setActionQualifierContSWForceAction)
                  00008d34    0000002b     rts2800_fpu32_eabi.lib : autoinit.c.obj (.text:__TI_auto_init_nobinit_nopinit)
                  00008d5f    0000002a     board.obj (.text:XBAR_setInputPin)
                  00008d89    00000029     rts2800_fpu32_eabi.lib : exit.c.obj (.text)
                  00008db2    00000027     board.obj (.text:EPWM_isBaseValid)
                  00008dd9    00000027     empty_driverlib_main.obj (.text:EPWM_isBaseValid)
                  00008e00    00000027     empty_driverlib_main.obj (.text:main)
                  00008e27    00000025     driverlib.lib : sysctl.obj (.text:SysCtl_selectXTALSingleEnded)
                  00008e4c    00000024                   : sysctl.obj (.text:DCC_enableSingleShotMode)
                  00008e70    00000022     board.obj (.text:EPWM_setCounterCompareValue)
                  00008e92    00000022     board.obj (.text:EPWM_setTripZoneAction)
                  00008eb4    00000020     board.obj (.text:EPWM_enableTripZoneInterrupt)
                  00008ed4    0000001f     empty_driverlib_main.obj (.text:EPWM_clearTripZoneFlag)
                  00008ef3    0000001f     board.obj (.text:EPWM_setFallingEdgeDelayCountShadowLoadMode)
                  00008f12    0000001f     board.obj (.text:EPWM_setRisingEdgeDelayCountShadowLoadMode)
                  00008f31    0000001e     driverlib.lib : sysctl.obj (.text:DCC_setCounter0ClkSource)
                  00008f4f    0000001e                   : sysctl.obj (.text:DCC_setCounter1ClkSource)
                  00008f6d    0000001e     board.obj (.text:EPWM_setPhaseShift)
                  00008f8b    0000001e     driverlib.lib : interrupt.obj (.text:Interrupt_initVectorTable)
                  00008fa9    0000001d     empty_driverlib_main.obj (.text:CMPSS_setDACValueLow)
                  00008fc6    0000001d     rts2800_fpu32_eabi.lib : memcpy.c.obj (.text)
                  00008fe3    0000001c     board.obj (.text:EPWM_setClockPrescaler)
                  00008fff    0000001b     empty_driverlib_main.obj (.text:CMPSS_isBaseValid)
                  0000901a    0000001b     driverlib.lib : sysctl.obj (.text:SysCtl_setIntOSC2_Mode)
                  00009035    0000001a     board.obj (.text:ASysCtl_setAnalogReference1P65)
                  0000904f    0000001a     board.obj (.text:EPWM_disableActionQualifierShadowLoadMode)
                  00009069    0000001a     driverlib.lib : sysctl.obj (.text:SysCtl_getLowSpeedClock)
                  00009083    00000019                   : sysctl.obj (.text:SysCtl_setPLLSysClk)
                  0000909c    00000018     board.obj (.text:ASysCtl_setAnalogReferenceInternal)
                  000090b4    00000018     board.obj (.text:EPWM_disableFallingEdgeDelayCountShadowLoadMode)
                  000090cc    00000018     board.obj (.text:EPWM_disableRisingEdgeDelayCountShadowLoadMode)
                  000090e4    00000017     board.obj (.text:ASysCtl_enableCMPSSExternalDAC)
                  000090fb    00000017     device.obj (.text:SysCtl_enablePeripheral)
                  00009112    00000017     driverlib.lib : sysctl.obj (.text:SysCtl_enablePeripheral)
                  00009129    00000017     empty_driverlib_main.obj (.text:SysCtl_enablePeripheral)
                  00009140    00000017     rts2800_fpu32_eabi.lib : boot28.asm.obj (.text)
                  00009157    00000016     empty_driverlib_main.obj (.text:CMPSS_configDAC)
                  0000916d    00000016     driverlib.lib : sysctl.obj (.text:DCC_disableDoneSignal)
                  00009183    00000016     board.obj (.text:EPWM_enableTripZoneSignals)
                  00009199    00000016     driverlib.lib : interrupt.obj (.text:Interrupt_defaultHandler)
                  000091af    00000015                   : sysctl.obj (.text:DCC_clearDoneFlag)
                  000091c4    00000015                   : sysctl.obj (.text:DCC_clearErrorFlag)
                  000091d9    00000015                   : sysctl.obj (.text:DCC_disableErrorSignal)
                  000091ee    00000015     device.obj (.text:GPIO_unlockPortConfig)
                  00009203    00000014     driverlib.lib : sysctl.obj (.text:DCC_disableModule)
                  00009217    00000014                   : sysctl.obj (.text:DCC_enableModule)
                  0000922b    00000014     board.obj (.text:EPWM_setTimeBaseCounterMode)
                  0000923f    00000014     board.obj (.text:EPWM_setTimeBasePeriod)
                  00009253    00000013     empty_driverlib_main.obj (.text:CMPSS_enableModule)
                  00009266    00000013     board.obj (.text:XBAR_isBaseValid)
                  00009279    00000012     board.obj (.text:EPWM_setTimeBaseCounter)
                  0000928b    00000012     board.obj (.text:SysCtl_setSyncOutputConfig)
                  0000929d    00000011     board.obj (.text:Board_init)
                  000092ae    00000011     board.obj (.text:EPWM_disablePhaseShiftLoad)
                  000092bf    00000010     board.obj (.text:CSA_OUT_init)
                  000092cf    00000010     driverlib.lib : sysctl.obj (.text:DCC_isBaseValid)
                  000092df    00000010     device.obj (.text:Device_initGPIO)
                  000092ef    0000000f     board.obj (.text:Interrupt_register)
                  000092fe    0000000d     board.obj (.text:INTERRUPT_init)
                  0000930b    0000000d     driverlib.lib : interrupt.obj (.text:Interrupt_disableGlobal)
                  00009318    0000000d                   : interrupt.obj (.text:Interrupt_enableGlobal)
                  00009325    0000000d     device.obj (.text:SysCtl_setLowSpeedClock)
                  00009332    0000000d     rts2800_fpu32_eabi.lib : copy_zero_init.c.obj (.text:decompress:ZI:__TI_zero_init_nomemset)
                  0000933f    0000000c     board.obj (.text:ASYSCTL_init)
                  0000934b    0000000c     board.obj (.text:SysCtl_enableExtADCSOCSource)
                  00009357    0000000c     rts2800_fpu32_eabi.lib : args_main.c.obj (.text)
                  00009363    0000000b     device.obj (.text:SysCtl_disableWatchdog)
                  0000936e    0000000b     driverlib.lib : sysctl.obj (.text:SysCtl_isMCDClockFailureDetected)
                  00009379    0000000a                   : sysctl.obj (.text:ASysCtl_getExtROscStatus)
                  00009383    0000000a                   : interrupt.obj (.text:Interrupt_illegalOperationHandler)
                  0000938d    0000000a                   : interrupt.obj (.text:Interrupt_nmiHandler)
                  00009397    0000000a     board.obj (.text:SYNC_init)
                  000093a1    00000009     rts2800_fpu32_eabi.lib : _lock.c.obj (.text)
                  000093aa    00000008                            : copy_decompress_none.c.obj (.text:decompress:none)
                  000093b2    00000008     f280013x_codestartbranch.obj (.text)
                  000093ba    00000007     board.obj (.text:ASysCtl_disableTemperatureSensor)
                  000093c1    00000007     device.obj (.text:ASysCtl_lockVREG)
                  000093c8    00000007     driverlib.lib : sysctl.obj (.text:SysCtl_resetMCD)
                  000093cf    00000007     device.obj (.text:__error__)
                  000093d6    00000007     board.obj (.text:myINPUTXBARINPUT0_init)
                  000093dd    00000006     empty_driverlib_main.obj (.text:Interrupt_clearACKGroup)
                  000093e3    00000004     device.obj (.text:SysCtl_deviceCal)
                  000093e7    00000003     board.obj (.text:GPIO_init)
                  000093ea    00000003     board.obj (.text:INPUTXBAR_init)
                  000093ed    00000002     rts2800_fpu32_eabi.lib : pre_init.c.obj (.text)
                  000093ef    00000001     c2000ware_libraries.obj (.text:C2000Ware_libraries_init)
                  000093f0    00000001     rts2800_fpu32_eabi.lib : startup.c.obj (.text)

MODULE SUMMARY

       Module                         code   ro data   rw data
       ------                         ----   -------   -------
    .\
       empty_driverlib_main.obj       333    127       1      
    +--+------------------------------+------+---------+---------+
       Total:                         333    127       1      
                                                              
    .\device\
       device.obj                     284    19        0      
       f280013x_codestartbranch.obj   10     0         0      
    +--+------------------------------+------+---------+---------+
       Total:                         294    19        0      
                                                              
    .\syscfg\
       board.obj                      1373   193       0      
       c2000ware_libraries.obj        1      0         0      
    +--+------------------------------+------+---------+---------+
       Total:                         1374   193       0      
                                                              
    C:/ti/C2000Ware_6_00_01_00/driverlib/f280013x/driverlib/ccs/Debug/driverlib.lib
       sysctl.obj                     1388   155       0      
       gpio.obj                       481    155       0      
       interrupt.obj                  214    0         0      
    +--+------------------------------+------+---------+---------+
       Total:                         2083   310       0      
                                                              
    C:\ti\ccs2040\ccs\tools\compiler\ti-cgt-c2000_22.6.3.LTS\lib\rts2800_fpu32_eabi.lib
       fs_div28.asm.obj               136    0         0      
       exit.c.obj                     41     0         6      
       copy_decompress_lzss.c.obj     46     0         0      
       autoinit.c.obj                 43     0         0      
       memcpy.c.obj                   29     0         0      
       boot28.asm.obj                 23     0         0      
       _lock.c.obj                    9      0         4      
       copy_zero_init.c.obj           13     0         0      
       args_main.c.obj                12     0         0      
       copy_decompress_none.c.obj     8      0         0      
       pre_init.c.obj                 2      0         0      
       startup.c.obj                  1      0         0      
    +--+------------------------------+------+---------+---------+
       Total:                         363    0         10     
                                                              
       Stack:                         0      0         512    
       Linker Generated:              0      26        0      
    +--+------------------------------+------+---------+---------+
       Grand Total:                   4447   675       523    


LINKER GENERATED COPY TABLES

__TI_cinit_table @ 0000013e records: 2, size/record: 4, table size: 8
	.data: load addr=0000012c, load size=00000008 bytes, run addr=0000828e, run size=0000000a bytes, compression=lzss
	.bss: load addr=0000013a, load size=00000004 bytes, run addr=0000828d, run size=00000001 bytes, compression=zero_init


LINKER GENERATED HANDLER TABLE

__TI_handler_table @ 00000134 records: 3, size/record: 2, table size: 6
	index: 0, handler: __TI_zero_init
	index: 1, handler: __TI_decompress_lzss
	index: 2, handler: __TI_decompress_none


GLOBAL DATA SYMBOLS: SORTED BY DATA PAGE

address     data page           name
--------    ----------------    ----
00000400      10 (00000400)     __stack

0000828d     20a (00008280)     dac_val
0000828e     20a (00008280)     __TI_enable_exit_profile_output
00008290     20a (00008280)     __TI_cleanup_ptr
00008292     20a (00008280)     __TI_dtors_ptr
00008294     20a (00008280)     _lock
00008296     20a (00008280)     _unlock


GLOBAL SYMBOLS: SORTED ALPHABETICALLY BY Name 

page  address   name                             
----  -------   ----                             
0     0000933f  ASYSCTL_init                     
0     0000929d  Board_init                       
0     00008d89  C$$EXIT                          
0     000093ef  C2000Ware_libraries_init         
0     000092bf  CSA_OUT_init                     
0     0000882a  Device_enableAllPeripherals      
0     0000894f  Device_init                      
0     000092df  Device_initGPIO                  
0     000085a4  EPWM_init                        
0     000093e7  GPIO_init                        
0     00008683  GPIO_setAnalogMode               
0     00008c7b  GPIO_setDirectionMode            
0     000088fd  GPIO_setPadConfig                
0     00008ba2  GPIO_setPinConfig                
0     00008bd9  GPIO_setQualificationMode        
0     000093ea  INPUTXBAR_init                   
0     000092fe  INTERRUPT_init                   
0     00008c47  INT_myEPWM0_TZ_ISR               
0     00009199  Interrupt_defaultHandler         
0     00008c10  Interrupt_enable                 
0     00009383  Interrupt_illegalOperationHandler
0     00008b2b  Interrupt_initModule             
0     00008f8b  Interrupt_initVectorTable        
0     0000938d  Interrupt_nmiHandler             
0     000084c3  PinMux_init                      
0     00009397  SYNC_init                        
0     00000128  SysCtl_delay                     
0     00008898  SysCtl_getClock                  
0     00009069  SysCtl_getLowSpeedClock          
0     000083d9  SysCtl_isPLLValid                
0     00008997  SysCtl_selectOscSource           
0     000089de  SysCtl_selectXTAL                
0     00008e27  SysCtl_selectXTALSingleEnded     
0     00008298  SysCtl_setClock                  
0     0000013e  __TI_CINIT_Base                  
0     00000146  __TI_CINIT_Limit                 
0     00000146  __TI_CINIT_Warm                  
0     00000134  __TI_Handler_Table_Base          
0     0000013a  __TI_Handler_Table_Limit         
0     00000600  __TI_STACK_END                   
abs   00000200  __TI_STACK_SIZE                  
0     00008d34  __TI_auto_init_nobinit_nopinit   
0     00008290  __TI_cleanup_ptr                 
0     00008cda  __TI_decompress_lzss             
0     000093aa  __TI_decompress_none             
0     00008292  __TI_dtors_ptr                   
0     0000828e  __TI_enable_exit_profile_output  
abs   ffffffff  __TI_pprof_out_hndl              
abs   ffffffff  __TI_prof_data_size              
abs   ffffffff  __TI_prof_data_start             
0     00009332  __TI_zero_init_nomemset          
0     0000872f  __c28xabi_divf                   
n/a   UNDEFED   __c_args__                       
0     000093cf  __error__                        
0     00000400  __stack                          
0     00009357  _args_main                       
0     00009140  _c_int00                         
0     00008294  _lock                            
0     000093a9  _nop                             
0     000093a5  _register_lock                   
0     000093a1  _register_unlock                 
0     000093f0  _system_post_cinit               
0     000093ed  _system_pre_init                 
0     00008296  _unlock                          
0     00008d89  abort                            
0     00000000  code_start                       
0     0000828d  dac_val                          
0     00008d8b  exit                             
0     00008e00  main                             
0     00008fc6  memcpy                           
0     000093d6  myINPUTXBARINPUT0_init           


GLOBAL SYMBOLS: SORTED BY Symbol Address 

page  address   name                             
----  -------   ----                             
0     00000000  code_start                       
0     00000128  SysCtl_delay                     
0     00000134  __TI_Handler_Table_Base          
0     0000013a  __TI_Handler_Table_Limit         
0     0000013e  __TI_CINIT_Base                  
0     00000146  __TI_CINIT_Limit                 
0     00000146  __TI_CINIT_Warm                  
0     00000400  __stack                          
0     00000600  __TI_STACK_END                   
0     0000828d  dac_val                          
0     0000828e  __TI_enable_exit_profile_output  
0     00008290  __TI_cleanup_ptr                 
0     00008292  __TI_dtors_ptr                   
0     00008294  _lock                            
0     00008296  _unlock                          
0     00008298  SysCtl_setClock                  
0     000083d9  SysCtl_isPLLValid                
0     000084c3  PinMux_init                      
0     000085a4  EPWM_init                        
0     00008683  GPIO_setAnalogMode               
0     0000872f  __c28xabi_divf                   
0     0000882a  Device_enableAllPeripherals      
0     00008898  SysCtl_getClock                  
0     000088fd  GPIO_setPadConfig                
0     0000894f  Device_init                      
0     00008997  SysCtl_selectOscSource           
0     000089de  SysCtl_selectXTAL                
0     00008b2b  Interrupt_initModule             
0     00008ba2  GPIO_setPinConfig                
0     00008bd9  GPIO_setQualificationMode        
0     00008c10  Interrupt_enable                 
0     00008c47  INT_myEPWM0_TZ_ISR               
0     00008c7b  GPIO_setDirectionMode            
0     00008cda  __TI_decompress_lzss             
0     00008d34  __TI_auto_init_nobinit_nopinit   
0     00008d89  C$$EXIT                          
0     00008d89  abort                            
0     00008d8b  exit                             
0     00008e00  main                             
0     00008e27  SysCtl_selectXTALSingleEnded     
0     00008f8b  Interrupt_initVectorTable        
0     00008fc6  memcpy                           
0     00009069  SysCtl_getLowSpeedClock          
0     00009140  _c_int00                         
0     00009199  Interrupt_defaultHandler         
0     0000929d  Board_init                       
0     000092bf  CSA_OUT_init                     
0     000092df  Device_initGPIO                  
0     000092fe  INTERRUPT_init                   
0     00009332  __TI_zero_init_nomemset          
0     0000933f  ASYSCTL_init                     
0     00009357  _args_main                       
0     00009383  Interrupt_illegalOperationHandler
0     0000938d  Interrupt_nmiHandler             
0     00009397  SYNC_init                        
0     000093a1  _register_unlock                 
0     000093a5  _register_lock                   
0     000093a9  _nop                             
0     000093aa  __TI_decompress_none             
0     000093cf  __error__                        
0     000093d6  myINPUTXBARINPUT0_init           
0     000093e7  GPIO_init                        
0     000093ea  INPUTXBAR_init                   
0     000093ed  _system_pre_init                 
0     000093ef  C2000Ware_libraries_init         
0     000093f0  _system_post_cinit               
abs   00000200  __TI_STACK_SIZE                  
abs   ffffffff  __TI_pprof_out_hndl              
abs   ffffffff  __TI_prof_data_size              
abs   ffffffff  __TI_prof_data_start             
n/a   UNDEFED   __c_args__                       

[71 symbols]
