<?xml version="1.0" encoding="ISO-8859-1" ?>
<link_info>
   <banner>TMS320C2000 Linker PC v22.6.3.LTS</banner>
   <copyright>Copyright (c) 1996-2018 Texas Instruments Incorporated</copyright>
   <link_time>0x69842f91</link_time>
   <link_errors>0x0</link_errors>
   <output_file>empty_driverlib_project1.out</output_file>
   <entry_point>
      <name>code_start</name>
      <address>0x80000</address>
   </entry_point>
   <input_file_list>
      <input_file id="fl-2">
         <path>.\syscfg\</path>
         <kind>object</kind>
         <file>board.obj</file>
         <name>board.obj</name>
      </input_file>
      <input_file id="fl-3">
         <path>.\syscfg\</path>
         <kind>object</kind>
         <file>c2000ware_libraries.obj</file>
         <name>c2000ware_libraries.obj</name>
      </input_file>
      <input_file id="fl-4">
         <path>.\</path>
         <kind>object</kind>
         <file>empty_driverlib_main.obj</file>
         <name>empty_driverlib_main.obj</name>
      </input_file>
      <input_file id="fl-5">
         <path>.\device\</path>
         <kind>object</kind>
         <file>device.obj</file>
         <name>device.obj</name>
      </input_file>
      <input_file id="fl-6">
         <path>.\device\</path>
         <kind>object</kind>
         <file>f280013x_codestartbranch.obj</file>
         <name>f280013x_codestartbranch.obj</name>
      </input_file>
      <input_file id="fl-c">
         <kind>object</kind>
         <file>&lt;internal&gt;</file>
         <name>&lt;internal&gt;</name>
      </input_file>
      <input_file id="fl-d">
         <path>C:\ti\C2000Ware_6_00_01_00\driverlib\f280013x\driverlib\ccs\Debug\</path>
         <kind>archive</kind>
         <file>driverlib.lib</file>
         <name>flash.obj</name>
      </input_file>
      <input_file id="fl-e">
         <path>C:\ti\C2000Ware_6_00_01_00\driverlib\f280013x\driverlib\ccs\Debug\</path>
         <kind>archive</kind>
         <file>driverlib.lib</file>
         <name>gpio.obj</name>
      </input_file>
      <input_file id="fl-f">
         <path>C:\ti\C2000Ware_6_00_01_00\driverlib\f280013x\driverlib\ccs\Debug\</path>
         <kind>archive</kind>
         <file>driverlib.lib</file>
         <name>interrupt.obj</name>
      </input_file>
      <input_file id="fl-10">
         <path>C:\ti\C2000Ware_6_00_01_00\driverlib\f280013x\driverlib\ccs\Debug\</path>
         <kind>archive</kind>
         <file>driverlib.lib</file>
         <name>sysctl.obj</name>
      </input_file>
      <input_file id="fl-1c">
         <path>C:\ti\ccs2040\ccs\tools\compiler\ti-cgt-c2000_22.6.3.LTS\lib\</path>
         <kind>archive</kind>
         <file>rts2800_fpu32_eabi.lib</file>
         <name>boot28.asm.obj</name>
      </input_file>
      <input_file id="fl-1d">
         <path>C:\ti\ccs2040\ccs\tools\compiler\ti-cgt-c2000_22.6.3.LTS\lib\</path>
         <kind>archive</kind>
         <file>rts2800_fpu32_eabi.lib</file>
         <name>fs_div28.asm.obj</name>
      </input_file>
      <input_file id="fl-1e">
         <path>C:\ti\ccs2040\ccs\tools\compiler\ti-cgt-c2000_22.6.3.LTS\lib\</path>
         <kind>archive</kind>
         <file>rts2800_fpu32_eabi.lib</file>
         <name>memcpy.c.obj</name>
      </input_file>
      <input_file id="fl-1f">
         <path>C:\ti\ccs2040\ccs\tools\compiler\ti-cgt-c2000_22.6.3.LTS\lib\</path>
         <kind>archive</kind>
         <file>rts2800_fpu32_eabi.lib</file>
         <name>pre_init.c.obj</name>
      </input_file>
      <input_file id="fl-20">
         <path>C:\ti\ccs2040\ccs\tools\compiler\ti-cgt-c2000_22.6.3.LTS\lib\</path>
         <kind>archive</kind>
         <file>rts2800_fpu32_eabi.lib</file>
         <name>autoinit.c.obj</name>
      </input_file>
      <input_file id="fl-21">
         <path>C:\ti\ccs2040\ccs\tools\compiler\ti-cgt-c2000_22.6.3.LTS\lib\</path>
         <kind>archive</kind>
         <file>rts2800_fpu32_eabi.lib</file>
         <name>copy_zero_init.c.obj</name>
      </input_file>
      <input_file id="fl-22">
         <path>C:\ti\ccs2040\ccs\tools\compiler\ti-cgt-c2000_22.6.3.LTS\lib\</path>
         <kind>archive</kind>
         <file>rts2800_fpu32_eabi.lib</file>
         <name>copy_decompress_none.c.obj</name>
      </input_file>
      <input_file id="fl-23">
         <path>C:\ti\ccs2040\ccs\tools\compiler\ti-cgt-c2000_22.6.3.LTS\lib\</path>
         <kind>archive</kind>
         <file>rts2800_fpu32_eabi.lib</file>
         <name>copy_decompress_lzss.c.obj</name>
      </input_file>
      <input_file id="fl-24">
         <path>C:\ti\ccs2040\ccs\tools\compiler\ti-cgt-c2000_22.6.3.LTS\lib\</path>
         <kind>archive</kind>
         <file>rts2800_fpu32_eabi.lib</file>
         <name>exit.c.obj</name>
      </input_file>
      <input_file id="fl-25">
         <path>C:\ti\ccs2040\ccs\tools\compiler\ti-cgt-c2000_22.6.3.LTS\lib\</path>
         <kind>archive</kind>
         <file>rts2800_fpu32_eabi.lib</file>
         <name>_lock.c.obj</name>
      </input_file>
      <input_file id="fl-26">
         <path>C:\ti\ccs2040\ccs\tools\compiler\ti-cgt-c2000_22.6.3.LTS\lib\</path>
         <kind>archive</kind>
         <file>rts2800_fpu32_eabi.lib</file>
         <name>args_main.c.obj</name>
      </input_file>
      <input_file id="fl-27">
         <path>C:\ti\ccs2040\ccs\tools\compiler\ti-cgt-c2000_22.6.3.LTS\lib\</path>
         <kind>archive</kind>
         <file>rts2800_fpu32_eabi.lib</file>
         <name>memset.c.obj</name>
      </input_file>
      <input_file id="fl-28">
         <path>C:\ti\ccs2040\ccs\tools\compiler\ti-cgt-c2000_22.6.3.LTS\lib\</path>
         <kind>archive</kind>
         <file>rts2800_fpu32_eabi.lib</file>
         <name>cpy_tbl.c.obj</name>
      </input_file>
      <input_file id="fl-29">
         <path>C:\ti\ccs2040\ccs\tools\compiler\ti-cgt-c2000_22.6.3.LTS\lib\</path>
         <kind>archive</kind>
         <file>rts2800_fpu32_eabi.lib</file>
         <name>startup.c.obj</name>
      </input_file>
   </input_file_list>
   <object_component_list>
      <object_component id="oc-20">
         <name>codestart</name>
         <load_address>0x80000</load_address>
         <run_address>0x80000</run_address>
         <size>0x2</size>
         <input_file_ref idref="fl-6"/>
      </object_component>
      <object_component id="oc-19d">
         <name>.text:SysCtl_setClock</name>
         <load_address>0x82000</load_address>
         <run_address>0x82000</run_address>
         <size>0x141</size>
         <input_file_ref idref="fl-10"/>
      </object_component>
      <object_component id="oc-284">
         <name>.text:SysCtl_isPLLValid</name>
         <load_address>0x82141</load_address>
         <run_address>0x82141</run_address>
         <size>0xea</size>
         <input_file_ref idref="fl-10"/>
      </object_component>
      <object_component id="oc-1d8">
         <name>.text:PinMux_init</name>
         <load_address>0x8222b</load_address>
         <run_address>0x8222b</run_address>
         <size>0xe1</size>
         <input_file_ref idref="fl-2"/>
      </object_component>
      <object_component id="oc-1f0">
         <name>.text:EPWM_init</name>
         <load_address>0x8230c</load_address>
         <run_address>0x8230c</run_address>
         <size>0xd9</size>
         <input_file_ref idref="fl-2"/>
      </object_component>
      <object_component id="oc-1c8">
         <name>.text:GPIO_setAnalogMode</name>
         <load_address>0x823e5</load_address>
         <run_address>0x823e5</run_address>
         <size>0xac</size>
         <input_file_ref idref="fl-e"/>
      </object_component>
      <object_component id="oc-20f">
         <name>.text</name>
         <load_address>0x82491</load_address>
         <run_address>0x82491</run_address>
         <size>0x88</size>
         <input_file_ref idref="fl-1d"/>
      </object_component>
      <object_component id="oc-3af">
         <name>.text:DCC_setCounterSeeds</name>
         <load_address>0x82519</load_address>
         <run_address>0x82519</run_address>
         <size>0x73</size>
         <input_file_ref idref="fl-10"/>
      </object_component>
      <object_component id="oc-1bc">
         <name>.text:Device_enableAllPeripherals</name>
         <load_address>0x8258c</load_address>
         <run_address>0x8258c</run_address>
         <size>0x6e</size>
         <input_file_ref idref="fl-5"/>
      </object_component>
      <object_component id="oc-1a9">
         <name>.text:SysCtl_getClock</name>
         <load_address>0x825fa</load_address>
         <run_address>0x825fa</run_address>
         <size>0x65</size>
         <input_file_ref idref="fl-10"/>
      </object_component>
      <object_component id="oc-136">
         <name>.text:Device_init</name>
         <load_address>0x8265f</load_address>
         <run_address>0x8265f</run_address>
         <size>0x5b</size>
         <input_file_ref idref="fl-5"/>
      </object_component>
      <object_component id="oc-2a5">
         <name>.text:GPIO_setPadConfig</name>
         <load_address>0x826ba</load_address>
         <run_address>0x826ba</run_address>
         <size>0x52</size>
         <input_file_ref idref="fl-e"/>
      </object_component>
      <object_component id="oc-26b">
         <name>.text:SysCtl_selectOscSource</name>
         <load_address>0x8270c</load_address>
         <run_address>0x8270c</run_address>
         <size>0x47</size>
         <input_file_ref idref="fl-10"/>
      </object_component>
      <object_component id="oc-36f">
         <name>.text:SysCtl_selectXTAL</name>
         <load_address>0x82753</load_address>
         <run_address>0x82753</run_address>
         <size>0x46</size>
         <input_file_ref idref="fl-10"/>
      </object_component>
      <object_component id="oc-400">
         <name>.text:SysCtl_pollX1Counter</name>
         <load_address>0x82799</load_address>
         <run_address>0x82799</run_address>
         <size>0x45</size>
         <input_file_ref idref="fl-10"/>
      </object_component>
      <object_component id="oc-3ca">
         <name>.text:GPIO_isPinValid</name>
         <load_address>0x827de</load_address>
         <run_address>0x827de</run_address>
         <size>0x44</size>
         <input_file_ref idref="fl-e"/>
      </object_component>
      <object_component id="oc-216">
         <name>.text:GPIO_isPinValid</name>
         <load_address>0x82822</load_address>
         <run_address>0x82822</run_address>
         <size>0x44</size>
         <input_file_ref idref="fl-4"/>
      </object_component>
      <object_component id="oc-31b">
         <name>.text:EPWM_setActionQualifierAction</name>
         <load_address>0x82866</load_address>
         <run_address>0x82866</run_address>
         <size>0x40</size>
         <input_file_ref idref="fl-2"/>
      </object_component>
      <object_component id="oc-309">
         <name>.text:EPWM_setCounterCompareShadowLoadMode</name>
         <load_address>0x828a6</load_address>
         <run_address>0x828a6</run_address>
         <size>0x3e</size>
         <input_file_ref idref="fl-2"/>
      </object_component>
      <object_component id="oc-142">
         <name>.text:Interrupt_initModule</name>
         <load_address>0x828e4</load_address>
         <run_address>0x828e4</run_address>
         <size>0x3d</size>
         <input_file_ref idref="fl-f"/>
      </object_component>
      <object_component id="oc-315">
         <name>.text:EPWM_setActionQualifierShadowLoadMode</name>
         <load_address>0x82921</load_address>
         <run_address>0x82921</run_address>
         <size>0x3a</size>
         <input_file_ref idref="fl-2"/>
      </object_component>
      <object_component id="oc-29f">
         <name>.text:GPIO_setPinConfig</name>
         <load_address>0x8295b</load_address>
         <run_address>0x8295b</run_address>
         <size>0x37</size>
         <input_file_ref idref="fl-e"/>
      </object_component>
      <object_component id="oc-2ab">
         <name>.text:GPIO_setQualificationMode</name>
         <load_address>0x82992</load_address>
         <run_address>0x82992</run_address>
         <size>0x37</size>
         <input_file_ref idref="fl-e"/>
      </object_component>
      <object_component id="oc-7b">
         <name>.text:Interrupt_enable</name>
         <load_address>0x829c9</load_address>
         <run_address>0x829c9</run_address>
         <size>0x37</size>
         <input_file_ref idref="fl-f"/>
      </object_component>
      <object_component id="oc-2b">
         <name>.text:INT_myEPWM2_TZ_ISR</name>
         <load_address>0x82a00</load_address>
         <run_address>0x82a00</run_address>
         <size>0x33</size>
         <input_file_ref idref="fl-4"/>
      </object_component>
      <object_component id="oc-3f9">
         <name>.text:GPIO_setDirectionMode</name>
         <load_address>0x82a33</load_address>
         <run_address>0x82a33</run_address>
         <size>0x31</size>
         <input_file_ref idref="fl-e"/>
      </object_component>
      <object_component id="oc-166">
         <name>.text:dacCode</name>
         <load_address>0x82a64</load_address>
         <run_address>0x82a64</run_address>
         <size>0x2e</size>
         <input_file_ref idref="fl-4"/>
      </object_component>
      <object_component id="oc-13">
         <name>.text:decompress:lzss</name>
         <load_address>0x82a92</load_address>
         <run_address>0x82a92</run_address>
         <size>0x2e</size>
         <input_file_ref idref="fl-23"/>
      </object_component>
      <object_component id="oc-10e">
         <name>.text:main</name>
         <load_address>0x82ac0</load_address>
         <run_address>0x82ac0</run_address>
         <size>0x2e</size>
         <input_file_ref idref="fl-4"/>
      </object_component>
      <object_component id="oc-de">
         <name>.text:__TI_auto_init_nobinit_nopinit</name>
         <load_address>0x82aee</load_address>
         <run_address>0x82aee</run_address>
         <size>0x2b</size>
         <input_file_ref idref="fl-20"/>
      </object_component>
      <object_component id="oc-3d2">
         <name>.text:XBAR_setInputPin</name>
         <load_address>0x82b19</load_address>
         <run_address>0x82b19</run_address>
         <size>0x2a</size>
         <input_file_ref idref="fl-2"/>
      </object_component>
      <object_component id="oc-d0">
         <name>.text</name>
         <load_address>0x82b43</load_address>
         <run_address>0x82b43</run_address>
         <size>0x29</size>
         <input_file_ref idref="fl-24"/>
      </object_component>
      <object_component id="oc-3e0">
         <name>.text:EPWM_isBaseValid</name>
         <load_address>0x82b6c</load_address>
         <run_address>0x82b6c</run_address>
         <size>0x27</size>
         <input_file_ref idref="fl-2"/>
      </object_component>
      <object_component id="oc-375">
         <name>.text:SysCtl_selectXTALSingleEnded</name>
         <load_address>0x82b93</load_address>
         <run_address>0x82b93</run_address>
         <size>0x25</size>
         <input_file_ref idref="fl-10"/>
      </object_component>
      <object_component id="oc-3b5">
         <name>.text:DCC_enableSingleShotMode</name>
         <load_address>0x82bb8</load_address>
         <run_address>0x82bb8</run_address>
         <size>0x24</size>
         <input_file_ref idref="fl-10"/>
      </object_component>
      <object_component id="oc-172">
         <name>.text:GPIO_readPin</name>
         <load_address>0x82bdc</load_address>
         <run_address>0x82bdc</run_address>
         <size>0x23</size>
         <input_file_ref idref="fl-4"/>
      </object_component>
      <object_component id="oc-303">
         <name>.text:EPWM_setCounterCompareValue</name>
         <load_address>0x82bff</load_address>
         <run_address>0x82bff</run_address>
         <size>0x22</size>
         <input_file_ref idref="fl-2"/>
      </object_component>
      <object_component id="oc-339">
         <name>.text:EPWM_setTripZoneAction</name>
         <load_address>0x82c21</load_address>
         <run_address>0x82c21</run_address>
         <size>0x22</size>
         <input_file_ref idref="fl-2"/>
      </object_component>
      <object_component id="oc-345">
         <name>.text:EPWM_enableTripZoneInterrupt</name>
         <load_address>0x82c43</load_address>
         <run_address>0x82c43</run_address>
         <size>0x20</size>
         <input_file_ref idref="fl-2"/>
      </object_component>
      <object_component id="oc-32d">
         <name>.text:EPWM_setFallingEdgeDelayCountShadowLoadMode</name>
         <load_address>0x82c63</load_address>
         <run_address>0x82c63</run_address>
         <size>0x1f</size>
         <input_file_ref idref="fl-2"/>
      </object_component>
      <object_component id="oc-321">
         <name>.text:EPWM_setRisingEdgeDelayCountShadowLoadMode</name>
         <load_address>0x82c82</load_address>
         <run_address>0x82c82</run_address>
         <size>0x1f</size>
         <input_file_ref idref="fl-2"/>
      </object_component>
      <object_component id="oc-24a">
         <name>.text:Flash_writeTrims</name>
         <load_address>0x82ca1</load_address>
         <run_address>0x82ca1</run_address>
         <size>0x1f</size>
         <input_file_ref idref="fl-d"/>
      </object_component>
      <object_component id="oc-3a3">
         <name>.text:DCC_setCounter0ClkSource</name>
         <load_address>0x82cc0</load_address>
         <run_address>0x82cc0</run_address>
         <size>0x1e</size>
         <input_file_ref idref="fl-10"/>
      </object_component>
      <object_component id="oc-3a9">
         <name>.text:DCC_setCounter1ClkSource</name>
         <load_address>0x82cde</load_address>
         <run_address>0x82cde</run_address>
         <size>0x1e</size>
         <input_file_ref idref="fl-10"/>
      </object_component>
      <object_component id="oc-2fd">
         <name>.text:EPWM_setPhaseShift</name>
         <load_address>0x82cfc</load_address>
         <run_address>0x82cfc</run_address>
         <size>0x1e</size>
         <input_file_ref idref="fl-2"/>
      </object_component>
      <object_component id="oc-38">
         <name>.text:Interrupt_initVectorTable</name>
         <load_address>0x82d1a</load_address>
         <run_address>0x82d1a</run_address>
         <size>0x1e</size>
         <input_file_ref idref="fl-f"/>
      </object_component>
      <object_component id="oc-16c">
         <name>.text:CMPSS_setDACValueLow</name>
         <load_address>0x82d38</load_address>
         <run_address>0x82d38</run_address>
         <size>0x1d</size>
         <input_file_ref idref="fl-4"/>
      </object_component>
      <object_component id="oc-52">
         <name>.text</name>
         <load_address>0x82d55</load_address>
         <run_address>0x82d55</run_address>
         <size>0x1d</size>
         <input_file_ref idref="fl-1e"/>
      </object_component>
      <object_component id="oc-2df">
         <name>.text:EPWM_setClockPrescaler</name>
         <load_address>0x82d72</load_address>
         <run_address>0x82d72</run_address>
         <size>0x1c</size>
         <input_file_ref idref="fl-2"/>
      </object_component>
      <object_component id="oc-206">
         <name>.text:CMPSS_isBaseValid</name>
         <load_address>0x82d8e</load_address>
         <run_address>0x82d8e</run_address>
         <size>0x1b</size>
         <input_file_ref idref="fl-4"/>
      </object_component>
      <object_component id="oc-272">
         <name>.text:SysCtl_setIntOSC2_Mode</name>
         <load_address>0x82da9</load_address>
         <run_address>0x82da9</run_address>
         <size>0x1b</size>
         <input_file_ref idref="fl-10"/>
      </object_component>
      <object_component id="oc-2d2">
         <name>.text:ASysCtl_setAnalogReference1P65</name>
         <load_address>0x82dc4</load_address>
         <run_address>0x82dc4</run_address>
         <size>0x1a</size>
         <input_file_ref idref="fl-2"/>
      </object_component>
      <object_component id="oc-30f">
         <name>.text:EPWM_disableActionQualifierShadowLoadMode</name>
         <load_address>0x82dde</load_address>
         <run_address>0x82dde</run_address>
         <size>0x1a</size>
         <input_file_ref idref="fl-2"/>
      </object_component>
      <object_component id="oc-1b6">
         <name>.text:SysCtl_getLowSpeedClock</name>
         <load_address>0x82df8</load_address>
         <run_address>0x82df8</run_address>
         <size>0x1a</size>
         <input_file_ref idref="fl-10"/>
      </object_component>
      <object_component id="oc-27e">
         <name>.text:SysCtl_setPLLSysClk</name>
         <load_address>0x82e12</load_address>
         <run_address>0x82e12</run_address>
         <size>0x19</size>
         <input_file_ref idref="fl-10"/>
      </object_component>
      <object_component id="oc-2cc">
         <name>.text:ASysCtl_setAnalogReferenceInternal</name>
         <load_address>0x82e2b</load_address>
         <run_address>0x82e2b</run_address>
         <size>0x18</size>
         <input_file_ref idref="fl-2"/>
      </object_component>
      <object_component id="oc-333">
         <name>.text:EPWM_disableFallingEdgeDelayCountShadowLoadMode</name>
         <load_address>0x82e43</load_address>
         <run_address>0x82e43</run_address>
         <size>0x18</size>
         <input_file_ref idref="fl-2"/>
      </object_component>
      <object_component id="oc-327">
         <name>.text:EPWM_disableRisingEdgeDelayCountShadowLoadMode</name>
         <load_address>0x82e5b</load_address>
         <run_address>0x82e5b</run_address>
         <size>0x18</size>
         <input_file_ref idref="fl-2"/>
      </object_component>
      <object_component id="oc-2d8">
         <name>.text:ASysCtl_enableCMPSSExternalDAC</name>
         <load_address>0x82e73</load_address>
         <run_address>0x82e73</run_address>
         <size>0x17</size>
         <input_file_ref idref="fl-2"/>
      </object_component>
      <object_component id="oc-290">
         <name>.text:SysCtl_enablePeripheral</name>
         <load_address>0x82e8a</load_address>
         <run_address>0x82e8a</run_address>
         <size>0x17</size>
         <input_file_ref idref="fl-5"/>
      </object_component>
      <object_component id="oc-37f">
         <name>.text:SysCtl_enablePeripheral</name>
         <load_address>0x82ea1</load_address>
         <run_address>0x82ea1</run_address>
         <size>0x17</size>
         <input_file_ref idref="fl-10"/>
      </object_component>
      <object_component id="oc-154">
         <name>.text:SysCtl_enablePeripheral</name>
         <load_address>0x82eb8</load_address>
         <run_address>0x82eb8</run_address>
         <size>0x17</size>
         <input_file_ref idref="fl-4"/>
      </object_component>
      <object_component id="oc-9b">
         <name>.text</name>
         <load_address>0x82ecf</load_address>
         <run_address>0x82ecf</run_address>
         <size>0x17</size>
         <input_file_ref idref="fl-1c"/>
      </object_component>
      <object_component id="oc-160">
         <name>.text:CMPSS_configDAC</name>
         <load_address>0x82ee6</load_address>
         <run_address>0x82ee6</run_address>
         <size>0x16</size>
         <input_file_ref idref="fl-4"/>
      </object_component>
      <object_component id="oc-39d">
         <name>.text:DCC_disableDoneSignal</name>
         <load_address>0x82efc</load_address>
         <run_address>0x82efc</run_address>
         <size>0x16</size>
         <input_file_ref idref="fl-10"/>
      </object_component>
      <object_component id="oc-33f">
         <name>.text:EPWM_enableTripZoneSignals</name>
         <load_address>0x82f12</load_address>
         <run_address>0x82f12</run_address>
         <size>0x16</size>
         <input_file_ref idref="fl-2"/>
      </object_component>
      <object_component id="oc-37">
         <name>.text:Interrupt_defaultHandler</name>
         <load_address>0x82f28</load_address>
         <run_address>0x82f28</run_address>
         <size>0x16</size>
         <input_file_ref idref="fl-f"/>
      </object_component>
      <object_component id="oc-38b">
         <name>.text:DCC_clearDoneFlag</name>
         <load_address>0x82f3e</load_address>
         <run_address>0x82f3e</run_address>
         <size>0x15</size>
         <input_file_ref idref="fl-10"/>
      </object_component>
      <object_component id="oc-385">
         <name>.text:DCC_clearErrorFlag</name>
         <load_address>0x82f53</load_address>
         <run_address>0x82f53</run_address>
         <size>0x15</size>
         <input_file_ref idref="fl-10"/>
      </object_component>
      <object_component id="oc-397">
         <name>.text:DCC_disableErrorSignal</name>
         <load_address>0x82f68</load_address>
         <run_address>0x82f68</run_address>
         <size>0x15</size>
         <input_file_ref idref="fl-10"/>
      </object_component>
      <object_component id="oc-1d0">
         <name>.text:GPIO_unlockPortConfig</name>
         <load_address>0x82f7d</load_address>
         <run_address>0x82f7d</run_address>
         <size>0x15</size>
         <input_file_ref idref="fl-5"/>
      </object_component>
      <object_component id="oc-391">
         <name>.text:DCC_disableModule</name>
         <load_address>0x82f92</load_address>
         <run_address>0x82f92</run_address>
         <size>0x14</size>
         <input_file_ref idref="fl-10"/>
      </object_component>
      <object_component id="oc-3bb">
         <name>.text:DCC_enableModule</name>
         <load_address>0x82fa6</load_address>
         <run_address>0x82fa6</run_address>
         <size>0x14</size>
         <input_file_ref idref="fl-10"/>
      </object_component>
      <object_component id="oc-2f1">
         <name>.text:EPWM_setTimeBaseCounterMode</name>
         <load_address>0x82fba</load_address>
         <run_address>0x82fba</run_address>
         <size>0x14</size>
         <input_file_ref idref="fl-2"/>
      </object_component>
      <object_component id="oc-2e5">
         <name>.text:EPWM_setTimeBasePeriod</name>
         <load_address>0x82fce</load_address>
         <run_address>0x82fce</run_address>
         <size>0x14</size>
         <input_file_ref idref="fl-2"/>
      </object_component>
      <object_component id="oc-148">
         <name>.text:Board_init</name>
         <load_address>0x82fe2</load_address>
         <run_address>0x82fe2</run_address>
         <size>0x13</size>
         <input_file_ref idref="fl-2"/>
      </object_component>
      <object_component id="oc-15a">
         <name>.text:CMPSS_enableModule</name>
         <load_address>0x82ff5</load_address>
         <run_address>0x82ff5</run_address>
         <size>0x13</size>
         <input_file_ref idref="fl-4"/>
      </object_component>
      <object_component id="oc-420">
         <name>.text:XBAR_isBaseValid</name>
         <load_address>0x83008</load_address>
         <run_address>0x83008</run_address>
         <size>0x13</size>
         <input_file_ref idref="fl-2"/>
      </object_component>
      <object_component id="oc-2eb">
         <name>.text:EPWM_setTimeBaseCounter</name>
         <load_address>0x8301b</load_address>
         <run_address>0x8301b</run_address>
         <size>0x12</size>
         <input_file_ref idref="fl-2"/>
      </object_component>
      <object_component id="oc-2b9">
         <name>.text:SysCtl_setSyncOutputConfig</name>
         <load_address>0x8302d</load_address>
         <run_address>0x8302d</run_address>
         <size>0x12</size>
         <input_file_ref idref="fl-2"/>
      </object_component>
      <object_component id="oc-2f7">
         <name>.text:EPWM_disablePhaseShiftLoad</name>
         <load_address>0x8303f</load_address>
         <run_address>0x8303f</run_address>
         <size>0x11</size>
         <input_file_ref idref="fl-2"/>
      </object_component>
      <object_component id="oc-353">
         <name>.text:CSA_OUT_init</name>
         <load_address>0x83050</load_address>
         <run_address>0x83050</run_address>
         <size>0x10</size>
         <input_file_ref idref="fl-2"/>
      </object_component>
      <object_component id="oc-40f">
         <name>.text:DCC_isBaseValid</name>
         <load_address>0x83060</load_address>
         <run_address>0x83060</run_address>
         <size>0x10</size>
         <input_file_ref idref="fl-10"/>
      </object_component>
      <object_component id="oc-13c">
         <name>.text:Device_initGPIO</name>
         <load_address>0x83070</load_address>
         <run_address>0x83070</run_address>
         <size>0x10</size>
         <input_file_ref idref="fl-5"/>
      </object_component>
      <object_component id="oc-22b">
         <name>.text:Flash_isCtrlBaseValid</name>
         <load_address>0x83080</load_address>
         <run_address>0x83080</run_address>
         <size>0x10</size>
         <input_file_ref idref="fl-d"/>
      </object_component>
      <object_component id="oc-232">
         <name>.text:Flash_isECCBaseValid</name>
         <load_address>0x83090</load_address>
         <run_address>0x83090</run_address>
         <size>0x10</size>
         <input_file_ref idref="fl-d"/>
      </object_component>
      <object_component id="oc-75">
         <name>.text:Interrupt_register</name>
         <load_address>0x830a0</load_address>
         <run_address>0x830a0</run_address>
         <size>0xf</size>
         <input_file_ref idref="fl-2"/>
      </object_component>
      <object_component id="oc-2c">
         <name>.text:INTERRUPT_init</name>
         <load_address>0x830af</load_address>
         <run_address>0x830af</run_address>
         <size>0xd</size>
         <input_file_ref idref="fl-2"/>
      </object_component>
      <object_component id="oc-a5">
         <name>.text:Interrupt_disableGlobal</name>
         <load_address>0x830bc</load_address>
         <run_address>0x830bc</run_address>
         <size>0xd</size>
         <input_file_ref idref="fl-f"/>
      </object_component>
      <object_component id="oc-ab">
         <name>.text:Interrupt_enableGlobal</name>
         <load_address>0x830c9</load_address>
         <run_address>0x830c9</run_address>
         <size>0xd</size>
         <input_file_ref idref="fl-f"/>
      </object_component>
      <object_component id="oc-1a3">
         <name>.text:SysCtl_setLowSpeedClock</name>
         <load_address>0x830d6</load_address>
         <run_address>0x830d6</run_address>
         <size>0xd</size>
         <input_file_ref idref="fl-5"/>
      </object_component>
      <object_component id="oc-5a">
         <name>.text:decompress:ZI:__TI_zero_init_nomemset</name>
         <load_address>0x830e3</load_address>
         <run_address>0x830e3</run_address>
         <size>0xd</size>
         <input_file_ref idref="fl-21"/>
      </object_component>
      <object_component id="oc-1ea">
         <name>.text:ASYSCTL_init</name>
         <load_address>0x830f0</load_address>
         <run_address>0x830f0</run_address>
         <size>0xc</size>
         <input_file_ref idref="fl-2"/>
      </object_component>
      <object_component id="oc-2bf">
         <name>.text:SysCtl_enableExtADCSOCSource</name>
         <load_address>0x830fc</load_address>
         <run_address>0x830fc</run_address>
         <size>0xc</size>
         <input_file_ref idref="fl-2"/>
      </object_component>
      <object_component id="oc-ca">
         <name>.text</name>
         <load_address>0x83108</load_address>
         <run_address>0x83108</run_address>
         <size>0xc</size>
         <input_file_ref idref="fl-26"/>
      </object_component>
      <object_component id="oc-191">
         <name>.text:SysCtl_disableWatchdog</name>
         <load_address>0x83114</load_address>
         <run_address>0x83114</run_address>
         <size>0xb</size>
         <input_file_ref idref="fl-5"/>
      </object_component>
      <object_component id="oc-265">
         <name>.text:SysCtl_isMCDClockFailureDetected</name>
         <load_address>0x8311f</load_address>
         <run_address>0x8311f</run_address>
         <size>0xb</size>
         <input_file_ref idref="fl-10"/>
      </object_component>
      <object_component id="oc-278">
         <name>.text:ASysCtl_getExtROscStatus</name>
         <load_address>0x8312a</load_address>
         <run_address>0x8312a</run_address>
         <size>0xa</size>
         <input_file_ref idref="fl-10"/>
      </object_component>
      <object_component id="oc-43">
         <name>.text:Interrupt_illegalOperationHandler</name>
         <load_address>0x83134</load_address>
         <run_address>0x83134</run_address>
         <size>0xa</size>
         <input_file_ref idref="fl-f"/>
      </object_component>
      <object_component id="oc-49">
         <name>.text:Interrupt_nmiHandler</name>
         <load_address>0x8313e</load_address>
         <run_address>0x8313e</run_address>
         <size>0xa</size>
         <input_file_ref idref="fl-f"/>
      </object_component>
      <object_component id="oc-1e4">
         <name>.text:SYNC_init</name>
         <load_address>0x83148</load_address>
         <run_address>0x83148</run_address>
         <size>0xa</size>
         <input_file_ref idref="fl-2"/>
      </object_component>
      <object_component id="oc-17e">
         <name>.text</name>
         <load_address>0x83152</load_address>
         <run_address>0x83152</run_address>
         <size>0x9</size>
         <input_file_ref idref="fl-25"/>
      </object_component>
      <object_component id="oc-19">
         <name>.text:decompress:none</name>
         <load_address>0x8315b</load_address>
         <run_address>0x8315b</run_address>
         <size>0x8</size>
         <input_file_ref idref="fl-22"/>
      </object_component>
      <object_component id="oc-66">
         <name>.text</name>
         <load_address>0x83163</load_address>
         <run_address>0x83163</run_address>
         <size>0x8</size>
         <input_file_ref idref="fl-6"/>
      </object_component>
      <object_component id="oc-2c6">
         <name>.text:ASysCtl_disableTemperatureSensor</name>
         <load_address>0x8316b</load_address>
         <run_address>0x8316b</run_address>
         <size>0x7</size>
         <input_file_ref idref="fl-2"/>
      </object_component>
      <object_component id="oc-1c2">
         <name>.text:ASysCtl_lockVREG</name>
         <load_address>0x83172</load_address>
         <run_address>0x83172</run_address>
         <size>0x7</size>
         <input_file_ref idref="fl-5"/>
      </object_component>
      <object_component id="oc-406">
         <name>.text:SysCtl_resetMCD</name>
         <load_address>0x83179</load_address>
         <run_address>0x83179</run_address>
         <size>0x7</size>
         <input_file_ref idref="fl-10"/>
      </object_component>
      <object_component id="oc-1b0">
         <name>.text:__error__</name>
         <load_address>0x83180</load_address>
         <run_address>0x83180</run_address>
         <size>0x7</size>
         <input_file_ref idref="fl-5"/>
      </object_component>
      <object_component id="oc-2b2">
         <name>.text:myINPUTXBARINPUT0_init</name>
         <load_address>0x83187</load_address>
         <run_address>0x83187</run_address>
         <size>0x7</size>
         <input_file_ref idref="fl-2"/>
      </object_component>
      <object_component id="oc-6f">
         <name>.text:Interrupt_clearACKGroup</name>
         <load_address>0x8318e</load_address>
         <run_address>0x8318e</run_address>
         <size>0x6</size>
         <input_file_ref idref="fl-4"/>
      </object_component>
      <object_component id="oc-1f6">
         <name>.text:EPWMXBAR_init</name>
         <load_address>0x83194</load_address>
         <run_address>0x83194</run_address>
         <size>0x3</size>
         <input_file_ref idref="fl-2"/>
      </object_component>
      <object_component id="oc-1fc">
         <name>.text:GPIO_init</name>
         <load_address>0x83197</load_address>
         <run_address>0x83197</run_address>
         <size>0x3</size>
         <input_file_ref idref="fl-2"/>
      </object_component>
      <object_component id="oc-1de">
         <name>.text:INPUTXBAR_init</name>
         <load_address>0x8319a</load_address>
         <run_address>0x8319a</run_address>
         <size>0x3</size>
         <input_file_ref idref="fl-2"/>
      </object_component>
      <object_component id="oc-c3">
         <name>.text</name>
         <load_address>0x8319d</load_address>
         <run_address>0x8319d</run_address>
         <size>0x2</size>
         <input_file_ref idref="fl-1f"/>
      </object_component>
      <object_component id="oc-14e">
         <name>.text:C2000Ware_libraries_init</name>
         <load_address>0x8319f</load_address>
         <run_address>0x8319f</run_address>
         <size>0x1</size>
         <input_file_ref idref="fl-3"/>
      </object_component>
      <object_component id="oc-34c">
         <name>.text:myEPWMXBAR0_init</name>
         <load_address>0x831a0</load_address>
         <run_address>0x831a0</run_address>
         <size>0x1</size>
         <input_file_ref idref="fl-2"/>
      </object_component>
      <object_component id="oc-121">
         <name>.text</name>
         <load_address>0x831a1</load_address>
         <run_address>0x831a1</run_address>
         <size>0x1</size>
         <input_file_ref idref="fl-29"/>
      </object_component>
      <object_component id="oc-456">
         <name>.cinit..data.load</name>
         <load_address>0x800f8</load_address>
         <run_address>0x800f8</run_address>
         <size>0x9</size>
      </object_component>
      <object_component id="oc-453">
         <name>__TI_handler_table</name>
         <load_address>0x80102</load_address>
         <run_address>0x80102</run_address>
         <size>0x6</size>
      </object_component>
      <object_component id="oc-455">
         <name>.cinit..bss.load</name>
         <load_address>0x80108</load_address>
         <run_address>0x80108</run_address>
         <size>0x4</size>
      </object_component>
      <object_component id="oc-454">
         <name>__TI_cinit_table</name>
         <load_address>0x8010c</load_address>
         <run_address>0x8010c</run_address>
         <size>0x8</size>
      </object_component>
      <object_component id="oc-4f">
         <name>.stack</name>
         <uninitialized>true</uninitialized>
         <run_address>0x400</run_address>
         <size>0x0</size>
         <input_file_ref idref="fl-1c"/>
      </object_component>
      <object_component id="oc-457">
         <name>.stack</name>
         <uninitialized>true</uninitialized>
         <run_address>0x400</run_address>
         <size>0x0</size>
      </object_component>
      <object_component id="oc-6c">
         <name>.bss</name>
         <uninitialized>true</uninitialized>
         <run_address>0x80ea</run_address>
         <size>0xa</size>
         <input_file_ref idref="fl-4"/>
      </object_component>
      <object_component id="oc-3dc">
         <name>.const:.string</name>
         <load_address>0x88000</load_address>
         <run_address>0x88000</run_address>
         <size>0xc1</size>
         <input_file_ref idref="fl-2"/>
      </object_component>
      <object_component id="oc-231">
         <name>.const:.string</name>
         <load_address>0x880c2</load_address>
         <run_address>0x880c2</run_address>
         <size>0x9c</size>
         <input_file_ref idref="fl-d"/>
      </object_component>
      <object_component id="oc-298">
         <name>.const:.string</name>
         <load_address>0x8815e</load_address>
         <run_address>0x8815e</run_address>
         <size>0x9b</size>
         <input_file_ref idref="fl-e"/>
      </object_component>
      <object_component id="oc-264">
         <name>.const:.string</name>
         <load_address>0x881fa</load_address>
         <run_address>0x881fa</run_address>
         <size>0x9b</size>
         <input_file_ref idref="fl-10"/>
      </object_component>
      <object_component id="oc-20c">
         <name>.const:.string</name>
         <load_address>0x88296</load_address>
         <run_address>0x88296</run_address>
         <size>0x7f</size>
         <input_file_ref idref="fl-4"/>
      </object_component>
      <object_component id="oc-1af">
         <name>.const:.string</name>
         <load_address>0x88316</load_address>
         <run_address>0x88316</run_address>
         <size>0x13</size>
         <input_file_ref idref="fl-5"/>
      </object_component>
      <object_component id="oc-116">
         <name>.data</name>
         <load_address>0x80f4</load_address>
         <run_address>0x80f4</run_address>
         <size>0x6</size>
         <input_file_ref idref="fl-24"/>
      </object_component>
      <object_component id="oc-119">
         <name>.data:_lock</name>
         <load_address>0x80fa</load_address>
         <run_address>0x80fa</run_address>
         <size>0x2</size>
         <input_file_ref idref="fl-25"/>
      </object_component>
      <object_component id="oc-21d">
         <name>.data:_unlock</name>
         <load_address>0x80fc</load_address>
         <run_address>0x80fc</run_address>
         <size>0x2</size>
         <input_file_ref idref="fl-25"/>
      </object_component>
      <object_component id="oc-197">
         <name>.TI.ramfunc:Flash_initModule</name>
         <load_address>0x80008</load_address>
         <run_address>0x8000</run_address>
         <size>0x51</size>
         <input_file_ref idref="fl-d"/>
      </object_component>
      <object_component id="oc-244">
         <name>.TI.ramfunc:Flash_setWaitstates</name>
         <load_address>0x80059</load_address>
         <run_address>0x8051</run_address>
         <size>0x22</size>
         <input_file_ref idref="fl-d"/>
      </object_component>
      <object_component id="oc-238">
         <name>.TI.ramfunc:Flash_disableCache</name>
         <load_address>0x8007b</load_address>
         <run_address>0x8073</run_address>
         <size>0x18</size>
         <input_file_ref idref="fl-d"/>
      </object_component>
      <object_component id="oc-23e">
         <name>.TI.ramfunc:Flash_disablePrefetch</name>
         <load_address>0x80093</load_address>
         <run_address>0x808b</run_address>
         <size>0x18</size>
         <input_file_ref idref="fl-d"/>
      </object_component>
      <object_component id="oc-250">
         <name>.TI.ramfunc:Flash_enableCache</name>
         <load_address>0x800ab</load_address>
         <run_address>0x80a3</run_address>
         <size>0x17</size>
         <input_file_ref idref="fl-d"/>
      </object_component>
      <object_component id="oc-25c">
         <name>.TI.ramfunc:Flash_enableECC</name>
         <load_address>0x800c2</load_address>
         <run_address>0x80ba</run_address>
         <size>0x16</size>
         <input_file_ref idref="fl-d"/>
      </object_component>
      <object_component id="oc-256">
         <name>.TI.ramfunc:Flash_enablePrefetch</name>
         <load_address>0x800d8</load_address>
         <run_address>0x80d0</run_address>
         <size>0x16</size>
         <input_file_ref idref="fl-d"/>
      </object_component>
      <object_component id="oc-271">
         <name>.TI.ramfunc</name>
         <load_address>0x800ee</load_address>
         <run_address>0x80e6</run_address>
         <size>0x4</size>
         <input_file_ref idref="fl-10"/>
      </object_component>
      <object_component id="oc-82">
         <name>.debug_types</name>
         <load_address>0x0</load_address>
         <run_address>0x0</run_address>
         <size>0x19a5</size>
         <input_file_ref idref="fl-2"/>
      </object_component>
      <object_component id="oc-204">
         <name>.debug_types</name>
         <load_address>0x0</load_address>
         <run_address>0x0</run_address>
         <size>0x0</size>
         <input_file_ref idref="fl-3"/>
      </object_component>
      <object_component id="oc-84">
         <name>.debug_types</name>
         <load_address>0x19a5</load_address>
         <run_address>0x19a5</run_address>
         <size>0x465</size>
         <input_file_ref idref="fl-4"/>
      </object_component>
      <object_component id="oc-1cf">
         <name>.debug_types</name>
         <load_address>0x1e0a</load_address>
         <run_address>0x1e0a</run_address>
         <size>0x201</size>
         <input_file_ref idref="fl-5"/>
      </object_component>
      <object_component id="oc-263">
         <name>.debug_types</name>
         <load_address>0x200b</load_address>
         <run_address>0x200b</run_address>
         <size>0x6e</size>
         <input_file_ref idref="fl-d"/>
      </object_component>
      <object_component id="oc-29a">
         <name>.debug_types</name>
         <load_address>0x2079</load_address>
         <run_address>0x2079</run_address>
         <size>0xd0</size>
         <input_file_ref idref="fl-e"/>
      </object_component>
      <object_component id="oc-86">
         <name>.debug_types</name>
         <load_address>0x0</load_address>
         <run_address>0x0</run_address>
         <size>0x0</size>
         <input_file_ref idref="fl-f"/>
      </object_component>
      <object_component id="oc-28b">
         <name>.debug_types</name>
         <load_address>0x2149</load_address>
         <run_address>0x2149</run_address>
         <size>0xb10</size>
         <input_file_ref idref="fl-10"/>
      </object_component>
      <object_component id="oc-8e">
         <name>.debug_types</name>
         <load_address>0x2c59</load_address>
         <run_address>0x2c59</run_address>
         <size>0x142</size>
         <input_file_ref idref="fl-1e"/>
      </object_component>
      <object_component id="oc-dd">
         <name>.debug_types</name>
         <load_address>0x0</load_address>
         <run_address>0x0</run_address>
         <size>0x0</size>
         <input_file_ref idref="fl-1f"/>
      </object_component>
      <object_component id="oc-128">
         <name>.debug_types</name>
         <load_address>0x2d9b</load_address>
         <run_address>0x2d9b</run_address>
         <size>0x470</size>
         <input_file_ref idref="fl-20"/>
      </object_component>
      <object_component id="oc-93">
         <name>.debug_types</name>
         <load_address>0x320b</load_address>
         <run_address>0x320b</run_address>
         <size>0x194</size>
         <input_file_ref idref="fl-21"/>
      </object_component>
      <object_component id="oc-59">
         <name>.debug_types</name>
         <load_address>0x0</load_address>
         <run_address>0x0</run_address>
         <size>0x0</size>
         <input_file_ref idref="fl-22"/>
      </object_component>
      <object_component id="oc-51">
         <name>.debug_types</name>
         <load_address>0x339f</load_address>
         <run_address>0x339f</run_address>
         <size>0x191</size>
         <input_file_ref idref="fl-23"/>
      </object_component>
      <object_component id="oc-11d">
         <name>.debug_types</name>
         <load_address>0x3530</load_address>
         <run_address>0x3530</run_address>
         <size>0xbf</size>
         <input_file_ref idref="fl-24"/>
      </object_component>
      <object_component id="oc-186">
         <name>.debug_types</name>
         <load_address>0x35ef</load_address>
         <run_address>0x35ef</run_address>
         <size>0x2f</size>
         <input_file_ref idref="fl-25"/>
      </object_component>
      <object_component id="oc-115">
         <name>.debug_types</name>
         <load_address>0x361e</load_address>
         <run_address>0x361e</run_address>
         <size>0xe1</size>
         <input_file_ref idref="fl-26"/>
      </object_component>
      <object_component id="oc-18b">
         <name>.debug_types</name>
         <load_address>0x0</load_address>
         <run_address>0x0</run_address>
         <size>0x0</size>
         <input_file_ref idref="fl-29"/>
      </object_component>
      <object_component id="oc-2c7">
         <name>.debug_info</name>
         <load_address>0x0</load_address>
         <run_address>0x0</run_address>
         <size>0x177</size>
         <input_file_ref idref="fl-2"/>
      </object_component>
      <object_component id="oc-2cd">
         <name>.debug_info</name>
         <load_address>0x177</load_address>
         <run_address>0x177</run_address>
         <size>0x1b5</size>
         <input_file_ref idref="fl-2"/>
      </object_component>
      <object_component id="oc-2d4">
         <name>.debug_info</name>
         <load_address>0x32c</load_address>
         <run_address>0x32c</run_address>
         <size>0x1af</size>
         <input_file_ref idref="fl-2"/>
      </object_component>
      <object_component id="oc-2d9">
         <name>.debug_info</name>
         <load_address>0x4db</load_address>
         <run_address>0x4db</run_address>
         <size>0x1a9</size>
         <input_file_ref idref="fl-2"/>
      </object_component>
      <object_component id="oc-76">
         <name>.debug_info</name>
         <load_address>0x684</load_address>
         <run_address>0x684</run_address>
         <size>0x1d0</size>
         <input_file_ref idref="fl-2"/>
      </object_component>
      <object_component id="oc-2bb">
         <name>.debug_info</name>
         <load_address>0x854</load_address>
         <run_address>0x854</run_address>
         <size>0x193</size>
         <input_file_ref idref="fl-2"/>
      </object_component>
      <object_component id="oc-2c0">
         <name>.debug_info</name>
         <load_address>0x9e7</load_address>
         <run_address>0x9e7</run_address>
         <size>0x19b</size>
         <input_file_ref idref="fl-2"/>
      </object_component>
      <object_component id="oc-3e2">
         <name>.debug_info</name>
         <load_address>0xb82</load_address>
         <run_address>0xb82</run_address>
         <size>0x17f</size>
         <input_file_ref idref="fl-2"/>
      </object_component>
      <object_component id="oc-2ec">
         <name>.debug_info</name>
         <load_address>0xd01</load_address>
         <run_address>0xd01</run_address>
         <size>0x1cd</size>
         <input_file_ref idref="fl-2"/>
      </object_component>
      <object_component id="oc-2e0">
         <name>.debug_info</name>
         <load_address>0xece</load_address>
         <run_address>0xece</run_address>
         <size>0x210</size>
         <input_file_ref idref="fl-2"/>
      </object_component>
      <object_component id="oc-2f8">
         <name>.debug_info</name>
         <load_address>0x10de</load_address>
         <run_address>0x10de</run_address>
         <size>0x1b0</size>
         <input_file_ref idref="fl-2"/>
      </object_component>
      <object_component id="oc-2f2">
         <name>.debug_info</name>
         <load_address>0x128e</load_address>
         <run_address>0x128e</run_address>
         <size>0x1e1</size>
         <input_file_ref idref="fl-2"/>
      </object_component>
      <object_component id="oc-2ff">
         <name>.debug_info</name>
         <load_address>0x146f</load_address>
         <run_address>0x146f</run_address>
         <size>0x1cd</size>
         <input_file_ref idref="fl-2"/>
      </object_component>
      <object_component id="oc-2e7">
         <name>.debug_info</name>
         <load_address>0x163c</load_address>
         <run_address>0x163c</run_address>
         <size>0x1d7</size>
         <input_file_ref idref="fl-2"/>
      </object_component>
      <object_component id="oc-30a">
         <name>.debug_info</name>
         <load_address>0x1813</load_address>
         <run_address>0x1813</run_address>
         <size>0x288</size>
         <input_file_ref idref="fl-2"/>
      </object_component>
      <object_component id="oc-304">
         <name>.debug_info</name>
         <load_address>0x1a9b</load_address>
         <run_address>0x1a9b</run_address>
         <size>0x225</size>
         <input_file_ref idref="fl-2"/>
      </object_component>
      <object_component id="oc-316">
         <name>.debug_info</name>
         <load_address>0x1cc0</load_address>
         <run_address>0x1cc0</run_address>
         <size>0x250</size>
         <input_file_ref idref="fl-2"/>
      </object_component>
      <object_component id="oc-310">
         <name>.debug_info</name>
         <load_address>0x1f10</load_address>
         <run_address>0x1f10</run_address>
         <size>0x214</size>
         <input_file_ref idref="fl-2"/>
      </object_component>
      <object_component id="oc-31c">
         <name>.debug_info</name>
         <load_address>0x2124</load_address>
         <run_address>0x2124</run_address>
         <size>0x251</size>
         <input_file_ref idref="fl-2"/>
      </object_component>
      <object_component id="oc-323">
         <name>.debug_info</name>
         <load_address>0x2375</load_address>
         <run_address>0x2375</run_address>
         <size>0x1f9</size>
         <input_file_ref idref="fl-2"/>
      </object_component>
      <object_component id="oc-329">
         <name>.debug_info</name>
         <load_address>0x256e</load_address>
         <run_address>0x256e</run_address>
         <size>0x1d8</size>
         <input_file_ref idref="fl-2"/>
      </object_component>
      <object_component id="oc-32e">
         <name>.debug_info</name>
         <load_address>0x2746</load_address>
         <run_address>0x2746</run_address>
         <size>0x1fb</size>
         <input_file_ref idref="fl-2"/>
      </object_component>
      <object_component id="oc-334">
         <name>.debug_info</name>
         <load_address>0x2941</load_address>
         <run_address>0x2941</run_address>
         <size>0x1da</size>
         <input_file_ref idref="fl-2"/>
      </object_component>
      <object_component id="oc-340">
         <name>.debug_info</name>
         <load_address>0x2b1b</load_address>
         <run_address>0x2b1b</run_address>
         <size>0x1d9</size>
         <input_file_ref idref="fl-2"/>
      </object_component>
      <object_component id="oc-33a">
         <name>.debug_info</name>
         <load_address>0x2cf4</load_address>
         <run_address>0x2cf4</run_address>
         <size>0x1f8</size>
         <input_file_ref idref="fl-2"/>
      </object_component>
      <object_component id="oc-346">
         <name>.debug_info</name>
         <load_address>0x2eec</load_address>
         <run_address>0x2eec</run_address>
         <size>0x1f2</size>
         <input_file_ref idref="fl-2"/>
      </object_component>
      <object_component id="oc-421">
         <name>.debug_info</name>
         <load_address>0x30de</load_address>
         <run_address>0x30de</run_address>
         <size>0x17f</size>
         <input_file_ref idref="fl-2"/>
      </object_component>
      <object_component id="oc-3d3">
         <name>.debug_info</name>
         <load_address>0x325d</load_address>
         <run_address>0x325d</run_address>
         <size>0x1ed</size>
         <input_file_ref idref="fl-2"/>
      </object_component>
      <object_component id="oc-149">
         <name>.debug_info</name>
         <load_address>0x344a</load_address>
         <run_address>0x344a</run_address>
         <size>0x1a3</size>
         <input_file_ref idref="fl-2"/>
      </object_component>
      <object_component id="oc-1d9">
         <name>.debug_info</name>
         <load_address>0x35ed</load_address>
         <run_address>0x35ed</run_address>
         <size>0x5a6</size>
         <input_file_ref idref="fl-2"/>
      </object_component>
      <object_component id="oc-1eb">
         <name>.debug_info</name>
         <load_address>0x3b93</load_address>
         <run_address>0x3b93</run_address>
         <size>0x1b2</size>
         <input_file_ref idref="fl-2"/>
      </object_component>
      <object_component id="oc-1f1">
         <name>.debug_info</name>
         <load_address>0x3d45</load_address>
         <run_address>0x3d45</run_address>
         <size>0x5f6</size>
         <input_file_ref idref="fl-2"/>
      </object_component>
      <object_component id="oc-1f7">
         <name>.debug_info</name>
         <load_address>0x433b</load_address>
         <run_address>0x433b</run_address>
         <size>0x134</size>
         <input_file_ref idref="fl-2"/>
      </object_component>
      <object_component id="oc-34d">
         <name>.debug_info</name>
         <load_address>0x446f</load_address>
         <run_address>0x446f</run_address>
         <size>0x125</size>
         <input_file_ref idref="fl-2"/>
      </object_component>
      <object_component id="oc-1fd">
         <name>.debug_info</name>
         <load_address>0x4594</load_address>
         <run_address>0x4594</run_address>
         <size>0x12a</size>
         <input_file_ref idref="fl-2"/>
      </object_component>
      <object_component id="oc-354">
         <name>.debug_info</name>
         <load_address>0x46be</load_address>
         <run_address>0x46be</run_address>
         <size>0x16f</size>
         <input_file_ref idref="fl-2"/>
      </object_component>
      <object_component id="oc-1df">
         <name>.debug_info</name>
         <load_address>0x482d</load_address>
         <run_address>0x482d</run_address>
         <size>0x13e</size>
         <input_file_ref idref="fl-2"/>
      </object_component>
      <object_component id="oc-2b3">
         <name>.debug_info</name>
         <load_address>0x496b</load_address>
         <run_address>0x496b</run_address>
         <size>0x148</size>
         <input_file_ref idref="fl-2"/>
      </object_component>
      <object_component id="oc-2d">
         <name>.debug_info</name>
         <load_address>0x4ab3</load_address>
         <run_address>0x4ab3</run_address>
         <size>0x150</size>
         <input_file_ref idref="fl-2"/>
      </object_component>
      <object_component id="oc-1e5">
         <name>.debug_info</name>
         <load_address>0x4c03</load_address>
         <run_address>0x4c03</run_address>
         <size>0x17c</size>
         <input_file_ref idref="fl-2"/>
      </object_component>
      <object_component id="oc-150">
         <name>.debug_info</name>
         <load_address>0x4d7f</load_address>
         <run_address>0x4d7f</run_address>
         <size>0x150</size>
         <input_file_ref idref="fl-3"/>
      </object_component>
      <object_component id="oc-6d">
         <name>.debug_info</name>
         <load_address>0x4ecf</load_address>
         <run_address>0x4ecf</run_address>
         <size>0x1ad</size>
         <input_file_ref idref="fl-4"/>
      </object_component>
      <object_component id="oc-73">
         <name>.debug_info</name>
         <load_address>0x507c</load_address>
         <run_address>0x507c</run_address>
         <size>0x197</size>
         <input_file_ref idref="fl-4"/>
      </object_component>
      <object_component id="oc-158">
         <name>.debug_info</name>
         <load_address>0x5213</load_address>
         <run_address>0x5213</run_address>
         <size>0x1c8</size>
         <input_file_ref idref="fl-4"/>
      </object_component>
      <object_component id="oc-20a">
         <name>.debug_info</name>
         <load_address>0x53db</load_address>
         <run_address>0x53db</run_address>
         <size>0x18b</size>
         <input_file_ref idref="fl-4"/>
      </object_component>
      <object_component id="oc-15c">
         <name>.debug_info</name>
         <load_address>0x5566</load_address>
         <run_address>0x5566</run_address>
         <size>0x1ad</size>
         <input_file_ref idref="fl-4"/>
      </object_component>
      <object_component id="oc-162">
         <name>.debug_info</name>
         <load_address>0x5713</load_address>
         <run_address>0x5713</run_address>
         <size>0x1cc</size>
         <input_file_ref idref="fl-4"/>
      </object_component>
      <object_component id="oc-16e">
         <name>.debug_info</name>
         <load_address>0x58df</load_address>
         <run_address>0x58df</run_address>
         <size>0x1e3</size>
         <input_file_ref idref="fl-4"/>
      </object_component>
      <object_component id="oc-219">
         <name>.debug_info</name>
         <load_address>0x5ac2</load_address>
         <run_address>0x5ac2</run_address>
         <size>0x184</size>
         <input_file_ref idref="fl-4"/>
      </object_component>
      <object_component id="oc-174">
         <name>.debug_info</name>
         <load_address>0x5c46</load_address>
         <run_address>0x5c46</run_address>
         <size>0x1bc</size>
         <input_file_ref idref="fl-4"/>
      </object_component>
      <object_component id="oc-169">
         <name>.debug_info</name>
         <load_address>0x5e02</load_address>
         <run_address>0x5e02</run_address>
         <size>0x168</size>
         <input_file_ref idref="fl-4"/>
      </object_component>
      <object_component id="oc-111">
         <name>.debug_info</name>
         <load_address>0x5f6a</load_address>
         <run_address>0x5f6a</run_address>
         <size>0x22d</size>
         <input_file_ref idref="fl-4"/>
      </object_component>
      <object_component id="oc-35">
         <name>.debug_info</name>
         <load_address>0x6197</load_address>
         <run_address>0x6197</run_address>
         <size>0x15b</size>
         <input_file_ref idref="fl-4"/>
      </object_component>
      <object_component id="oc-1c6">
         <name>.debug_info</name>
         <load_address>0x62f2</load_address>
         <run_address>0x62f2</run_address>
         <size>0x15d</size>
         <input_file_ref idref="fl-5"/>
      </object_component>
      <object_component id="oc-294">
         <name>.debug_info</name>
         <load_address>0x644f</load_address>
         <run_address>0x644f</run_address>
         <size>0x1c1</size>
         <input_file_ref idref="fl-5"/>
      </object_component>
      <object_component id="oc-1a7">
         <name>.debug_info</name>
         <load_address>0x6610</load_address>
         <run_address>0x6610</run_address>
         <size>0x195</size>
         <input_file_ref idref="fl-5"/>
      </object_component>
      <object_component id="oc-195">
         <name>.debug_info</name>
         <load_address>0x67a5</load_address>
         <run_address>0x67a5</run_address>
         <size>0x168</size>
         <input_file_ref idref="fl-5"/>
      </object_component>
      <object_component id="oc-1d4">
         <name>.debug_info</name>
         <load_address>0x690d</load_address>
         <run_address>0x690d</run_address>
         <size>0x1c4</size>
         <input_file_ref idref="fl-5"/>
      </object_component>
      <object_component id="oc-13a">
         <name>.debug_info</name>
         <load_address>0x6ad1</load_address>
         <run_address>0x6ad1</run_address>
         <size>0x291</size>
         <input_file_ref idref="fl-5"/>
      </object_component>
      <object_component id="oc-1be">
         <name>.debug_info</name>
         <load_address>0x6d62</load_address>
         <run_address>0x6d62</run_address>
         <size>0x4a8</size>
         <input_file_ref idref="fl-5"/>
      </object_component>
      <object_component id="oc-13e">
         <name>.debug_info</name>
         <load_address>0x720a</load_address>
         <run_address>0x720a</run_address>
         <size>0x17b</size>
         <input_file_ref idref="fl-5"/>
      </object_component>
      <object_component id="oc-1b2">
         <name>.debug_info</name>
         <load_address>0x7385</load_address>
         <run_address>0x7385</run_address>
         <size>0x168</size>
         <input_file_ref idref="fl-5"/>
      </object_component>
      <object_component id="oc-21">
         <name>.debug_info</name>
         <load_address>0x74ed</load_address>
         <run_address>0x74ed</run_address>
         <size>0x11f</size>
         <input_file_ref idref="fl-6"/>
      </object_component>
      <object_component id="oc-68">
         <name>.debug_info</name>
         <load_address>0x760c</load_address>
         <run_address>0x760c</run_address>
         <size>0x120</size>
         <input_file_ref idref="fl-6"/>
      </object_component>
      <object_component id="oc-22c">
         <name>.debug_info</name>
         <load_address>0x772c</load_address>
         <run_address>0x772c</run_address>
         <size>0x1e5</size>
         <input_file_ref idref="fl-d"/>
      </object_component>
      <object_component id="oc-234">
         <name>.debug_info</name>
         <load_address>0x7911</load_address>
         <run_address>0x7911</run_address>
         <size>0x1e1</size>
         <input_file_ref idref="fl-d"/>
      </object_component>
      <object_component id="oc-245">
         <name>.debug_info</name>
         <load_address>0x7af2</load_address>
         <run_address>0x7af2</run_address>
         <size>0x23f</size>
         <input_file_ref idref="fl-d"/>
      </object_component>
      <object_component id="oc-257">
         <name>.debug_info</name>
         <load_address>0x7d31</load_address>
         <run_address>0x7d31</run_address>
         <size>0x205</size>
         <input_file_ref idref="fl-d"/>
      </object_component>
      <object_component id="oc-23f">
         <name>.debug_info</name>
         <load_address>0x7f36</load_address>
         <run_address>0x7f36</run_address>
         <size>0x208</size>
         <input_file_ref idref="fl-d"/>
      </object_component>
      <object_component id="oc-251">
         <name>.debug_info</name>
         <load_address>0x813e</load_address>
         <run_address>0x813e</run_address>
         <size>0x201</size>
         <input_file_ref idref="fl-d"/>
      </object_component>
      <object_component id="oc-239">
         <name>.debug_info</name>
         <load_address>0x833f</load_address>
         <run_address>0x833f</run_address>
         <size>0x203</size>
         <input_file_ref idref="fl-d"/>
      </object_component>
      <object_component id="oc-25d">
         <name>.debug_info</name>
         <load_address>0x8542</load_address>
         <run_address>0x8542</run_address>
         <size>0x1fa</size>
         <input_file_ref idref="fl-d"/>
      </object_component>
      <object_component id="oc-24b">
         <name>.debug_info</name>
         <load_address>0x873c</load_address>
         <run_address>0x873c</run_address>
         <size>0x20e</size>
         <input_file_ref idref="fl-d"/>
      </object_component>
      <object_component id="oc-198">
         <name>.debug_info</name>
         <load_address>0x894a</load_address>
         <run_address>0x894a</run_address>
         <size>0x34a</size>
         <input_file_ref idref="fl-d"/>
      </object_component>
      <object_component id="oc-3cd">
         <name>.debug_info</name>
         <load_address>0x8c94</load_address>
         <run_address>0x8c94</run_address>
         <size>0x1cd</size>
         <input_file_ref idref="fl-e"/>
      </object_component>
      <object_component id="oc-3fb">
         <name>.debug_info</name>
         <load_address>0x8e61</load_address>
         <run_address>0x8e61</run_address>
         <size>0x245</size>
         <input_file_ref idref="fl-e"/>
      </object_component>
      <object_component id="oc-2a8">
         <name>.debug_info</name>
         <load_address>0x90a6</load_address>
         <run_address>0x90a6</run_address>
         <size>0x22e</size>
         <input_file_ref idref="fl-e"/>
      </object_component>
      <object_component id="oc-2ae">
         <name>.debug_info</name>
         <load_address>0x92d4</load_address>
         <run_address>0x92d4</run_address>
         <size>0x276</size>
         <input_file_ref idref="fl-e"/>
      </object_component>
      <object_component id="oc-1ca">
         <name>.debug_info</name>
         <load_address>0x954a</load_address>
         <run_address>0x954a</run_address>
         <size>0x22a</size>
         <input_file_ref idref="fl-e"/>
      </object_component>
      <object_component id="oc-2a1">
         <name>.debug_info</name>
         <load_address>0x9774</load_address>
         <run_address>0x9774</run_address>
         <size>0x217</size>
         <input_file_ref idref="fl-e"/>
      </object_component>
      <object_component id="oc-ac">
         <name>.debug_info</name>
         <load_address>0x998b</load_address>
         <run_address>0x998b</run_address>
         <size>0x1c6</size>
         <input_file_ref idref="fl-f"/>
      </object_component>
      <object_component id="oc-a6">
         <name>.debug_info</name>
         <load_address>0x9b51</load_address>
         <run_address>0x9b51</run_address>
         <size>0x1c8</size>
         <input_file_ref idref="fl-f"/>
      </object_component>
      <object_component id="oc-144">
         <name>.debug_info</name>
         <load_address>0x9d19</load_address>
         <run_address>0x9d19</run_address>
         <size>0x1d7</size>
         <input_file_ref idref="fl-f"/>
      </object_component>
      <object_component id="oc-3f">
         <name>.debug_info</name>
         <load_address>0x9ef0</load_address>
         <run_address>0x9ef0</run_address>
         <size>0x1e4</size>
         <input_file_ref idref="fl-f"/>
      </object_component>
      <object_component id="oc-46">
         <name>.debug_info</name>
         <load_address>0xa0d4</load_address>
         <run_address>0xa0d4</run_address>
         <size>0x1ca</size>
         <input_file_ref idref="fl-f"/>
      </object_component>
      <object_component id="oc-4d">
         <name>.debug_info</name>
         <load_address>0xa29e</load_address>
         <run_address>0xa29e</run_address>
         <size>0x1b0</size>
         <input_file_ref idref="fl-f"/>
      </object_component>
      <object_component id="oc-3a">
         <name>.debug_info</name>
         <load_address>0xa44e</load_address>
         <run_address>0xa44e</run_address>
         <size>0x1d4</size>
         <input_file_ref idref="fl-f"/>
      </object_component>
      <object_component id="oc-7d">
         <name>.debug_info</name>
         <load_address>0xa622</load_address>
         <run_address>0xa622</run_address>
         <size>0x27b</size>
         <input_file_ref idref="fl-f"/>
      </object_component>
      <object_component id="oc-381">
         <name>.debug_info</name>
         <load_address>0xa89d</load_address>
         <run_address>0xa89d</run_address>
         <size>0x213</size>
         <input_file_ref idref="fl-10"/>
      </object_component>
      <object_component id="oc-274">
         <name>.debug_info</name>
         <load_address>0xaab0</load_address>
         <run_address>0xaab0</run_address>
         <size>0x1db</size>
         <input_file_ref idref="fl-10"/>
      </object_component>
      <object_component id="oc-267">
         <name>.debug_info</name>
         <load_address>0xac8b</load_address>
         <run_address>0xac8b</run_address>
         <size>0x1d6</size>
         <input_file_ref idref="fl-10"/>
      </object_component>
      <object_component id="oc-408">
         <name>.debug_info</name>
         <load_address>0xae61</load_address>
         <run_address>0xae61</run_address>
         <size>0x1ac</size>
         <input_file_ref idref="fl-10"/>
      </object_component>
      <object_component id="oc-280">
         <name>.debug_info</name>
         <load_address>0xb00d</load_address>
         <run_address>0xb00d</run_address>
         <size>0x1db</size>
         <input_file_ref idref="fl-10"/>
      </object_component>
      <object_component id="oc-411">
         <name>.debug_info</name>
         <load_address>0xb1e8</load_address>
         <run_address>0xb1e8</run_address>
         <size>0x1d0</size>
         <input_file_ref idref="fl-10"/>
      </object_component>
      <object_component id="oc-3bd">
         <name>.debug_info</name>
         <load_address>0xb3b8</load_address>
         <run_address>0xb3b8</run_address>
         <size>0x1ee</size>
         <input_file_ref idref="fl-10"/>
      </object_component>
      <object_component id="oc-393">
         <name>.debug_info</name>
         <load_address>0xb5a6</load_address>
         <run_address>0xb5a6</run_address>
         <size>0x1f0</size>
         <input_file_ref idref="fl-10"/>
      </object_component>
      <object_component id="oc-399">
         <name>.debug_info</name>
         <load_address>0xb796</load_address>
         <run_address>0xb796</run_address>
         <size>0x1fc</size>
         <input_file_ref idref="fl-10"/>
      </object_component>
      <object_component id="oc-39f">
         <name>.debug_info</name>
         <load_address>0xb992</load_address>
         <run_address>0xb992</run_address>
         <size>0x1fa</size>
         <input_file_ref idref="fl-10"/>
      </object_component>
      <object_component id="oc-3b7">
         <name>.debug_info</name>
         <load_address>0xbb8c</load_address>
         <run_address>0xbb8c</run_address>
         <size>0x221</size>
         <input_file_ref idref="fl-10"/>
      </object_component>
      <object_component id="oc-387">
         <name>.debug_info</name>
         <load_address>0xbdad</load_address>
         <run_address>0xbdad</run_address>
         <size>0x1f4</size>
         <input_file_ref idref="fl-10"/>
      </object_component>
      <object_component id="oc-38d">
         <name>.debug_info</name>
         <load_address>0xbfa1</load_address>
         <run_address>0xbfa1</run_address>
         <size>0x1f2</size>
         <input_file_ref idref="fl-10"/>
      </object_component>
      <object_component id="oc-3ab">
         <name>.debug_info</name>
         <load_address>0xc193</load_address>
         <run_address>0xc193</run_address>
         <size>0x225</size>
         <input_file_ref idref="fl-10"/>
      </object_component>
      <object_component id="oc-3a5">
         <name>.debug_info</name>
         <load_address>0xc3b8</load_address>
         <run_address>0xc3b8</run_address>
         <size>0x225</size>
         <input_file_ref idref="fl-10"/>
      </object_component>
      <object_component id="oc-3b1">
         <name>.debug_info</name>
         <load_address>0xc5dd</load_address>
         <run_address>0xc5dd</run_address>
         <size>0x294</size>
         <input_file_ref idref="fl-10"/>
      </object_component>
      <object_component id="oc-27a">
         <name>.debug_info</name>
         <load_address>0xc871</load_address>
         <run_address>0xc871</run_address>
         <size>0x1c7</size>
         <input_file_ref idref="fl-10"/>
      </object_component>
      <object_component id="oc-402">
         <name>.debug_info</name>
         <load_address>0xca38</load_address>
         <run_address>0xca38</run_address>
         <size>0x210</size>
         <input_file_ref idref="fl-10"/>
      </object_component>
      <object_component id="oc-1ab">
         <name>.debug_info</name>
         <load_address>0xcc48</load_address>
         <run_address>0xcc48</run_address>
         <size>0x26f</size>
         <input_file_ref idref="fl-10"/>
      </object_component>
      <object_component id="oc-19f">
         <name>.debug_info</name>
         <load_address>0xceb7</load_address>
         <run_address>0xceb7</run_address>
         <size>0x486</size>
         <input_file_ref idref="fl-10"/>
      </object_component>
      <object_component id="oc-371">
         <name>.debug_info</name>
         <load_address>0xd33d</load_address>
         <run_address>0xd33d</run_address>
         <size>0x248</size>
         <input_file_ref idref="fl-10"/>
      </object_component>
      <object_component id="oc-377">
         <name>.debug_info</name>
         <load_address>0xd585</load_address>
         <run_address>0xd585</run_address>
         <size>0x219</size>
         <input_file_ref idref="fl-10"/>
      </object_component>
      <object_component id="oc-26d">
         <name>.debug_info</name>
         <load_address>0xd79e</load_address>
         <run_address>0xd79e</run_address>
         <size>0x22d</size>
         <input_file_ref idref="fl-10"/>
      </object_component>
      <object_component id="oc-1b8">
         <name>.debug_info</name>
         <load_address>0xd9cb</load_address>
         <run_address>0xd9cb</run_address>
         <size>0x219</size>
         <input_file_ref idref="fl-10"/>
      </object_component>
      <object_component id="oc-286">
         <name>.debug_info</name>
         <load_address>0xdbe4</load_address>
         <run_address>0xdbe4</run_address>
         <size>0x487</size>
         <input_file_ref idref="fl-10"/>
      </object_component>
      <object_component id="oc-9d">
         <name>.debug_info</name>
         <load_address>0xe06b</load_address>
         <run_address>0xe06b</run_address>
         <size>0x140</size>
         <input_file_ref idref="fl-1c"/>
      </object_component>
      <object_component id="oc-212">
         <name>.debug_info</name>
         <load_address>0xe1ab</load_address>
         <run_address>0xe1ab</run_address>
         <size>0x10f</size>
         <input_file_ref idref="fl-1d"/>
      </object_component>
      <object_component id="oc-56">
         <name>.debug_info</name>
         <load_address>0xe2ba</load_address>
         <run_address>0xe2ba</run_address>
         <size>0x183</size>
         <input_file_ref idref="fl-1e"/>
      </object_component>
      <object_component id="oc-c5">
         <name>.debug_info</name>
         <load_address>0xe43d</load_address>
         <run_address>0xe43d</run_address>
         <size>0x135</size>
         <input_file_ref idref="fl-1f"/>
      </object_component>
      <object_component id="oc-df">
         <name>.debug_info</name>
         <load_address>0xe572</load_address>
         <run_address>0xe572</run_address>
         <size>0x1a7</size>
         <input_file_ref idref="fl-20"/>
      </object_component>
      <object_component id="oc-5b">
         <name>.debug_info</name>
         <load_address>0xe719</load_address>
         <run_address>0xe719</run_address>
         <size>0x19e</size>
         <input_file_ref idref="fl-21"/>
      </object_component>
      <object_component id="oc-1a">
         <name>.debug_info</name>
         <load_address>0xe8b7</load_address>
         <run_address>0xe8b7</run_address>
         <size>0x19f</size>
         <input_file_ref idref="fl-22"/>
      </object_component>
      <object_component id="oc-14">
         <name>.debug_info</name>
         <load_address>0xea56</load_address>
         <run_address>0xea56</run_address>
         <size>0x1f4</size>
         <input_file_ref idref="fl-23"/>
      </object_component>
      <object_component id="oc-117">
         <name>.debug_info</name>
         <load_address>0xec4a</load_address>
         <run_address>0xec4a</run_address>
         <size>0x186</size>
         <input_file_ref idref="fl-24"/>
      </object_component>
      <object_component id="oc-d1">
         <name>.debug_info</name>
         <load_address>0xedd0</load_address>
         <run_address>0xedd0</run_address>
         <size>0x191</size>
         <input_file_ref idref="fl-24"/>
      </object_component>
      <object_component id="oc-11a">
         <name>.debug_info</name>
         <load_address>0xef61</load_address>
         <run_address>0xef61</run_address>
         <size>0xef</size>
         <input_file_ref idref="fl-25"/>
      </object_component>
      <object_component id="oc-21e">
         <name>.debug_info</name>
         <load_address>0xf050</load_address>
         <run_address>0xf050</run_address>
         <size>0xf3</size>
         <input_file_ref idref="fl-25"/>
      </object_component>
      <object_component id="oc-180">
         <name>.debug_info</name>
         <load_address>0xf143</load_address>
         <run_address>0xf143</run_address>
         <size>0x1eb</size>
         <input_file_ref idref="fl-25"/>
      </object_component>
      <object_component id="oc-ce">
         <name>.debug_info</name>
         <load_address>0xf32e</load_address>
         <run_address>0xf32e</run_address>
[...]
      </memory_area>
      <memory_area display="yes" color="green">
         <name>FLASH_BANK0_SEC_16_23</name>
         <page_id>0x0</page_id>
         <origin>0x84000</origin>
         <length>0x2000</length>
         <used_space>0x0</used_space>
         <unused_space>0x2000</unused_space>
         <attributes>RWIX</attributes>
         <usage_details>
         </usage_details>
      </memory_area>
      <memory_area display="yes" color="green">
         <name>FLASH_BANK0_SEC_24_31</name>
         <page_id>0x0</page_id>
         <origin>0x86000</origin>
         <length>0x2000</length>
         <used_space>0x0</used_space>
         <unused_space>0x2000</unused_space>
         <attributes>RWIX</attributes>
         <usage_details>
         </usage_details>
      </memory_area>
      <memory_area display="yes" color="green">
         <name>FLASH_BANK0_SEC_32_39</name>
         <page_id>0x0</page_id>
         <origin>0x88000</origin>
         <length>0x2000</length>
         <used_space>0x329</used_space>
         <unused_space>0x1cd7</unused_space>
         <attributes>RWIX</attributes>
         <usage_details>
            <allocated_space>
               <start_address>0x88000</start_address>
               <size>0x329</size>
               <logical_group_ref idref="lg-459"/>
            </allocated_space>
            <available_space>
               <start_address>0x88329</start_address>
               <size>0x1cd7</size>
            </available_space>
         </usage_details>
      </memory_area>
      <memory_area display="yes" color="green">
         <name>FLASH_BANK0_SEC_40_47</name>
         <page_id>0x0</page_id>
         <origin>0x8a000</origin>
         <length>0x2000</length>
         <used_space>0x0</used_space>
         <unused_space>0x2000</unused_space>
         <attributes>RWIX</attributes>
         <usage_details>
         </usage_details>
      </memory_area>
      <memory_area display="yes" color="green">
         <name>FLASH_BANK0_SEC_48_55</name>
         <page_id>0x0</page_id>
         <origin>0x8c000</origin>
         <length>0x2000</length>
         <used_space>0x0</used_space>
         <unused_space>0x2000</unused_space>
         <attributes>RWIX</attributes>
         <usage_details>
         </usage_details>
      </memory_area>
      <memory_area display="yes" color="green">
         <name>FLASH_BANK0_SEC_56_63</name>
         <page_id>0x0</page_id>
         <origin>0x8e000</origin>
         <length>0x2000</length>
         <used_space>0x0</used_space>
         <unused_space>0x2000</unused_space>
         <attributes>RWIX</attributes>
         <usage_details>
         </usage_details>
      </memory_area>
      <memory_area display="yes" color="green">
         <name>FLASH_BANK0_SEC_64_71</name>
         <page_id>0x0</page_id>
         <origin>0x90000</origin>
         <length>0x2000</length>
         <used_space>0x0</used_space>
         <unused_space>0x2000</unused_space>
         <attributes>RWIX</attributes>
         <usage_details>
         </usage_details>
      </memory_area>
      <memory_area display="yes" color="green">
         <name>FLASH_BANK0_SEC_72_79</name>
         <page_id>0x0</page_id>
         <origin>0x92000</origin>
         <length>0x2000</length>
         <used_space>0x0</used_space>
         <unused_space>0x2000</unused_space>
         <attributes>RWIX</attributes>
         <usage_details>
         </usage_details>
      </memory_area>
      <memory_area display="yes" color="green">
         <name>FLASH_BANK0_SEC_80_87</name>
         <page_id>0x0</page_id>
         <origin>0x94000</origin>
         <length>0x2000</length>
         <used_space>0x0</used_space>
         <unused_space>0x2000</unused_space>
         <attributes>RWIX</attributes>
         <usage_details>
         </usage_details>
      </memory_area>
      <memory_area display="yes" color="green">
         <name>FLASH_BANK0_SEC_88_95</name>
         <page_id>0x0</page_id>
         <origin>0x96000</origin>
         <length>0x2000</length>
         <used_space>0x0</used_space>
         <unused_space>0x2000</unused_space>
         <attributes>RWIX</attributes>
         <usage_details>
         </usage_details>
      </memory_area>
      <memory_area display="yes" color="green">
         <name>FLASH_BANK0_SEC_96_103</name>
         <page_id>0x0</page_id>
         <origin>0x98000</origin>
         <length>0x2000</length>
         <used_space>0x0</used_space>
         <unused_space>0x2000</unused_space>
         <attributes>RWIX</attributes>
         <usage_details>
         </usage_details>
      </memory_area>
      <memory_area display="yes" color="green">
         <name>FLASH_BANK0_SEC_104_111</name>
         <page_id>0x0</page_id>
         <origin>0x9a000</origin>
         <length>0x2000</length>
         <used_space>0x0</used_space>
         <unused_space>0x2000</unused_space>
         <attributes>RWIX</attributes>
         <usage_details>
         </usage_details>
      </memory_area>
      <memory_area display="yes" color="green">
         <name>FLASH_BANK0_SEC_112_119</name>
         <page_id>0x0</page_id>
         <origin>0x9c000</origin>
         <length>0x2000</length>
         <used_space>0x0</used_space>
         <unused_space>0x2000</unused_space>
         <attributes>RWIX</attributes>
         <usage_details>
         </usage_details>
      </memory_area>
      <memory_area display="yes" color="green">
         <name>FLASH_BANK0_SEC_120_127</name>
         <page_id>0x0</page_id>
         <origin>0x9e000</origin>
         <length>0x1ff0</length>
         <used_space>0x0</used_space>
         <unused_space>0x1ff0</unused_space>
         <attributes>RWIX</attributes>
         <usage_details>
         </usage_details>
      </memory_area>
      <memory_area display="no" color="green">
         <name>RESET</name>
         <page_id>0x0</page_id>
         <origin>0x3fffc0</origin>
         <length>0x2</length>
         <used_space>0x0</used_space>
         <unused_space>0x2</unused_space>
         <attributes>RWIX</attributes>
         <usage_details>
         </usage_details>
      </memory_area>
   </placement_map>
   <cptbl_list>
      <cptbl>
         <name>__TI_cinit_table</name>
         <cprec>
            <name>.data</name>
            <load_address>0x800f8</load_address>
            <load_size>0x9</load_size>
            <run_address>0x80f4</run_address>
            <run_size>0xa</run_size>
            <compression>lzss</compression>
         </cprec>
         <cprec>
            <name>.bss</name>
            <load_address>0x80108</load_address>
            <load_size>0x4</load_size>
            <run_address>0x80ea</run_address>
            <run_size>0xa</run_size>
            <compression>zero_init</compression>
         </cprec>
      </cptbl>
   </cptbl_list>
   <handler_table>
      <handler_table_name>__TI_handler_table</handler_table_name>
      <handler>
         <index>0x0</index>
         <name>__TI_zero_init</name>
      </handler>
      <handler>
         <index>0x1</index>
         <name>__TI_decompress_lzss</name>
      </handler>
      <handler>
         <index>0x2</index>
         <name>__TI_decompress_none</name>
      </handler>
   </handler_table>
   <symbol_table>
      <symbol id="sm-1">
         <name>RamfuncsLoadStart</name>
         <value>0x80008</value>
      </symbol>
      <symbol id="sm-2">
         <name>RamfuncsLoadSize</name>
         <value>0xea</value>
      </symbol>
      <symbol id="sm-3">
         <name>RamfuncsLoadEnd</name>
         <value>0x800f2</value>
      </symbol>
      <symbol id="sm-4">
         <name>RamfuncsRunStart</name>
         <value>0x8000</value>
      </symbol>
      <symbol id="sm-5">
         <name>RamfuncsRunSize</name>
         <value>0xea</value>
      </symbol>
      <symbol id="sm-6">
         <name>RamfuncsRunEnd</name>
         <value>0x80ea</value>
      </symbol>
      <symbol id="sm-7">
         <name>__TI_CINIT_Base</name>
         <value>0x8010c</value>
      </symbol>
      <symbol id="sm-8">
         <name>__TI_CINIT_Limit</name>
         <value>0x80114</value>
      </symbol>
      <symbol id="sm-9">
         <name>__TI_CINIT_Warm</name>
         <value>0x80114</value>
      </symbol>
      <symbol id="sm-a">
         <name>__TI_Handler_Table_Base</name>
         <value>0x80102</value>
      </symbol>
      <symbol id="sm-b">
         <name>__TI_Handler_Table_Limit</name>
         <value>0x80108</value>
      </symbol>
      <symbol id="sm-c">
         <name>__TI_STACK_SIZE</name>
         <value>0x200</value>
      </symbol>
      <symbol id="sm-d">
         <name>__TI_STACK_END</name>
         <value>0x600</value>
      </symbol>
      <symbol id="sm-e">
         <name>__TI_pprof_out_hndl</name>
         <value>0xffffffff</value>
      </symbol>
      <symbol id="sm-f">
         <name>__TI_prof_data_start</name>
         <value>0xffffffff</value>
      </symbol>
      <symbol id="sm-10">
         <name>__TI_prof_data_size</name>
         <value>0xffffffff</value>
      </symbol>
      <symbol id="sm-18e">
         <name>INPUTXBAR_init</name>
         <value>0x8319a</value>
         <object_component_ref idref="oc-1de"/>
      </symbol>
      <symbol id="sm-18f">
         <name>INTERRUPT_init</name>
         <value>0x830af</value>
         <object_component_ref idref="oc-2c"/>
      </symbol>
      <symbol id="sm-190">
         <name>PinMux_init</name>
         <value>0x8222b</value>
         <object_component_ref idref="oc-1d8"/>
      </symbol>
      <symbol id="sm-191">
         <name>myINPUTXBARINPUT0_init</name>
         <value>0x83187</value>
         <object_component_ref idref="oc-2b2"/>
      </symbol>
      <symbol id="sm-192">
         <name>Board_init</name>
         <value>0x82fe2</value>
         <object_component_ref idref="oc-148"/>
      </symbol>
      <symbol id="sm-193">
         <name>GPIO_init</name>
         <value>0x83197</value>
         <object_component_ref idref="oc-1fc"/>
      </symbol>
      <symbol id="sm-194">
         <name>SYNC_init</name>
         <value>0x83148</value>
         <object_component_ref idref="oc-1e4"/>
      </symbol>
      <symbol id="sm-195">
         <name>EPWM_init</name>
         <value>0x8230c</value>
         <object_component_ref idref="oc-1f0"/>
      </symbol>
      <symbol id="sm-196">
         <name>myEPWMXBAR0_init</name>
         <value>0x831a0</value>
         <object_component_ref idref="oc-34c"/>
      </symbol>
      <symbol id="sm-197">
         <name>ASYSCTL_init</name>
         <value>0x830f0</value>
         <object_component_ref idref="oc-1ea"/>
      </symbol>
      <symbol id="sm-198">
         <name>CSA_OUT_init</name>
         <value>0x83050</value>
         <object_component_ref idref="oc-353"/>
      </symbol>
      <symbol id="sm-199">
         <name>EPWMXBAR_init</name>
         <value>0x83194</value>
         <object_component_ref idref="oc-1f6"/>
      </symbol>
      <symbol id="sm-1a6">
         <name>C2000Ware_libraries_init</name>
         <value>0x8319f</value>
         <object_component_ref idref="oc-14e"/>
      </symbol>
      <symbol id="sm-217">
         <name>dac_val</name>
         <value>0x80ea</value>
         <object_component_ref idref="oc-6c"/>
      </symbol>
      <symbol id="sm-218">
         <name>INT_myEPWM2_TZ_ISR</name>
         <value>0x82a00</value>
         <object_component_ref idref="oc-2b"/>
      </symbol>
      <symbol id="sm-219">
         <name>main</name>
         <value>0x82ac0</value>
         <object_component_ref idref="oc-10e"/>
      </symbol>
      <symbol id="sm-21a">
         <name>g9</name>
         <value>0x80f2</value>
         <object_component_ref idref="oc-6c"/>
      </symbol>
      <symbol id="sm-21b">
         <name>epwm2TZIntCount</name>
         <value>0x80f0</value>
         <object_component_ref idref="oc-6c"/>
      </symbol>
      <symbol id="sm-21c">
         <name>epwm0TZIntCount</name>
         <value>0x80ec</value>
         <object_component_ref idref="oc-6c"/>
      </symbol>
      <symbol id="sm-21d">
         <name>epwm1TZIntCount</name>
         <value>0x80ee</value>
         <object_component_ref idref="oc-6c"/>
      </symbol>
      <symbol id="sm-26b">
         <name>Device_enableAllPeripherals</name>
         <value>0x8258c</value>
         <object_component_ref idref="oc-1bc"/>
      </symbol>
      <symbol id="sm-26c">
         <name>Device_initGPIO</name>
         <value>0x83070</value>
         <object_component_ref idref="oc-13c"/>
      </symbol>
      <symbol id="sm-26d">
         <name>Device_init</name>
         <value>0x8265f</value>
         <object_component_ref idref="oc-136"/>
      </symbol>
      <symbol id="sm-26e">
         <name>__error__</name>
         <value>0x83180</value>
         <object_component_ref idref="oc-1b0"/>
      </symbol>
      <symbol id="sm-27d">
         <name>code_start</name>
         <value>0x80000</value>
         <object_component_ref idref="oc-20"/>
      </symbol>
      <symbol id="sm-2e3">
         <name>Flash_initModule</name>
         <value>0x8000</value>
         <object_component_ref idref="oc-197"/>
      </symbol>
      <symbol id="sm-32b">
         <name>GPIO_setQualificationMode</name>
         <value>0x82992</value>
         <object_component_ref idref="oc-2ab"/>
      </symbol>
      <symbol id="sm-32c">
         <name>GPIO_setPadConfig</name>
         <value>0x826ba</value>
         <object_component_ref idref="oc-2a5"/>
      </symbol>
      <symbol id="sm-32d">
         <name>GPIO_setAnalogMode</name>
         <value>0x823e5</value>
         <object_component_ref idref="oc-1c8"/>
      </symbol>
      <symbol id="sm-32e">
         <name>GPIO_setDirectionMode</name>
         <value>0x82a33</value>
         <object_component_ref idref="oc-3f9"/>
      </symbol>
      <symbol id="sm-32f">
         <name>GPIO_setPinConfig</name>
         <value>0x8295b</value>
         <object_component_ref idref="oc-29f"/>
      </symbol>
      <symbol id="sm-37e">
         <name>Interrupt_defaultHandler</name>
         <value>0x82f28</value>
         <object_component_ref idref="oc-37"/>
      </symbol>
      <symbol id="sm-37f">
         <name>Interrupt_initModule</name>
         <value>0x828e4</value>
         <object_component_ref idref="oc-142"/>
      </symbol>
      <symbol id="sm-380">
         <name>Interrupt_nmiHandler</name>
         <value>0x8313e</value>
         <object_component_ref idref="oc-49"/>
      </symbol>
      <symbol id="sm-381">
         <name>Interrupt_enable</name>
         <value>0x829c9</value>
         <object_component_ref idref="oc-7b"/>
      </symbol>
      <symbol id="sm-382">
         <name>Interrupt_initVectorTable</name>
         <value>0x82d1a</value>
         <object_component_ref idref="oc-38"/>
      </symbol>
      <symbol id="sm-383">
         <name>Interrupt_illegalOperationHandler</name>
         <value>0x83134</value>
         <object_component_ref idref="oc-43"/>
      </symbol>
      <symbol id="sm-4a5">
         <name>SysCtl_isPLLValid</name>
         <value>0x82141</value>
         <object_component_ref idref="oc-284"/>
      </symbol>
      <symbol id="sm-4a6">
         <name>SysCtl_delay</name>
         <value>0x80e6</value>
         <object_component_ref idref="oc-271"/>
      </symbol>
      <symbol id="sm-4a7">
         <name>SysCtl_selectXTALSingleEnded</name>
         <value>0x82b93</value>
         <object_component_ref idref="oc-375"/>
      </symbol>
      <symbol id="sm-4a8">
         <name>SysCtl_selectXTAL</name>
         <value>0x82753</value>
         <object_component_ref idref="oc-36f"/>
      </symbol>
      <symbol id="sm-4a9">
         <name>SysCtl_selectOscSource</name>
         <value>0x8270c</value>
         <object_component_ref idref="oc-26b"/>
      </symbol>
      <symbol id="sm-4aa">
         <name>SysCtl_getLowSpeedClock</name>
         <value>0x82df8</value>
         <object_component_ref idref="oc-1b6"/>
      </symbol>
      <symbol id="sm-4ab">
         <name>SysCtl_setClock</name>
         <value>0x82000</value>
         <object_component_ref idref="oc-19d"/>
      </symbol>
      <symbol id="sm-4ac">
         <name>SysCtl_getClock</name>
         <value>0x825fa</value>
         <object_component_ref idref="oc-1a9"/>
      </symbol>
      <symbol id="sm-4b6">
         <name>_c_int00</name>
         <value>0x82ecf</value>
         <object_component_ref idref="oc-9b"/>
      </symbol>
      <symbol id="sm-4b7">
         <name>__stack</name>
         <value>0x400</value>
         <object_component_ref idref="oc-4f"/>
      </symbol>
      <symbol id="sm-4c4">
         <name>__c28xabi_divf</name>
         <value>0x82491</value>
         <object_component_ref idref="oc-20f"/>
      </symbol>
      <symbol id="sm-4d6">
         <name>memcpy</name>
         <value>0x82d55</value>
         <object_component_ref idref="oc-52"/>
      </symbol>
      <symbol id="sm-4e3">
         <name>_system_pre_init</name>
         <value>0x8319d</value>
         <object_component_ref idref="oc-c3"/>
      </symbol>
      <symbol id="sm-4f2">
         <name>__TI_auto_init_nobinit_nopinit</name>
         <value>0x82aee</value>
         <object_component_ref idref="oc-de"/>
      </symbol>
      <symbol id="sm-501">
         <name>__TI_zero_init_nomemset</name>
         <value>0x830e3</value>
         <object_component_ref idref="oc-5a"/>
      </symbol>
      <symbol id="sm-50e">
         <name>__TI_decompress_none</name>
         <value>0x8315b</value>
         <object_component_ref idref="oc-19"/>
      </symbol>
      <symbol id="sm-522">
         <name>__TI_decompress_lzss</name>
         <value>0x82a92</value>
         <object_component_ref idref="oc-13"/>
      </symbol>
      <symbol id="sm-538">
         <name>C$$EXIT</name>
         <value>0x82b43</value>
         <object_component_ref idref="oc-d0"/>
      </symbol>
      <symbol id="sm-539">
         <name>abort</name>
         <value>0x82b43</value>
         <object_component_ref idref="oc-d0"/>
      </symbol>
      <symbol id="sm-53a">
         <name>exit</name>
         <value>0x82b45</value>
         <object_component_ref idref="oc-d0"/>
      </symbol>
      <symbol id="sm-53b">
         <name>__TI_dtors_ptr</name>
         <value>0x80f8</value>
         <object_component_ref idref="oc-116"/>
      </symbol>
      <symbol id="sm-53c">
         <name>__TI_cleanup_ptr</name>
         <value>0x80f6</value>
         <object_component_ref idref="oc-116"/>
      </symbol>
      <symbol id="sm-53d">
         <name>__TI_enable_exit_profile_output</name>
         <value>0x80f4</value>
         <object_component_ref idref="oc-116"/>
      </symbol>
      <symbol id="sm-554">
         <name>_nop</name>
         <value>0x8315a</value>
         <object_component_ref idref="oc-17e"/>
      </symbol>
      <symbol id="sm-555">
         <name>_lock</name>
         <value>0x80fa</value>
         <object_component_ref idref="oc-119"/>
      </symbol>
      <symbol id="sm-556">
         <name>_unlock</name>
         <value>0x80fc</value>
         <object_component_ref idref="oc-21d"/>
      </symbol>
      <symbol id="sm-557">
         <name>_register_lock</name>
         <value>0x83156</value>
         <object_component_ref idref="oc-17e"/>
      </symbol>
      <symbol id="sm-558">
         <name>_register_unlock</name>
         <value>0x83152</value>
         <object_component_ref idref="oc-17e"/>
      </symbol>
      <symbol id="sm-567">
         <name>_args_main</name>
         <value>0x83108</value>
         <object_component_ref idref="oc-ca"/>
      </symbol>
      <symbol id="sm-576">
         <name>_system_post_cinit</name>
         <value>0x831a1</value>
         <object_component_ref idref="oc-121"/>
      </symbol>
      <symbol id="sm-578">
         <name>__c_args__</name>
         <value>0x0</value>
      </symbol>
   </symbol_table>
   <title>Link successful</title>
</link_info>
