******************************************************************************
             TMS320C2000 Linker PC v22.6.3                     
******************************************************************************
>> Linked Thu Feb  5 11:20:09 2026

OUTPUT FILE NAME:   <empty_driverlib_project1.out>
ENTRY POINT SYMBOL: "code_start"  address: 00080000


MEMORY CONFIGURATION

         name            origin    length      used     unused   attr    fill
----------------------  --------  ---------  --------  --------  ----  --------
  BOOT_RSVD             00000002   00000126  00000000  00000126  RWIX
  RAMM0                 00000128   000002d8  00000000  000002d8  RWIX
  RAMM1                 00000400   000003f8  00000200  000001f8  RWIX
  RAMLS0                00008000   00002000  000000fe  00001f02  RWIX
  RAMLS1                0000a000   00001ff8  00000000  00001ff8  RWIX
  BEGIN                 00080000   00000002  00000002  00000000  RWIX
  FLASH_BANK0_SEC_0_7   00080002   00001ffe  00000106  00001ef8  RWIX
  FLASH_BANK0_SEC_8_15  00082000   00002000  000011a2  00000e5e  RWIX
  FLASH_BANK0_SEC_16_23 00084000   00002000  00000000  00002000  RWIX
  FLASH_BANK0_SEC_24_31 00086000   00002000  00000000  00002000  RWIX
  FLASH_BANK0_SEC_32_39 00088000   00002000  00000329  00001cd7  RWIX
  FLASH_BANK0_SEC_40_47 0008a000   00002000  00000000  00002000  RWIX
  FLASH_BANK0_SEC_48_55 0008c000   00002000  00000000  00002000  RWIX
  FLASH_BANK0_SEC_56_63 0008e000   00002000  00000000  00002000  RWIX
  FLASH_BANK0_SEC_64_71 00090000   00002000  00000000  00002000  RWIX
  FLASH_BANK0_SEC_72_79 00092000   00002000  00000000  00002000  RWIX
  FLASH_BANK0_SEC_80_87 00094000   00002000  00000000  00002000  RWIX
  FLASH_BANK0_SEC_88_95 00096000   00002000  00000000  00002000  RWIX
  FLASH_BANK0_SEC_96_10 00098000   00002000  00000000  00002000  RWIX
  FLASH_BANK0_SEC_104_1 0009a000   00002000  00000000  00002000  RWIX
  FLASH_BANK0_SEC_112_1 0009c000   00002000  00000000  00002000  RWIX
  FLASH_BANK0_SEC_120_1 0009e000   00001ff0  00000000  00001ff0  RWIX
  RESET                 003fffc0   00000002  00000000  00000002  RWIX


SECTION ALLOCATION MAP

 output                                  attributes/
section   page    origin      length       input sections
--------  ----  ----------  ----------   ----------------
codestart 
*          0    00080000    00000002     
                  00080000    00000002     f280013x_codestartbranch.obj (codestart)

.cinit     0    000800f8    0000001c     
                  000800f8    00000009     (.cinit..data.load) [load image, compression = lzss]
                  00080101    00000001     --HOLE-- [fill = 0]
                  00080102    00000006     (__TI_handler_table)
                  00080108    00000004     (.cinit..bss.load) [load image, compression = zero_init]
                  0008010c    00000008     (__TI_cinit_table)

.reset     0    003fffc0    00000000     DSECT

.stack     0    00000400    00000200     UNINITIALIZED
                  00000400    00000200     --HOLE--

.bss       0    000080ea    0000000a     UNINITIALIZED
                  000080ea    0000000a     empty_driverlib_main.obj (.bss)

.init_array 
*          0    00080008    00000000     UNINITIALIZED

.data      0    000080f4    0000000a     UNINITIALIZED
                  000080f4    00000006     rts2800_fpu32_eabi.lib : exit.c.obj (.data)
                  000080fa    00000002                            : _lock.c.obj (.data:_lock)
                  000080fc    00000002                            : _lock.c.obj (.data:_unlock)

.TI.ramfunc 
*          0    00080008    000000ea     RUN ADDR = 00008000
                  00080008    00000051     driverlib.lib : flash.obj (.TI.ramfunc:Flash_initModule)
                  00080059    00000022                   : flash.obj (.TI.ramfunc:Flash_setWaitstates)
                  0008007b    00000018                   : flash.obj (.TI.ramfunc:Flash_disableCache)
                  00080093    00000018                   : flash.obj (.TI.ramfunc:Flash_disablePrefetch)
                  000800ab    00000017                   : flash.obj (.TI.ramfunc:Flash_enableCache)
                  000800c2    00000016                   : flash.obj (.TI.ramfunc:Flash_enableECC)
                  000800d8    00000016                   : flash.obj (.TI.ramfunc:Flash_enablePrefetch)
                  000800ee    00000004                   : sysctl.obj (.TI.ramfunc)

.text      0    00082000    000011a2     
                  00082000    00000141     driverlib.lib : sysctl.obj (.text:SysCtl_setClock)
                  00082141    000000ea                   : sysctl.obj (.text:SysCtl_isPLLValid)
                  0008222b    000000e1     board.obj (.text:PinMux_init)
                  0008230c    000000d9     board.obj (.text:EPWM_init)
                  000823e5    000000ac     driverlib.lib : gpio.obj (.text:GPIO_setAnalogMode)
                  00082491    00000088     rts2800_fpu32_eabi.lib : fs_div28.asm.obj (.text)
                  00082519    00000073     driverlib.lib : sysctl.obj (.text:DCC_setCounterSeeds)
                  0008258c    0000006e     device.obj (.text:Device_enableAllPeripherals)
                  000825fa    00000065     driverlib.lib : sysctl.obj (.text:SysCtl_getClock)
                  0008265f    0000005b     device.obj (.text:Device_init)
                  000826ba    00000052     driverlib.lib : gpio.obj (.text:GPIO_setPadConfig)
                  0008270c    00000047                   : sysctl.obj (.text:SysCtl_selectOscSource)
                  00082753    00000046                   : sysctl.obj (.text:SysCtl_selectXTAL)
                  00082799    00000045                   : sysctl.obj (.text:SysCtl_pollX1Counter)
                  000827de    00000044                   : gpio.obj (.text:GPIO_isPinValid)
                  00082822    00000044     empty_driverlib_main.obj (.text:GPIO_isPinValid)
                  00082866    00000040     board.obj (.text:EPWM_setActionQualifierAction)
                  000828a6    0000003e     board.obj (.text:EPWM_setCounterCompareShadowLoadMode)
                  000828e4    0000003d     driverlib.lib : interrupt.obj (.text:Interrupt_initModule)
                  00082921    0000003a     board.obj (.text:EPWM_setActionQualifierShadowLoadMode)
                  0008295b    00000037     driverlib.lib : gpio.obj (.text:GPIO_setPinConfig)
                  00082992    00000037                   : gpio.obj (.text:GPIO_setQualificationMode)
                  000829c9    00000037                   : interrupt.obj (.text:Interrupt_enable)
                  00082a00    00000033     empty_driverlib_main.obj (.text:INT_myEPWM2_TZ_ISR)
                  00082a33    00000031     driverlib.lib : gpio.obj (.text:GPIO_setDirectionMode)
                  00082a64    0000002e     empty_driverlib_main.obj (.text:dacCode)
                  00082a92    0000002e     rts2800_fpu32_eabi.lib : copy_decompress_lzss.c.obj (.text:decompress:lzss)
                  00082ac0    0000002e     empty_driverlib_main.obj (.text:main)
                  00082aee    0000002b     rts2800_fpu32_eabi.lib : autoinit.c.obj (.text:__TI_auto_init_nobinit_nopinit)
                  00082b19    0000002a     board.obj (.text:XBAR_setInputPin)
                  00082b43    00000029     rts2800_fpu32_eabi.lib : exit.c.obj (.text)
                  00082b6c    00000027     board.obj (.text:EPWM_isBaseValid)
                  00082b93    00000025     driverlib.lib : sysctl.obj (.text:SysCtl_selectXTALSingleEnded)
                  00082bb8    00000024                   : sysctl.obj (.text:DCC_enableSingleShotMode)
                  00082bdc    00000023     empty_driverlib_main.obj (.text:GPIO_readPin)
                  00082bff    00000022     board.obj (.text:EPWM_setCounterCompareValue)
                  00082c21    00000022     board.obj (.text:EPWM_setTripZoneAction)
                  00082c43    00000020     board.obj (.text:EPWM_enableTripZoneInterrupt)
                  00082c63    0000001f     board.obj (.text:EPWM_setFallingEdgeDelayCountShadowLoadMode)
                  00082c82    0000001f     board.obj (.text:EPWM_setRisingEdgeDelayCountShadowLoadMode)
                  00082ca1    0000001f     driverlib.lib : flash.obj (.text:Flash_writeTrims)
                  00082cc0    0000001e                   : sysctl.obj (.text:DCC_setCounter0ClkSource)
                  00082cde    0000001e                   : sysctl.obj (.text:DCC_setCounter1ClkSource)
                  00082cfc    0000001e     board.obj (.text:EPWM_setPhaseShift)
                  00082d1a    0000001e     driverlib.lib : interrupt.obj (.text:Interrupt_initVectorTable)
                  00082d38    0000001d     empty_driverlib_main.obj (.text:CMPSS_setDACValueLow)
                  00082d55    0000001d     rts2800_fpu32_eabi.lib : memcpy.c.obj (.text)
                  00082d72    0000001c     board.obj (.text:EPWM_setClockPrescaler)
                  00082d8e    0000001b     empty_driverlib_main.obj (.text:CMPSS_isBaseValid)
                  00082da9    0000001b     driverlib.lib : sysctl.obj (.text:SysCtl_setIntOSC2_Mode)
                  00082dc4    0000001a     board.obj (.text:ASysCtl_setAnalogReference1P65)
                  00082dde    0000001a     board.obj (.text:EPWM_disableActionQualifierShadowLoadMode)
                  00082df8    0000001a     driverlib.lib : sysctl.obj (.text:SysCtl_getLowSpeedClock)
                  00082e12    00000019                   : sysctl.obj (.text:SysCtl_setPLLSysClk)
                  00082e2b    00000018     board.obj (.text:ASysCtl_setAnalogReferenceInternal)
                  00082e43    00000018     board.obj (.text:EPWM_disableFallingEdgeDelayCountShadowLoadMode)
                  00082e5b    00000018     board.obj (.text:EPWM_disableRisingEdgeDelayCountShadowLoadMode)
                  00082e73    00000017     board.obj (.text:ASysCtl_enableCMPSSExternalDAC)
                  00082e8a    00000017     device.obj (.text:SysCtl_enablePeripheral)
                  00082ea1    00000017     driverlib.lib : sysctl.obj (.text:SysCtl_enablePeripheral)
                  00082eb8    00000017     empty_driverlib_main.obj (.text:SysCtl_enablePeripheral)
                  00082ecf    00000017     rts2800_fpu32_eabi.lib : boot28.asm.obj (.text)
                  00082ee6    00000016     empty_driverlib_main.obj (.text:CMPSS_configDAC)
                  00082efc    00000016     driverlib.lib : sysctl.obj (.text:DCC_disableDoneSignal)
                  00082f12    00000016     board.obj (.text:EPWM_enableTripZoneSignals)
                  00082f28    00000016     driverlib.lib : interrupt.obj (.text:Interrupt_defaultHandler)
                  00082f3e    00000015                   : sysctl.obj (.text:DCC_clearDoneFlag)
                  00082f53    00000015                   : sysctl.obj (.text:DCC_clearErrorFlag)
                  00082f68    00000015                   : sysctl.obj (.text:DCC_disableErrorSignal)
                  00082f7d    00000015     device.obj (.text:GPIO_unlockPortConfig)
                  00082f92    00000014     driverlib.lib : sysctl.obj (.text:DCC_disableModule)
                  00082fa6    00000014                   : sysctl.obj (.text:DCC_enableModule)
                  00082fba    00000014     board.obj (.text:EPWM_setTimeBaseCounterMode)
                  00082fce    00000014     board.obj (.text:EPWM_setTimeBasePeriod)
                  00082fe2    00000013     board.obj (.text:Board_init)
                  00082ff5    00000013     empty_driverlib_main.obj (.text:CMPSS_enableModule)
                  00083008    00000013     board.obj (.text:XBAR_isBaseValid)
                  0008301b    00000012     board.obj (.text:EPWM_setTimeBaseCounter)
                  0008302d    00000012     board.obj (.text:SysCtl_setSyncOutputConfig)
                  0008303f    00000011     board.obj (.text:EPWM_disablePhaseShiftLoad)
                  00083050    00000010     board.obj (.text:CSA_OUT_init)
                  00083060    00000010     driverlib.lib : sysctl.obj (.text:DCC_isBaseValid)
                  00083070    00000010     device.obj (.text:Device_initGPIO)
                  00083080    00000010     driverlib.lib : flash.obj (.text:Flash_isCtrlBaseValid)
                  00083090    00000010                   : flash.obj (.text:Flash_isECCBaseValid)
                  000830a0    0000000f     board.obj (.text:Interrupt_register)
                  000830af    0000000d     board.obj (.text:INTERRUPT_init)
                  000830bc    0000000d     driverlib.lib : interrupt.obj (.text:Interrupt_disableGlobal)
                  000830c9    0000000d                   : interrupt.obj (.text:Interrupt_enableGlobal)
                  000830d6    0000000d     device.obj (.text:SysCtl_setLowSpeedClock)
                  000830e3    0000000d     rts2800_fpu32_eabi.lib : copy_zero_init.c.obj (.text:decompress:ZI:__TI_zero_init_nomemset)
                  000830f0    0000000c     board.obj (.text:ASYSCTL_init)
                  000830fc    0000000c     board.obj (.text:SysCtl_enableExtADCSOCSource)
                  00083108    0000000c     rts2800_fpu32_eabi.lib : args_main.c.obj (.text)
                  00083114    0000000b     device.obj (.text:SysCtl_disableWatchdog)
                  0008311f    0000000b     driverlib.lib : sysctl.obj (.text:SysCtl_isMCDClockFailureDetected)
                  0008312a    0000000a                   : sysctl.obj (.text:ASysCtl_getExtROscStatus)
                  00083134    0000000a                   : interrupt.obj (.text:Interrupt_illegalOperationHandler)
                  0008313e    0000000a                   : interrupt.obj (.text:Interrupt_nmiHandler)
                  00083148    0000000a     board.obj (.text:SYNC_init)
                  00083152    00000009     rts2800_fpu32_eabi.lib : _lock.c.obj (.text)
                  0008315b    00000008                            : copy_decompress_none.c.obj (.text:decompress:none)
                  00083163    00000008     f280013x_codestartbranch.obj (.text)
                  0008316b    00000007     board.obj (.text:ASysCtl_disableTemperatureSensor)
                  00083172    00000007     device.obj (.text:ASysCtl_lockVREG)
                  00083179    00000007     driverlib.lib : sysctl.obj (.text:SysCtl_resetMCD)
                  00083180    00000007     device.obj (.text:__error__)
                  00083187    00000007     board.obj (.text:myINPUTXBARINPUT0_init)
                  0008318e    00000006     empty_driverlib_main.obj (.text:Interrupt_clearACKGroup)
                  00083194    00000003     board.obj (.text:EPWMXBAR_init)
                  00083197    00000003     board.obj (.text:GPIO_init)
                  0008319a    00000003     board.obj (.text:INPUTXBAR_init)
                  0008319d    00000002     rts2800_fpu32_eabi.lib : pre_init.c.obj (.text)
                  0008319f    00000001     c2000ware_libraries.obj (.text:C2000Ware_libraries_init)
                  000831a0    00000001     board.obj (.text:myEPWMXBAR0_init)
                  000831a1    00000001     rts2800_fpu32_eabi.lib : startup.c.obj (.text)

.const     0    00088000    00000329     
                  00088000    000000c1     board.obj (.const:.string)
                  000880c1    00000001     --HOLE-- [fill = 0]
                  000880c2    0000009c     driverlib.lib : flash.obj (.const:.string)
                  0008815e    0000009b                   : gpio.obj (.const:.string)
                  000881f9    00000001     --HOLE-- [fill = 0]
                  000881fa    0000009b                   : sysctl.obj (.const:.string)
                  00088295    00000001     --HOLE-- [fill = 0]
                  00088296    0000007f     empty_driverlib_main.obj (.const:.string)
                  00088315    00000001     --HOLE-- [fill = 0]
                  00088316    00000013     device.obj (.const:.string)

MODULE SUMMARY

       Module                         code   ro data   rw data
       ------                         ----   -------   -------
    .\
       empty_driverlib_main.obj       372    127       10     
    +--+------------------------------+------+---------+---------+
       Total:                         372    127       10     
                                                              
    .\device\
       device.obj                     299    19        0      
       f280013x_codestartbranch.obj   10     0         0      
    +--+------------------------------+------+---------+---------+
       Total:                         309    19        0      
                                                              
    .\syscfg\
       board.obj                      1329   193       0      
       c2000ware_libraries.obj        1      0         0      
    +--+------------------------------+------+---------+---------+
       Total:                         1330   193       0      
                                                              
    C:/ti/C2000Ware_6_00_01_00/driverlib/f280013x/driverlib/ccs/Debug/driverlib.lib
       sysctl.obj                     1392   155       0      
       flash.obj                      523    156       0      
       gpio.obj                       481    155       0      
       interrupt.obj                  214    0         0      
    +--+------------------------------+------+---------+---------+
       Total:                         2610   466       0      
                                                              
    C:\ti\ccs2040\ccs\tools\compiler\ti-cgt-c2000_22.6.3.LTS\lib\rts2800_fpu32_eabi.lib
       fs_div28.asm.obj               136    0         0      
       exit.c.obj                     41     0         6      
       copy_decompress_lzss.c.obj     46     0         0      
       autoinit.c.obj                 43     0         0      
       memcpy.c.obj                   29     0         0      
       boot28.asm.obj                 23     0         0      
       _lock.c.obj                    9      0         4      
       copy_zero_init.c.obj           13     0         0      
       args_main.c.obj                12     0         0      
       copy_decompress_none.c.obj     8      0         0      
       pre_init.c.obj                 2      0         0      
       startup.c.obj                  1      0         0      
    +--+------------------------------+------+---------+---------+
       Total:                         363    0         10     
                                                              
       Stack:                         0      0         512    
       Linker Generated:              0      27        0      
    +--+------------------------------+------+---------+---------+
       Grand Total:                   4984   832       532    


LINKER GENERATED COPY TABLES

__TI_cinit_table @ 0008010c records: 2, size/record: 4, table size: 8
	.data: load addr=000800f8, load size=00000009 bytes, run addr=000080f4, run size=0000000a bytes, compression=lzss
	.bss: load addr=00080108, load size=00000004 bytes, run addr=000080ea, run size=0000000a bytes, compression=zero_init


LINKER GENERATED HANDLER TABLE

__TI_handler_table @ 00080102 records: 3, size/record: 2, table size: 6
	index: 0, handler: __TI_zero_init
	index: 1, handler: __TI_decompress_lzss
	index: 2, handler: __TI_decompress_none


GLOBAL DATA SYMBOLS: SORTED BY DATA PAGE

address     data page           name
--------    ----------------    ----
00000400      10 (00000400)     __stack

000080ea     203 (000080c0)     dac_val
000080ec     203 (000080c0)     epwm0TZIntCount
000080ee     203 (000080c0)     epwm1TZIntCount
000080f0     203 (000080c0)     epwm2TZIntCount
000080f2     203 (000080c0)     g9
000080f4     203 (000080c0)     __TI_enable_exit_profile_output
000080f6     203 (000080c0)     __TI_cleanup_ptr
000080f8     203 (000080c0)     __TI_dtors_ptr
000080fa     203 (000080c0)     _lock
000080fc     203 (000080c0)     _unlock


GLOBAL SYMBOLS: SORTED ALPHABETICALLY BY Name 

page  address   name                             
----  -------   ----                             
0     000830f0  ASYSCTL_init                     
0     00082fe2  Board_init                       
0     00082b43  C$$EXIT                          
0     0008319f  C2000Ware_libraries_init         
0     00083050  CSA_OUT_init                     
0     0008258c  Device_enableAllPeripherals      
0     0008265f  Device_init                      
0     00083070  Device_initGPIO                  
0     00083194  EPWMXBAR_init                    
0     0008230c  EPWM_init                        
0     00008000  Flash_initModule                 
0     00083197  GPIO_init                        
0     000823e5  GPIO_setAnalogMode               
0     00082a33  GPIO_setDirectionMode            
0     000826ba  GPIO_setPadConfig                
0     0008295b  GPIO_setPinConfig                
0     00082992  GPIO_setQualificationMode        
0     0008319a  INPUTXBAR_init                   
0     000830af  INTERRUPT_init                   
0     00082a00  INT_myEPWM2_TZ_ISR               
0     00082f28  Interrupt_defaultHandler         
0     000829c9  Interrupt_enable                 
0     00083134  Interrupt_illegalOperationHandler
0     000828e4  Interrupt_initModule             
0     00082d1a  Interrupt_initVectorTable        
0     0008313e  Interrupt_nmiHandler             
0     0008222b  PinMux_init                      
0     000800f2  RamfuncsLoadEnd                  
abs   000000ea  RamfuncsLoadSize                 
0     00080008  RamfuncsLoadStart                
0     000080ea  RamfuncsRunEnd                   
abs   000000ea  RamfuncsRunSize                  
0     00008000  RamfuncsRunStart                 
0     00083148  SYNC_init                        
0     000080e6  SysCtl_delay                     
0     000825fa  SysCtl_getClock                  
0     00082df8  SysCtl_getLowSpeedClock          
0     00082141  SysCtl_isPLLValid                
0     0008270c  SysCtl_selectOscSource           
0     00082753  SysCtl_selectXTAL                
0     00082b93  SysCtl_selectXTALSingleEnded     
0     00082000  SysCtl_setClock                  
0     0008010c  __TI_CINIT_Base                  
0     00080114  __TI_CINIT_Limit                 
0     00080114  __TI_CINIT_Warm                  
0     00080102  __TI_Handler_Table_Base          
0     00080108  __TI_Handler_Table_Limit         
0     00000600  __TI_STACK_END                   
abs   00000200  __TI_STACK_SIZE                  
0     00082aee  __TI_auto_init_nobinit_nopinit   
0     000080f6  __TI_cleanup_ptr                 
0     00082a92  __TI_decompress_lzss             
0     0008315b  __TI_decompress_none             
0     000080f8  __TI_dtors_ptr                   
0     000080f4  __TI_enable_exit_profile_output  
abs   ffffffff  __TI_pprof_out_hndl              
abs   ffffffff  __TI_prof_data_size              
abs   ffffffff  __TI_prof_data_start             
0     000830e3  __TI_zero_init_nomemset          
0     00082491  __c28xabi_divf                   
n/a   UNDEFED   __c_args__                       
0     00083180  __error__                        
0     00000400  __stack                          
0     00083108  _args_main                       
0     00082ecf  _c_int00                         
0     000080fa  _lock                            
0     0008315a  _nop                             
0     00083156  _register_lock                   
0     00083152  _register_unlock                 
0     000831a1  _system_post_cinit               
0     0008319d  _system_pre_init                 
0     000080fc  _unlock                          
0     00082b43  abort                            
0     00080000  code_start                       
0     000080ea  dac_val                          
0     000080ec  epwm0TZIntCount                  
0     000080ee  epwm1TZIntCount                  
0     000080f0  epwm2TZIntCount                  
0     00082b45  exit                             
0     000080f2  g9                               
0     00082ac0  main                             
0     00082d55  memcpy                           
0     000831a0  myEPWMXBAR0_init                 
0     00083187  myINPUTXBARINPUT0_init           


GLOBAL SYMBOLS: SORTED BY Symbol Address 

page  address   name                             
----  -------   ----                             
0     00000400  __stack                          
0     00000600  __TI_STACK_END                   
0     00008000  Flash_initModule                 
0     00008000  RamfuncsRunStart                 
0     000080e6  SysCtl_delay                     
0     000080ea  RamfuncsRunEnd                   
0     000080ea  dac_val                          
0     000080ec  epwm0TZIntCount                  
0     000080ee  epwm1TZIntCount                  
0     000080f0  epwm2TZIntCount                  
0     000080f2  g9                               
0     000080f4  __TI_enable_exit_profile_output  
0     000080f6  __TI_cleanup_ptr                 
0     000080f8  __TI_dtors_ptr                   
0     000080fa  _lock                            
0     000080fc  _unlock                          
0     00080000  code_start                       
0     00080008  RamfuncsLoadStart                
0     000800f2  RamfuncsLoadEnd                  
0     00080102  __TI_Handler_Table_Base          
0     00080108  __TI_Handler_Table_Limit         
0     0008010c  __TI_CINIT_Base                  
0     00080114  __TI_CINIT_Limit                 
0     00080114  __TI_CINIT_Warm                  
0     00082000  SysCtl_setClock                  
0     00082141  SysCtl_isPLLValid                
0     0008222b  PinMux_init                      
0     0008230c  EPWM_init                        
0     000823e5  GPIO_setAnalogMode               
0     00082491  __c28xabi_divf                   
0     0008258c  Device_enableAllPeripherals      
0     000825fa  SysCtl_getClock                  
0     0008265f  Device_init                      
0     000826ba  GPIO_setPadConfig                
0     0008270c  SysCtl_selectOscSource           
0     00082753  SysCtl_selectXTAL                
0     000828e4  Interrupt_initModule             
0     0008295b  GPIO_setPinConfig                
0     00082992  GPIO_setQualificationMode        
0     000829c9  Interrupt_enable                 
0     00082a00  INT_myEPWM2_TZ_ISR               
0     00082a33  GPIO_setDirectionMode            
0     00082a92  __TI_decompress_lzss             
0     00082ac0  main                             
0     00082aee  __TI_auto_init_nobinit_nopinit   
0     00082b43  C$$EXIT                          
0     00082b43  abort                            
0     00082b45  exit                             
0     00082b93  SysCtl_selectXTALSingleEnded     
0     00082d1a  Interrupt_initVectorTable        
0     00082d55  memcpy                           
0     00082df8  SysCtl_getLowSpeedClock          
0     00082ecf  _c_int00                         
0     00082f28  Interrupt_defaultHandler         
0     00082fe2  Board_init                       
0     00083050  CSA_OUT_init                     
0     00083070  Device_initGPIO                  
0     000830af  INTERRUPT_init                   
0     000830e3  __TI_zero_init_nomemset          
0     000830f0  ASYSCTL_init                     
0     00083108  _args_main                       
0     00083134  Interrupt_illegalOperationHandler
0     0008313e  Interrupt_nmiHandler             
0     00083148  SYNC_init                        
0     00083152  _register_unlock                 
0     00083156  _register_lock                   
0     0008315a  _nop                             
0     0008315b  __TI_decompress_none             
0     00083180  __error__                        
0     00083187  myINPUTXBARINPUT0_init           
0     00083194  EPWMXBAR_init                    
0     00083197  GPIO_init                        
0     0008319a  INPUTXBAR_init                   
0     0008319d  _system_pre_init                 
0     0008319f  C2000Ware_libraries_init         
0     000831a0  myEPWMXBAR0_init                 
0     000831a1  _system_post_cinit               
abs   000000ea  RamfuncsLoadSize                 
abs   000000ea  RamfuncsRunSize                  
abs   00000200  __TI_STACK_SIZE                  
abs   ffffffff  __TI_pprof_out_hndl              
abs   ffffffff  __TI_prof_data_size              
abs   ffffffff  __TI_prof_data_start             
n/a   UNDEFED   __c_args__                       

[84 symbols]
