<?xml version="1.0" encoding="ISO-8859-1" ?>
<link_info>
   <banner>TMS320C2000 Linker PC v22.6.3.LTS</banner>
   <copyright>Copyright (c) 1996-2018 Texas Instruments Incorporated</copyright>
   <link_time>0x694bdd41</link_time>
   <link_errors>0x0</link_errors>
   <output_file>empty_driverlib_project.out</output_file>
   <entry_point>
      <name>code_start</name>
      <address>0x80000</address>
   </entry_point>
   <input_file_list>
      <input_file id="fl-2">
         <path>.\syscfg\</path>
         <kind>object</kind>
         <file>board.obj</file>
         <name>board.obj</name>
      </input_file>
      <input_file id="fl-3">
         <path>.\syscfg\</path>
         <kind>object</kind>
         <file>c2000ware_libraries.obj</file>
         <name>c2000ware_libraries.obj</name>
      </input_file>
      <input_file id="fl-4">
         <path>.\</path>
         <kind>object</kind>
         <file>empty_driverlib_main.obj</file>
         <name>empty_driverlib_main.obj</name>
      </input_file>
      <input_file id="fl-5">
         <path>.\device\</path>
         <kind>object</kind>
         <file>device.obj</file>
         <name>device.obj</name>
      </input_file>
      <input_file id="fl-6">
         <path>.\device\</path>
         <kind>object</kind>
         <file>f280013x_codestartbranch.obj</file>
         <name>f280013x_codestartbranch.obj</name>
      </input_file>
      <input_file id="fl-c">
         <kind>object</kind>
         <file>&lt;internal&gt;</file>
         <name>&lt;internal&gt;</name>
      </input_file>
      <input_file id="fl-d">
         <path>C:\ti\C2000Ware_6_00_01_00\driverlib\f280013x\driverlib\ccs\Debug\</path>
         <kind>archive</kind>
         <file>driverlib.lib</file>
         <name>flash.obj</name>
      </input_file>
      <input_file id="fl-e">
         <path>C:\ti\C2000Ware_6_00_01_00\driverlib\f280013x\driverlib\ccs\Debug\</path>
         <kind>archive</kind>
         <file>driverlib.lib</file>
         <name>gpio.obj</name>
      </input_file>
      <input_file id="fl-f">
         <path>C:\ti\C2000Ware_6_00_01_00\driverlib\f280013x\driverlib\ccs\Debug\</path>
         <kind>archive</kind>
         <file>driverlib.lib</file>
         <name>interrupt.obj</name>
      </input_file>
      <input_file id="fl-10">
         <path>C:\ti\C2000Ware_6_00_01_00\driverlib\f280013x\driverlib\ccs\Debug\</path>
         <kind>archive</kind>
         <file>driverlib.lib</file>
         <name>sysctl.obj</name>
      </input_file>
      <input_file id="fl-1c">
         <path>C:\ti\ccs2040\ccs\tools\compiler\ti-cgt-c2000_22.6.3.LTS\lib\</path>
         <kind>archive</kind>
         <file>rts2800_fpu32_eabi.lib</file>
         <name>boot28.asm.obj</name>
      </input_file>
      <input_file id="fl-1d">
         <path>C:\ti\ccs2040\ccs\tools\compiler\ti-cgt-c2000_22.6.3.LTS\lib\</path>
         <kind>archive</kind>
         <file>rts2800_fpu32_eabi.lib</file>
         <name>fs_div28.asm.obj</name>
      </input_file>
      <input_file id="fl-1e">
         <path>C:\ti\ccs2040\ccs\tools\compiler\ti-cgt-c2000_22.6.3.LTS\lib\</path>
         <kind>archive</kind>
         <file>rts2800_fpu32_eabi.lib</file>
         <name>memcpy.c.obj</name>
      </input_file>
      <input_file id="fl-1f">
         <path>C:\ti\ccs2040\ccs\tools\compiler\ti-cgt-c2000_22.6.3.LTS\lib\</path>
         <kind>archive</kind>
         <file>rts2800_fpu32_eabi.lib</file>
         <name>pre_init.c.obj</name>
      </input_file>
      <input_file id="fl-20">
         <path>C:\ti\ccs2040\ccs\tools\compiler\ti-cgt-c2000_22.6.3.LTS\lib\</path>
         <kind>archive</kind>
         <file>rts2800_fpu32_eabi.lib</file>
         <name>autoinit.c.obj</name>
      </input_file>
      <input_file id="fl-21">
         <path>C:\ti\ccs2040\ccs\tools\compiler\ti-cgt-c2000_22.6.3.LTS\lib\</path>
         <kind>archive</kind>
         <file>rts2800_fpu32_eabi.lib</file>
         <name>copy_zero_init.c.obj</name>
      </input_file>
      <input_file id="fl-22">
         <path>C:\ti\ccs2040\ccs\tools\compiler\ti-cgt-c2000_22.6.3.LTS\lib\</path>
         <kind>archive</kind>
         <file>rts2800_fpu32_eabi.lib</file>
         <name>copy_decompress_none.c.obj</name>
      </input_file>
      <input_file id="fl-23">
         <path>C:\ti\ccs2040\ccs\tools\compiler\ti-cgt-c2000_22.6.3.LTS\lib\</path>
         <kind>archive</kind>
         <file>rts2800_fpu32_eabi.lib</file>
         <name>copy_decompress_lzss.c.obj</name>
      </input_file>
      <input_file id="fl-24">
         <path>C:\ti\ccs2040\ccs\tools\compiler\ti-cgt-c2000_22.6.3.LTS\lib\</path>
         <kind>archive</kind>
         <file>rts2800_fpu32_eabi.lib</file>
         <name>exit.c.obj</name>
      </input_file>
      <input_file id="fl-25">
         <path>C:\ti\ccs2040\ccs\tools\compiler\ti-cgt-c2000_22.6.3.LTS\lib\</path>
         <kind>archive</kind>
         <file>rts2800_fpu32_eabi.lib</file>
         <name>_lock.c.obj</name>
      </input_file>
      <input_file id="fl-26">
         <path>C:\ti\ccs2040\ccs\tools\compiler\ti-cgt-c2000_22.6.3.LTS\lib\</path>
         <kind>archive</kind>
         <file>rts2800_fpu32_eabi.lib</file>
         <name>args_main.c.obj</name>
      </input_file>
      <input_file id="fl-27">
         <path>C:\ti\ccs2040\ccs\tools\compiler\ti-cgt-c2000_22.6.3.LTS\lib\</path>
         <kind>archive</kind>
         <file>rts2800_fpu32_eabi.lib</file>
         <name>memset.c.obj</name>
      </input_file>
      <input_file id="fl-28">
         <path>C:\ti\ccs2040\ccs\tools\compiler\ti-cgt-c2000_22.6.3.LTS\lib\</path>
         <kind>archive</kind>
         <file>rts2800_fpu32_eabi.lib</file>
         <name>cpy_tbl.c.obj</name>
      </input_file>
      <input_file id="fl-29">
         <path>C:\ti\ccs2040\ccs\tools\compiler\ti-cgt-c2000_22.6.3.LTS\lib\</path>
         <kind>archive</kind>
         <file>rts2800_fpu32_eabi.lib</file>
         <name>startup.c.obj</name>
      </input_file>
   </input_file_list>
   <object_component_list>
      <object_component id="oc-20">
         <name>codestart</name>
         <load_address>0x80000</load_address>
         <run_address>0x80000</run_address>
         <size>0x2</size>
         <input_file_ref idref="fl-6"/>
      </object_component>
      <object_component id="oc-218">
         <name>.text:EPWM_init</name>
         <load_address>0x82000</load_address>
         <run_address>0x82000</run_address>
         <size>0x297</size>
         <input_file_ref idref="fl-2"/>
      </object_component>
      <object_component id="oc-1cc">
         <name>.text:SysCtl_setClock</name>
         <load_address>0x82297</load_address>
         <run_address>0x82297</run_address>
         <size>0x141</size>
         <input_file_ref idref="fl-10"/>
      </object_component>
      <object_component id="oc-200">
         <name>.text:PinMux_init</name>
         <load_address>0x823d8</load_address>
         <run_address>0x823d8</run_address>
         <size>0x122</size>
         <input_file_ref idref="fl-2"/>
      </object_component>
      <object_component id="oc-2a0">
         <name>.text:SysCtl_isPLLValid</name>
         <load_address>0x824fa</load_address>
         <run_address>0x824fa</run_address>
         <size>0xea</size>
         <input_file_ref idref="fl-10"/>
      </object_component>
      <object_component id="oc-1f1">
         <name>.text:GPIO_setAnalogMode</name>
         <load_address>0x825e4</load_address>
         <run_address>0x825e4</run_address>
         <size>0xac</size>
         <input_file_ref idref="fl-e"/>
      </object_component>
      <object_component id="oc-230">
         <name>.text</name>
         <load_address>0x82690</load_address>
         <run_address>0x82690</run_address>
         <size>0x88</size>
         <input_file_ref idref="fl-1d"/>
      </object_component>
      <object_component id="oc-d5">
         <name>.text:Interrupt_clearIFR</name>
         <load_address>0x82718</load_address>
         <run_address>0x82718</run_address>
         <size>0x7f</size>
         <input_file_ref idref="fl-f"/>
      </object_component>
      <object_component id="oc-3dd">
         <name>.text:DCC_setCounterSeeds</name>
         <load_address>0x82797</load_address>
         <run_address>0x82797</run_address>
         <size>0x73</size>
         <input_file_ref idref="fl-10"/>
      </object_component>
      <object_component id="oc-1e5">
         <name>.text:Device_enableAllPeripherals</name>
         <load_address>0x8280a</load_address>
         <run_address>0x8280a</run_address>
         <size>0x6e</size>
         <input_file_ref idref="fl-5"/>
      </object_component>
      <object_component id="oc-1d8">
         <name>.text:SysCtl_getClock</name>
         <load_address>0x82878</load_address>
         <run_address>0x82878</run_address>
         <size>0x65</size>
         <input_file_ref idref="fl-10"/>
      </object_component>
      <object_component id="oc-168">
         <name>.text:Device_init</name>
         <load_address>0x828dd</load_address>
         <run_address>0x828dd</run_address>
         <size>0x5b</size>
         <input_file_ref idref="fl-5"/>
      </object_component>
      <object_component id="oc-2bd">
         <name>.text:GPIO_setPadConfig</name>
         <load_address>0x82938</load_address>
         <run_address>0x82938</run_address>
         <size>0x52</size>
         <input_file_ref idref="fl-e"/>
      </object_component>
      <object_component id="oc-90">
         <name>.text:Interrupt_disable</name>
         <load_address>0x8298a</load_address>
         <run_address>0x8298a</run_address>
         <size>0x4e</size>
         <input_file_ref idref="fl-f"/>
      </object_component>
      <object_component id="oc-287">
         <name>.text:SysCtl_selectOscSource</name>
         <load_address>0x829d8</load_address>
         <run_address>0x829d8</run_address>
         <size>0x47</size>
         <input_file_ref idref="fl-10"/>
      </object_component>
      <object_component id="oc-39d">
         <name>.text:SysCtl_selectXTAL</name>
         <load_address>0x82a1f</load_address>
         <run_address>0x82a1f</run_address>
         <size>0x46</size>
         <input_file_ref idref="fl-10"/>
      </object_component>
      <object_component id="oc-432">
         <name>.text:SysCtl_pollX1Counter</name>
         <load_address>0x82a65</load_address>
         <run_address>0x82a65</run_address>
         <size>0x45</size>
         <input_file_ref idref="fl-10"/>
      </object_component>
      <object_component id="oc-3f8">
         <name>.text:GPIO_isPinValid</name>
         <load_address>0x82aaa</load_address>
         <run_address>0x82aaa</run_address>
         <size>0x44</size>
         <input_file_ref idref="fl-e"/>
      </object_component>
      <object_component id="oc-33f">
         <name>.text:EPWM_setActionQualifierAction</name>
         <load_address>0x82aee</load_address>
         <run_address>0x82aee</run_address>
         <size>0x40</size>
         <input_file_ref idref="fl-2"/>
      </object_component>
      <object_component id="oc-32d">
         <name>.text:EPWM_setCounterCompareShadowLoadMode</name>
         <load_address>0x82b2e</load_address>
         <run_address>0x82b2e</run_address>
         <size>0x3e</size>
         <input_file_ref idref="fl-2"/>
      </object_component>
      <object_component id="oc-174">
         <name>.text:Interrupt_initModule</name>
         <load_address>0x82b6c</load_address>
         <run_address>0x82b6c</run_address>
         <size>0x3d</size>
         <input_file_ref idref="fl-f"/>
      </object_component>
      <object_component id="oc-339">
         <name>.text:EPWM_setActionQualifierShadowLoadMode</name>
         <load_address>0x82ba9</load_address>
         <run_address>0x82ba9</run_address>
         <size>0x3a</size>
         <input_file_ref idref="fl-2"/>
      </object_component>
      <object_component id="oc-2b7">
         <name>.text:GPIO_setPinConfig</name>
         <load_address>0x82be3</load_address>
         <run_address>0x82be3</run_address>
         <size>0x37</size>
         <input_file_ref idref="fl-e"/>
      </object_component>
      <object_component id="oc-2c3">
         <name>.text:GPIO_setQualificationMode</name>
         <load_address>0x82c1a</load_address>
         <run_address>0x82c1a</run_address>
         <size>0x37</size>
         <input_file_ref idref="fl-e"/>
      </object_component>
      <object_component id="oc-8a">
         <name>.text:Interrupt_enable</name>
         <load_address>0x82c51</load_address>
         <run_address>0x82c51</run_address>
         <size>0x37</size>
         <input_file_ref idref="fl-f"/>
      </object_component>
      <object_component id="oc-2b">
         <name>.text:INT_myEPWM0_TZ_ISR</name>
         <load_address>0x82c88</load_address>
         <run_address>0x82c88</run_address>
         <size>0x34</size>
         <input_file_ref idref="fl-4"/>
      </object_component>
      <object_component id="oc-37">
         <name>.text:INT_myEPWM1_TZ_ISR</name>
         <load_address>0x82cbc</load_address>
         <run_address>0x82cbc</run_address>
         <size>0x34</size>
         <input_file_ref idref="fl-4"/>
      </object_component>
      <object_component id="oc-3d">
         <name>.text:INT_myEPWM2_TZ_ISR</name>
         <load_address>0x82cf0</load_address>
         <run_address>0x82cf0</run_address>
         <size>0x34</size>
         <input_file_ref idref="fl-4"/>
      </object_component>
      <object_component id="oc-429">
         <name>.text:GPIO_setDirectionMode</name>
         <load_address>0x82d24</load_address>
         <run_address>0x82d24</run_address>
         <size>0x31</size>
         <input_file_ref idref="fl-e"/>
      </object_component>
      <object_component id="oc-198">
         <name>.text:dacCode</name>
         <load_address>0x82d55</load_address>
         <run_address>0x82d55</run_address>
         <size>0x2e</size>
         <input_file_ref idref="fl-4"/>
      </object_component>
      <object_component id="oc-13">
         <name>.text:decompress:lzss</name>
         <load_address>0x82d83</load_address>
         <run_address>0x82d83</run_address>
         <size>0x2e</size>
         <input_file_ref idref="fl-23"/>
      </object_component>
      <object_component id="oc-345">
         <name>.text:EPWM_setActionQualifierContSWForceAction</name>
         <load_address>0x82db1</load_address>
         <run_address>0x82db1</run_address>
         <size>0x2c</size>
         <input_file_ref idref="fl-2"/>
      </object_component>
      <object_component id="oc-10d">
         <name>.text:__TI_auto_init_nobinit_nopinit</name>
         <load_address>0x82ddd</load_address>
         <run_address>0x82ddd</run_address>
         <size>0x2b</size>
         <input_file_ref idref="fl-20"/>
      </object_component>
      <object_component id="oc-400">
         <name>.text:XBAR_setInputPin</name>
         <load_address>0x82e08</load_address>
         <run_address>0x82e08</run_address>
         <size>0x2a</size>
         <input_file_ref idref="fl-2"/>
      </object_component>
      <object_component id="oc-fa">
         <name>.text</name>
         <load_address>0x82e32</load_address>
         <run_address>0x82e32</run_address>
         <size>0x29</size>
         <input_file_ref idref="fl-24"/>
      </object_component>
      <object_component id="oc-410">
         <name>.text:EPWM_isBaseValid</name>
         <load_address>0x82e5b</load_address>
         <run_address>0x82e5b</run_address>
         <size>0x27</size>
         <input_file_ref idref="fl-2"/>
      </object_component>
      <object_component id="oc-b8">
         <name>.text:EPWM_isBaseValid</name>
         <load_address>0x82e82</load_address>
         <run_address>0x82e82</run_address>
         <size>0x27</size>
         <input_file_ref idref="fl-4"/>
      </object_component>
      <object_component id="oc-13d">
         <name>.text:main</name>
         <load_address>0x82ea9</load_address>
         <run_address>0x82ea9</run_address>
         <size>0x27</size>
         <input_file_ref idref="fl-4"/>
      </object_component>
      <object_component id="oc-2c">
         <name>.text:INTERRUPT_init</name>
         <load_address>0x82ed0</load_address>
         <run_address>0x82ed0</run_address>
         <size>0x25</size>
         <input_file_ref idref="fl-2"/>
      </object_component>
      <object_component id="oc-3a3">
         <name>.text:SysCtl_selectXTALSingleEnded</name>
         <load_address>0x82ef5</load_address>
         <run_address>0x82ef5</run_address>
         <size>0x25</size>
         <input_file_ref idref="fl-10"/>
      </object_component>
      <object_component id="oc-3e3">
         <name>.text:DCC_enableSingleShotMode</name>
         <load_address>0x82f1a</load_address>
         <run_address>0x82f1a</run_address>
         <size>0x24</size>
         <input_file_ref idref="fl-10"/>
      </object_component>
      <object_component id="oc-327">
         <name>.text:EPWM_setCounterCompareValue</name>
         <load_address>0x82f3e</load_address>
         <run_address>0x82f3e</run_address>
         <size>0x22</size>
         <input_file_ref idref="fl-2"/>
      </object_component>
      <object_component id="oc-363">
         <name>.text:EPWM_setTripZoneAction</name>
         <load_address>0x82f60</load_address>
         <run_address>0x82f60</run_address>
         <size>0x22</size>
         <input_file_ref idref="fl-2"/>
      </object_component>
      <object_component id="oc-36f">
         <name>.text:EPWM_enableTripZoneInterrupt</name>
         <load_address>0x82f82</load_address>
         <run_address>0x82f82</run_address>
         <size>0x20</size>
         <input_file_ref idref="fl-2"/>
      </object_component>
      <object_component id="oc-78">
         <name>.text:EPWM_clearTripZoneFlag</name>
         <load_address>0x82fa2</load_address>
         <run_address>0x82fa2</run_address>
         <size>0x1f</size>
         <input_file_ref idref="fl-4"/>
      </object_component>
      <object_component id="oc-357">
         <name>.text:EPWM_setFallingEdgeDelayCountShadowLoadMode</name>
         <load_address>0x82fc1</load_address>
         <run_address>0x82fc1</run_address>
         <size>0x1f</size>
         <input_file_ref idref="fl-2"/>
      </object_component>
      <object_component id="oc-34b">
         <name>.text:EPWM_setRisingEdgeDelayCountShadowLoadMode</name>
         <load_address>0x82fe0</load_address>
         <run_address>0x82fe0</run_address>
         <size>0x1f</size>
         <input_file_ref idref="fl-2"/>
      </object_component>
      <object_component id="oc-266">
         <name>.text:Flash_writeTrims</name>
         <load_address>0x82fff</load_address>
         <run_address>0x82fff</run_address>
         <size>0x1f</size>
         <input_file_ref idref="fl-d"/>
      </object_component>
      <object_component id="oc-3d1">
         <name>.text:DCC_setCounter0ClkSource</name>
         <load_address>0x8301e</load_address>
         <run_address>0x8301e</run_address>
         <size>0x1e</size>
         <input_file_ref idref="fl-10"/>
      </object_component>
      <object_component id="oc-3d7">
         <name>.text:DCC_setCounter1ClkSource</name>
         <load_address>0x8303c</load_address>
         <run_address>0x8303c</run_address>
         <size>0x1e</size>
         <input_file_ref idref="fl-10"/>
      </object_component>
      <object_component id="oc-321">
         <name>.text:EPWM_setPhaseShift</name>
         <load_address>0x8305a</load_address>
         <run_address>0x8305a</run_address>
         <size>0x1e</size>
         <input_file_ref idref="fl-2"/>
      </object_component>
      <object_component id="oc-44">
         <name>.text:Interrupt_initVectorTable</name>
         <load_address>0x83078</load_address>
         <run_address>0x83078</run_address>
         <size>0x1e</size>
         <input_file_ref idref="fl-f"/>
      </object_component>
      <object_component id="oc-19e">
         <name>.text:CMPSS_setDACValueLow</name>
         <load_address>0x83096</load_address>
         <run_address>0x83096</run_address>
         <size>0x1d</size>
         <input_file_ref idref="fl-4"/>
      </object_component>
      <object_component id="oc-5e">
         <name>.text</name>
         <load_address>0x830b3</load_address>
         <run_address>0x830b3</run_address>
         <size>0x1d</size>
         <input_file_ref idref="fl-1e"/>
      </object_component>
      <object_component id="oc-303">
         <name>.text:EPWM_setClockPrescaler</name>
         <load_address>0x830d0</load_address>
         <run_address>0x830d0</run_address>
         <size>0x1c</size>
         <input_file_ref idref="fl-2"/>
      </object_component>
      <object_component id="oc-228">
         <name>.text:CMPSS_isBaseValid</name>
         <load_address>0x830ec</load_address>
         <run_address>0x830ec</run_address>
         <size>0x1b</size>
         <input_file_ref idref="fl-4"/>
      </object_component>
      <object_component id="oc-28e">
         <name>.text:SysCtl_setIntOSC2_Mode</name>
         <load_address>0x83107</load_address>
         <run_address>0x83107</run_address>
         <size>0x1b</size>
         <input_file_ref idref="fl-10"/>
      </object_component>
      <object_component id="oc-2f6">
         <name>.text:ASysCtl_setAnalogReference1P65</name>
         <load_address>0x83122</load_address>
         <run_address>0x83122</run_address>
         <size>0x1a</size>
         <input_file_ref idref="fl-2"/>
      </object_component>
      <object_component id="oc-333">
         <name>.text:EPWM_disableActionQualifierShadowLoadMode</name>
         <load_address>0x8313c</load_address>
         <run_address>0x8313c</run_address>
         <size>0x1a</size>
         <input_file_ref idref="fl-2"/>
      </object_component>
      <object_component id="oc-1df">
         <name>.text:SysCtl_getLowSpeedClock</name>
         <load_address>0x83156</load_address>
         <run_address>0x83156</run_address>
         <size>0x1a</size>
         <input_file_ref idref="fl-10"/>
      </object_component>
      <object_component id="oc-29a">
         <name>.text:SysCtl_setPLLSysClk</name>
         <load_address>0x83170</load_address>
         <run_address>0x83170</run_address>
         <size>0x19</size>
         <input_file_ref idref="fl-10"/>
      </object_component>
      <object_component id="oc-2f0">
         <name>.text:ASysCtl_setAnalogReferenceInternal</name>
         <load_address>0x83189</load_address>
         <run_address>0x83189</run_address>
         <size>0x18</size>
         <input_file_ref idref="fl-2"/>
      </object_component>
      <object_component id="oc-35d">
         <name>.text:EPWM_disableFallingEdgeDelayCountShadowLoadMode</name>
         <load_address>0x831a1</load_address>
         <run_address>0x831a1</run_address>
         <size>0x18</size>
         <input_file_ref idref="fl-2"/>
      </object_component>
      <object_component id="oc-351">
         <name>.text:EPWM_disableRisingEdgeDelayCountShadowLoadMode</name>
         <load_address>0x831b9</load_address>
         <run_address>0x831b9</run_address>
         <size>0x18</size>
         <input_file_ref idref="fl-2"/>
      </object_component>
      <object_component id="oc-2fc">
         <name>.text:ASysCtl_enableCMPSSExternalDAC</name>
         <load_address>0x831d1</load_address>
         <run_address>0x831d1</run_address>
         <size>0x17</size>
         <input_file_ref idref="fl-2"/>
      </object_component>
      <object_component id="oc-2ab">
         <name>.text:SysCtl_enablePeripheral</name>
         <load_address>0x831e8</load_address>
         <run_address>0x831e8</run_address>
         <size>0x17</size>
         <input_file_ref idref="fl-5"/>
      </object_component>
      <object_component id="oc-3ad">
         <name>.text:SysCtl_enablePeripheral</name>
         <load_address>0x831ff</load_address>
         <run_address>0x831ff</run_address>
         <size>0x17</size>
         <input_file_ref idref="fl-10"/>
      </object_component>
      <object_component id="oc-186">
         <name>.text:SysCtl_enablePeripheral</name>
         <load_address>0x83216</load_address>
         <run_address>0x83216</run_address>
         <size>0x17</size>
         <input_file_ref idref="fl-4"/>
      </object_component>
      <object_component id="oc-b2">
         <name>.text</name>
         <load_address>0x8322d</load_address>
         <run_address>0x8322d</run_address>
         <size>0x17</size>
         <input_file_ref idref="fl-1c"/>
      </object_component>
      <object_component id="oc-192">
         <name>.text:CMPSS_configDAC</name>
         <load_address>0x83244</load_address>
         <run_address>0x83244</run_address>
         <size>0x16</size>
         <input_file_ref idref="fl-4"/>
      </object_component>
      <object_component id="oc-3cb">
         <name>.text:DCC_disableDoneSignal</name>
         <load_address>0x8325a</load_address>
         <run_address>0x8325a</run_address>
         <size>0x16</size>
         <input_file_ref idref="fl-10"/>
      </object_component>
      <object_component id="oc-369">
         <name>.text:EPWM_enableTripZoneSignals</name>
         <load_address>0x83270</load_address>
         <run_address>0x83270</run_address>
         <size>0x16</size>
         <input_file_ref idref="fl-2"/>
      </object_component>
      <object_component id="oc-43">
         <name>.text:Interrupt_defaultHandler</name>
         <load_address>0x83286</load_address>
         <run_address>0x83286</run_address>
         <size>0x16</size>
         <input_file_ref idref="fl-f"/>
      </object_component>
      <object_component id="oc-3b9">
         <name>.text:DCC_clearDoneFlag</name>
         <load_address>0x8329c</load_address>
         <run_address>0x8329c</run_address>
         <size>0x15</size>
         <input_file_ref idref="fl-10"/>
      </object_component>
      <object_component id="oc-3b3">
         <name>.text:DCC_clearErrorFlag</name>
         <load_address>0x832b1</load_address>
         <run_address>0x832b1</run_address>
         <size>0x15</size>
         <input_file_ref idref="fl-10"/>
      </object_component>
      <object_component id="oc-3c5">
         <name>.text:DCC_disableErrorSignal</name>
         <load_address>0x832c6</load_address>
         <run_address>0x832c6</run_address>
         <size>0x15</size>
         <input_file_ref idref="fl-10"/>
      </object_component>
      <object_component id="oc-1f8">
         <name>.text:GPIO_unlockPortConfig</name>
         <load_address>0x832db</load_address>
         <run_address>0x832db</run_address>
         <size>0x15</size>
         <input_file_ref idref="fl-5"/>
      </object_component>
      <object_component id="oc-3bf">
         <name>.text:DCC_disableModule</name>
         <load_address>0x832f0</load_address>
         <run_address>0x832f0</run_address>
         <size>0x14</size>
         <input_file_ref idref="fl-10"/>
      </object_component>
      <object_component id="oc-3e9">
         <name>.text:DCC_enableModule</name>
         <load_address>0x83304</load_address>
         <run_address>0x83304</run_address>
         <size>0x14</size>
         <input_file_ref idref="fl-10"/>
      </object_component>
      <object_component id="oc-315">
         <name>.text:EPWM_setTimeBaseCounterMode</name>
         <load_address>0x83318</load_address>
         <run_address>0x83318</run_address>
         <size>0x14</size>
         <input_file_ref idref="fl-2"/>
      </object_component>
      <object_component id="oc-309">
         <name>.text:EPWM_setTimeBasePeriod</name>
         <load_address>0x8332c</load_address>
         <run_address>0x8332c</run_address>
         <size>0x14</size>
         <input_file_ref idref="fl-2"/>
      </object_component>
      <object_component id="oc-18c">
         <name>.text:CMPSS_enableModule</name>
         <load_address>0x83340</load_address>
         <run_address>0x83340</run_address>
         <size>0x13</size>
         <input_file_ref idref="fl-4"/>
      </object_component>
      <object_component id="oc-452">
         <name>.text:XBAR_isBaseValid</name>
         <load_address>0x83353</load_address>
         <run_address>0x83353</run_address>
         <size>0x13</size>
         <input_file_ref idref="fl-2"/>
      </object_component>
      <object_component id="oc-30f">
         <name>.text:EPWM_setTimeBaseCounter</name>
         <load_address>0x83366</load_address>
         <run_address>0x83366</run_address>
         <size>0x12</size>
         <input_file_ref idref="fl-2"/>
      </object_component>
      <object_component id="oc-2dd">
         <name>.text:SysCtl_setSyncOutputConfig</name>
         <load_address>0x83378</load_address>
         <run_address>0x83378</run_address>
         <size>0x12</size>
         <input_file_ref idref="fl-2"/>
      </object_component>
      <object_component id="oc-17a">
         <name>.text:Board_init</name>
         <load_address>0x8338a</load_address>
         <run_address>0x8338a</run_address>
         <size>0x11</size>
         <input_file_ref idref="fl-2"/>
      </object_component>
      <object_component id="oc-31b">
         <name>.text:EPWM_disablePhaseShiftLoad</name>
         <load_address>0x8339b</load_address>
         <run_address>0x8339b</run_address>
         <size>0x11</size>
         <input_file_ref idref="fl-2"/>
      </object_component>
      <object_component id="oc-382">
         <name>.text:CSB_OUT_init</name>
         <load_address>0x833ac</load_address>
         <run_address>0x833ac</run_address>
         <size>0x10</size>
         <input_file_ref idref="fl-2"/>
      </object_component>
      <object_component id="oc-37c">
         <name>.text:CSC_OUT_init</name>
         <load_address>0x833bc</load_address>
         <run_address>0x833bc</run_address>
         <size>0x10</size>
         <input_file_ref idref="fl-2"/>
      </object_component>
      <object_component id="oc-376">
         <name>.text:CSD_OUT_init</name>
         <load_address>0x833cc</load_address>
         <run_address>0x833cc</run_address>
         <size>0x10</size>
         <input_file_ref idref="fl-2"/>
      </object_component>
      <object_component id="oc-441">
         <name>.text:DCC_isBaseValid</name>
         <load_address>0x833dc</load_address>
         <run_address>0x833dc</run_address>
         <size>0x10</size>
         <input_file_ref idref="fl-10"/>
      </object_component>
      <object_component id="oc-16e">
         <name>.text:Device_initGPIO</name>
         <load_address>0x833ec</load_address>
         <run_address>0x833ec</run_address>
         <size>0x10</size>
         <input_file_ref idref="fl-5"/>
      </object_component>
      <object_component id="oc-247">
         <name>.text:Flash_isCtrlBaseValid</name>
         <load_address>0x833fc</load_address>
         <run_address>0x833fc</run_address>
         <size>0x10</size>
         <input_file_ref idref="fl-d"/>
      </object_component>
      <object_component id="oc-24e">
         <name>.text:Flash_isECCBaseValid</name>
         <load_address>0x8340c</load_address>
         <run_address>0x8340c</run_address>
         <size>0x10</size>
         <input_file_ref idref="fl-d"/>
      </object_component>
      <object_component id="oc-84">
         <name>.text:Interrupt_register</name>
         <load_address>0x8341c</load_address>
         <run_address>0x8341c</run_address>
         <size>0xf</size>
         <input_file_ref idref="fl-2"/>
      </object_component>
      <object_component id="oc-c8">
         <name>.text:Interrupt_disableGlobal</name>
         <load_address>0x8342b</load_address>
         <run_address>0x8342b</run_address>
         <size>0xd</size>
         <input_file_ref idref="fl-f"/>
      </object_component>
      <object_component id="oc-ce">
         <name>.text:Interrupt_enableGlobal</name>
         <load_address>0x83438</load_address>
         <run_address>0x83438</run_address>
         <size>0xd</size>
         <input_file_ref idref="fl-f"/>
      </object_component>
      <object_component id="oc-1d2">
         <name>.text:SysCtl_setLowSpeedClock</name>
         <load_address>0x83445</load_address>
         <run_address>0x83445</run_address>
         <size>0xd</size>
         <input_file_ref idref="fl-5"/>
      </object_component>
      <object_component id="oc-66">
         <name>.text:decompress:ZI:__TI_zero_init_nomemset</name>
         <load_address>0x83452</load_address>
         <run_address>0x83452</run_address>
         <size>0xd</size>
         <input_file_ref idref="fl-21"/>
      </object_component>
      <object_component id="oc-212">
         <name>.text:ASYSCTL_init</name>
         <load_address>0x8345f</load_address>
         <run_address>0x8345f</run_address>
         <size>0xc</size>
         <input_file_ref idref="fl-2"/>
      </object_component>
      <object_component id="oc-2e3">
         <name>.text:SysCtl_enableExtADCSOCSource</name>
         <load_address>0x8346b</load_address>
         <run_address>0x8346b</run_address>
         <size>0xc</size>
         <input_file_ref idref="fl-2"/>
      </object_component>
      <object_component id="oc-f4">
         <name>.text</name>
         <load_address>0x83477</load_address>
         <run_address>0x83477</run_address>
         <size>0xc</size>
         <input_file_ref idref="fl-26"/>
      </object_component>
      <object_component id="oc-1c0">
         <name>.text:SysCtl_disableWatchdog</name>
         <load_address>0x83483</load_address>
         <run_address>0x83483</run_address>
         <size>0xb</size>
         <input_file_ref idref="fl-5"/>
      </object_component>
      <object_component id="oc-281">
         <name>.text:SysCtl_isMCDClockFailureDetected</name>
         <load_address>0x8348e</load_address>
         <run_address>0x8348e</run_address>
         <size>0xb</size>
         <input_file_ref idref="fl-10"/>
      </object_component>
      <object_component id="oc-294">
         <name>.text:ASysCtl_getExtROscStatus</name>
         <load_address>0x83499</load_address>
         <run_address>0x83499</run_address>
         <size>0xa</size>
         <input_file_ref idref="fl-10"/>
      </object_component>
      <object_component id="oc-4f">
         <name>.text:Interrupt_illegalOperationHandler</name>
         <load_address>0x834a3</load_address>
         <run_address>0x834a3</run_address>
         <size>0xa</size>
         <input_file_ref idref="fl-f"/>
      </object_component>
      <object_component id="oc-55">
         <name>.text:Interrupt_nmiHandler</name>
         <load_address>0x834ad</load_address>
         <run_address>0x834ad</run_address>
         <size>0xa</size>
         <input_file_ref idref="fl-f"/>
      </object_component>
      <object_component id="oc-20c">
         <name>.text:SYNC_init</name>
         <load_address>0x834b7</load_address>
         <run_address>0x834b7</run_address>
         <size>0xa</size>
         <input_file_ref idref="fl-2"/>
      </object_component>
      <object_component id="oc-1ad">
         <name>.text</name>
         <load_address>0x834c1</load_address>
         <run_address>0x834c1</run_address>
         <size>0x9</size>
         <input_file_ref idref="fl-25"/>
      </object_component>
      <object_component id="oc-19">
         <name>.text:decompress:none</name>
         <load_address>0x834ca</load_address>
         <run_address>0x834ca</run_address>
         <size>0x8</size>
         <input_file_ref idref="fl-22"/>
      </object_component>
      <object_component id="oc-72">
         <name>.text</name>
         <load_address>0x834d2</load_address>
         <run_address>0x834d2</run_address>
         <size>0x8</size>
         <input_file_ref idref="fl-6"/>
      </object_component>
      <object_component id="oc-2ea">
         <name>.text:ASysCtl_disableTemperatureSensor</name>
         <load_address>0x834da</load_address>
         <run_address>0x834da</run_address>
         <size>0x7</size>
         <input_file_ref idref="fl-2"/>
      </object_component>
      <object_component id="oc-1eb">
         <name>.text:ASysCtl_lockVREG</name>
         <load_address>0x834e1</load_address>
         <run_address>0x834e1</run_address>
         <size>0x7</size>
         <input_file_ref idref="fl-5"/>
      </object_component>
      <object_component id="oc-21e">
         <name>.text:GPIO_init</name>
         <load_address>0x834e8</load_address>
         <run_address>0x834e8</run_address>
         <size>0x7</size>
         <input_file_ref idref="fl-2"/>
      </object_component>
      <object_component id="oc-206">
         <name>.text:INPUTXBAR_init</name>
         <load_address>0x834ef</load_address>
         <run_address>0x834ef</run_address>
         <size>0x7</size>
         <input_file_ref idref="fl-2"/>
      </object_component>
      <object_component id="oc-438">
         <name>.text:SysCtl_resetMCD</name>
         <load_address>0x834f6</load_address>
         <run_address>0x834f6</run_address>
         <size>0x7</size>
         <input_file_ref idref="fl-10"/>
      </object_component>
      <object_component id="oc-bf">
         <name>.text:__error__</name>
         <load_address>0x834fd</load_address>
         <run_address>0x834fd</run_address>
         <size>0x7</size>
         <input_file_ref idref="fl-5"/>
      </object_component>
      <object_component id="oc-2ca">
         <name>.text:myINPUTXBARINPUT0_init</name>
         <load_address>0x83504</load_address>
         <run_address>0x83504</run_address>
         <size>0x7</size>
         <input_file_ref idref="fl-2"/>
      </object_component>
      <object_component id="oc-2d0">
         <name>.text:myINPUTXBARINPUT1_init</name>
         <load_address>0x8350b</load_address>
         <run_address>0x8350b</run_address>
         <size>0x7</size>
         <input_file_ref idref="fl-2"/>
      </object_component>
      <object_component id="oc-2d6">
         <name>.text:myINPUTXBARINPUT2_init</name>
         <load_address>0x83512</load_address>
         <run_address>0x83512</run_address>
         <size>0x7</size>
         <input_file_ref idref="fl-2"/>
      </object_component>
      <object_component id="oc-7e">
         <name>.text:Interrupt_clearACKGroup</name>
         <load_address>0x83519</load_address>
         <run_address>0x83519</run_address>
         <size>0x6</size>
         <input_file_ref idref="fl-4"/>
      </object_component>
      <object_component id="oc-ed">
         <name>.text</name>
         <load_address>0x8351f</load_address>
         <run_address>0x8351f</run_address>
         <size>0x2</size>
         <input_file_ref idref="fl-1f"/>
      </object_component>
      <object_component id="oc-180">
         <name>.text:C2000Ware_libraries_init</name>
         <load_address>0x83521</load_address>
         <run_address>0x83521</run_address>
         <size>0x1</size>
         <input_file_ref idref="fl-3"/>
      </object_component>
      <object_component id="oc-153">
         <name>.text</name>
         <load_address>0x83522</load_address>
         <run_address>0x83522</run_address>
         <size>0x1</size>
         <input_file_ref idref="fl-29"/>
      </object_component>
      <object_component id="oc-488">
         <name>.cinit..data.load</name>
         <load_address>0x800f8</load_address>
         <run_address>0x800f8</run_address>
         <size>0x9</size>
      </object_component>
      <object_component id="oc-485">
         <name>__TI_handler_table</name>
         <load_address>0x80102</load_address>
         <run_address>0x80102</run_address>
         <size>0x6</size>
      </object_component>
      <object_component id="oc-487">
         <name>.cinit..bss.load</name>
         <load_address>0x80108</load_address>
         <run_address>0x80108</run_address>
         <size>0x4</size>
      </object_component>
      <object_component id="oc-486">
         <name>__TI_cinit_table</name>
         <load_address>0x8010c</load_address>
         <run_address>0x8010c</run_address>
         <size>0x8</size>
      </object_component>
      <object_component id="oc-5b">
         <name>.stack</name>
         <uninitialized>true</uninitialized>
         <run_address>0x400</run_address>
         <size>0x0</size>
         <input_file_ref idref="fl-1c"/>
      </object_component>
      <object_component id="oc-489">
         <name>.stack</name>
         <uninitialized>true</uninitialized>
         <run_address>0x400</run_address>
         <size>0x0</size>
      </object_component>
      <object_component id="oc-1a4">
         <name>.bss</name>
         <uninitialized>true</uninitialized>
         <run_address>0x80f4</run_address>
         <size>0x1</size>
         <input_file_ref idref="fl-4"/>
      </object_component>
      <object_component id="oc-40c">
         <name>.const:.string</name>
         <load_address>0x88000</load_address>
         <run_address>0x88000</run_address>
         <size>0xc1</size>
         <input_file_ref idref="fl-2"/>
      </object_component>
      <object_component id="oc-24d">
         <name>.const:.string</name>
         <load_address>0x880c2</load_address>
         <run_address>0x880c2</run_address>
         <size>0x9c</size>
         <input_file_ref idref="fl-d"/>
      </object_component>
      <object_component id="oc-2b3">
         <name>.const:.string</name>
         <load_address>0x8815e</load_address>
         <run_address>0x8815e</run_address>
         <size>0x9b</size>
         <input_file_ref idref="fl-e"/>
      </object_component>
      <object_component id="oc-280">
         <name>.const:.string</name>
         <load_address>0x881fa</load_address>
         <run_address>0x881fa</run_address>
         <size>0x9b</size>
         <input_file_ref idref="fl-10"/>
      </object_component>
      <object_component id="oc-be">
         <name>.const:.string</name>
         <load_address>0x88296</load_address>
         <run_address>0x88296</run_address>
         <size>0x7f</size>
         <input_file_ref idref="fl-4"/>
      </object_component>
      <object_component id="oc-106">
         <name>.const:.string</name>
         <load_address>0x88316</load_address>
         <run_address>0x88316</run_address>
         <size>0x52</size>
         <input_file_ref idref="fl-f"/>
      </object_component>
      <object_component id="oc-1de">
         <name>.const:.string</name>
         <load_address>0x88368</load_address>
         <run_address>0x88368</run_address>
         <size>0x13</size>
         <input_file_ref idref="fl-5"/>
      </object_component>
      <object_component id="oc-145">
         <name>.data</name>
         <load_address>0x80ea</load_address>
         <run_address>0x80ea</run_address>
         <size>0x6</size>
         <input_file_ref idref="fl-24"/>
      </object_component>
      <object_component id="oc-148">
         <name>.data:_lock</name>
         <load_address>0x80f0</load_address>
         <run_address>0x80f0</run_address>
         <size>0x2</size>
         <input_file_ref idref="fl-25"/>
      </object_component>
      <object_component id="oc-239">
         <name>.data:_unlock</name>
         <load_address>0x80f2</load_address>
         <run_address>0x80f2</run_address>
         <size>0x2</size>
         <input_file_ref idref="fl-25"/>
      </object_component>
      <object_component id="oc-1c6">
         <name>.TI.ramfunc:Flash_initModule</name>
         <load_address>0x80008</load_address>
         <run_address>0x8000</run_address>
         <size>0x51</size>
         <input_file_ref idref="fl-d"/>
      </object_component>
      <object_component id="oc-260">
         <name>.TI.ramfunc:Flash_setWaitstates</name>
         <load_address>0x80059</load_address>
         <run_address>0x8051</run_address>
         <size>0x22</size>
         <input_file_ref idref="fl-d"/>
      </object_component>
      <object_component id="oc-254">
         <name>.TI.ramfunc:Flash_disableCache</name>
         <load_address>0x8007b</load_address>
         <run_address>0x8073</run_address>
         <size>0x18</size>
         <input_file_ref idref="fl-d"/>
      </object_component>
      <object_component id="oc-25a">
         <name>.TI.ramfunc:Flash_disablePrefetch</name>
         <load_address>0x80093</load_address>
         <run_address>0x808b</run_address>
         <size>0x18</size>
         <input_file_ref idref="fl-d"/>
      </object_component>
      <object_component id="oc-26c">
         <name>.TI.ramfunc:Flash_enableCache</name>
         <load_address>0x800ab</load_address>
         <run_address>0x80a3</run_address>
         <size>0x17</size>
         <input_file_ref idref="fl-d"/>
      </object_component>
      <object_component id="oc-278">
         <name>.TI.ramfunc:Flash_enableECC</name>
         <load_address>0x800c2</load_address>
         <run_address>0x80ba</run_address>
         <size>0x16</size>
         <input_file_ref idref="fl-d"/>
      </object_component>
      <object_component id="oc-272">
         <name>.TI.ramfunc:Flash_enablePrefetch</name>
         <load_address>0x800d8</load_address>
         <run_address>0x80d0</run_address>
         <size>0x16</size>
         <input_file_ref idref="fl-d"/>
      </object_component>
      <object_component id="oc-28d">
         <name>.TI.ramfunc</name>
         <load_address>0x800ee</load_address>
         <run_address>0x80e6</run_address>
         <size>0x4</size>
         <input_file_ref idref="fl-10"/>
      </object_component>
      <object_component id="oc-97">
         <name>.debug_types</name>
         <load_address>0x0</load_address>
         <run_address>0x0</run_address>
         <size>0x1a6f</size>
         <input_file_ref idref="fl-2"/>
      </object_component>
      <object_component id="oc-226">
         <name>.debug_types</name>
         <load_address>0x0</load_address>
         <run_address>0x0</run_address>
         <size>0x0</size>
         <input_file_ref idref="fl-3"/>
      </object_component>
      <object_component id="oc-99">
         <name>.debug_types</name>
         <load_address>0x1a6f</load_address>
         <run_address>0x1a6f</run_address>
         <size>0x40b</size>
         <input_file_ref idref="fl-4"/>
      </object_component>
      <object_component id="oc-103">
         <name>.debug_types</name>
         <load_address>0x1e7a</load_address>
         <run_address>0x1e7a</run_address>
         <size>0x25b</size>
         <input_file_ref idref="fl-5"/>
      </object_component>
      <object_component id="oc-27f">
         <name>.debug_types</name>
         <load_address>0x20d5</load_address>
         <run_address>0x20d5</run_address>
         <size>0x6e</size>
         <input_file_ref idref="fl-d"/>
      </object_component>
      <object_component id="oc-2b5">
         <name>.debug_types</name>
         <load_address>0x2143</load_address>
         <run_address>0x2143</run_address>
         <size>0xd0</size>
         <input_file_ref idref="fl-e"/>
      </object_component>
      <object_component id="oc-9d">
         <name>.debug_types</name>
         <load_address>0x0</load_address>
         <run_address>0x0</run_address>
         <size>0x0</size>
         <input_file_ref idref="fl-f"/>
      </object_component>
      <object_component id="oc-2a7">
         <name>.debug_types</name>
         <load_address>0x2213</load_address>
         <run_address>0x2213</run_address>
         <size>0xb10</size>
         <input_file_ref idref="fl-10"/>
      </object_component>
      <object_component id="oc-a5">
         <name>.debug_types</name>
         <load_address>0x2d23</load_address>
         <run_address>0x2d23</run_address>
         <size>0x142</size>
         <input_file_ref idref="fl-1e"/>
      </object_component>
      <object_component id="oc-10c">
         <name>.debug_types</name>
         <load_address>0x0</load_address>
         <run_address>0x0</run_address>
         <size>0x0</size>
         <input_file_ref idref="fl-1f"/>
      </object_component>
      <object_component id="oc-15a">
         <name>.debug_types</name>
         <load_address>0x2e65</load_address>
         <run_address>0x2e65</run_address>
         <size>0x470</size>
         <input_file_ref idref="fl-20"/>
      </object_component>
      <object_component id="oc-aa">
         <name>.debug_types</name>
         <load_address>0x32d5</load_address>
         <run_address>0x32d5</run_address>
         <size>0x194</size>
         <input_file_ref idref="fl-21"/>
      </object_component>
      <object_component id="oc-65">
         <name>.debug_types</name>
         <load_address>0x0</load_address>
         <run_address>0x0</run_address>
         <size>0x0</size>
         <input_file_ref idref="fl-22"/>
      </object_component>
      <object_component id="oc-5d">
         <name>.debug_types</name>
         <load_address>0x3469</load_address>
         <run_address>0x3469</run_address>
         <size>0x191</size>
         <input_file_ref idref="fl-23"/>
      </object_component>
      <object_component id="oc-14c">
         <name>.debug_types</name>
         <load_address>0x35fa</load_address>
         <run_address>0x35fa</run_address>
         <size>0xbf</size>
         <input_file_ref idref="fl-24"/>
      </object_component>
      <object_component id="oc-1b5">
         <name>.debug_types</name>
         <load_address>0x36b9</load_address>
         <run_address>0x36b9</run_address>
         <size>0x2f</size>
         <input_file_ref idref="fl-25"/>
      </object_component>
      <object_component id="oc-144">
         <name>.debug_types</name>
         <load_address>0x36e8</load_address>
         <run_address>0x36e8</run_address>
         <size>0xe1</size>
         <input_file_ref idref="fl-26"/>
      </object_component>
      <object_component id="oc-1ba">
         <name>.debug_types</name>
         <load_address>0x0</load_address>
         <run_address>0x0</run_address>
         <size>0x0</size>
         <input_file_ref idref="fl-29"/>
      </object_component>
      <object_component id="oc-2ec">
         <name>.debug_info</name>
         <load_address>0x0</load_address>
         <run_address>0x0</run_address>
         <size>0x176</size>
         <input_file_ref idref="fl-2"/>
      </object_component>
      <object_component id="oc-2f2">
         <name>.debug_info</name>
         <load_address>0x176</load_address>
         <run_address>0x176</run_address>
         <size>0x1b4</size>
         <input_file_ref idref="fl-2"/>
      </object_component>
      <object_component id="oc-2f8">
         <name>.debug_info</name>
         <load_address>0x32a</load_address>
         <run_address>0x32a</run_address>
         <size>0x1ae</size>
         <input_file_ref idref="fl-2"/>
      </object_component>
      <object_component id="oc-2fe">
         <name>.debug_info</name>
         <load_address>0x4d8</load_address>
         <run_address>0x4d8</run_address>
         <size>0x1a8</size>
         <input_file_ref idref="fl-2"/>
      </object_component>
      <object_component id="oc-86">
         <name>.debug_info</name>
         <load_address>0x680</load_address>
         <run_address>0x680</run_address>
         <size>0x1cf</size>
         <input_file_ref idref="fl-2"/>
      </object_component>
      <object_component id="oc-2de">
         <name>.debug_info</name>
         <load_address>0x84f</load_address>
         <run_address>0x84f</run_address>
         <size>0x192</size>
         <input_file_ref idref="fl-2"/>
      </object_component>
      <object_component id="oc-2e5">
         <name>.debug_info</name>
         <load_address>0x9e1</load_address>
         <run_address>0x9e1</run_address>
         <size>0x19a</size>
         <input_file_ref idref="fl-2"/>
      </object_component>
      <object_component id="oc-412">
         <name>.debug_info</name>
         <load_address>0xb7b</load_address>
         <run_address>0xb7b</run_address>
         <size>0x17e</size>
         <input_file_ref idref="fl-2"/>
      </object_component>
      <object_component id="oc-311">
         <name>.debug_info</name>
         <load_address>0xcf9</load_address>
         <run_address>0xcf9</run_address>
         <size>0x1cc</size>
         <input_file_ref idref="fl-2"/>
      </object_component>
      <object_component id="oc-304">
         <name>.debug_info</name>
         <load_address>0xec5</load_address>
         <run_address>0xec5</run_address>
         <size>0x20f</size>
         <input_file_ref idref="fl-2"/>
      </object_component>
      <object_component id="oc-31d">
         <name>.debug_info</name>
         <load_address>0x10d4</load_address>
         <run_address>0x10d4</run_address>
         <size>0x1af</size>
         <input_file_ref idref="fl-2"/>
      </object_component>
      <object_component id="oc-317">
         <name>.debug_info</name>
         <load_address>0x1283</load_address>
         <run_address>0x1283</run_address>
         <size>0x1e0</size>
         <input_file_ref idref="fl-2"/>
      </object_component>
      <object_component id="oc-322">
         <name>.debug_info</name>
         <load_address>0x1463</load_address>
         <run_address>0x1463</run_address>
         <size>0x1cc</size>
         <input_file_ref idref="fl-2"/>
      </object_component>
      <object_component id="oc-30a">
         <name>.debug_info</name>
         <load_address>0x162f</load_address>
         <run_address>0x162f</run_address>
         <size>0x1d6</size>
         <input_file_ref idref="fl-2"/>
      </object_component>
      <object_component id="oc-32e">
         <name>.debug_info</name>
         <load_address>0x1805</load_address>
         <run_address>0x1805</run_address>
         <size>0x287</size>
         <input_file_ref idref="fl-2"/>
      </object_component>
      <object_component id="oc-328">
         <name>.debug_info</name>
         <load_address>0x1a8c</load_address>
         <run_address>0x1a8c</run_address>
         <size>0x224</size>
         <input_file_ref idref="fl-2"/>
      </object_component>
      <object_component id="oc-33a">
         <name>.debug_info</name>
         <load_address>0x1cb0</load_address>
         <run_address>0x1cb0</run_address>
         <size>0x24f</size>
         <input_file_ref idref="fl-2"/>
      </object_component>
      <object_component id="oc-334">
         <name>.debug_info</name>
         <load_address>0x1eff</load_address>
         <run_address>0x1eff</run_address>
         <size>0x213</size>
         <input_file_ref idref="fl-2"/>
      </object_component>
      <object_component id="oc-340">
         <name>.debug_info</name>
         <load_address>0x2112</load_address>
         <run_address>0x2112</run_address>
         <size>0x250</size>
         <input_file_ref idref="fl-2"/>
      </object_component>
      <object_component id="oc-346">
         <name>.debug_info</name>
         <load_address>0x2362</load_address>
         <run_address>0x2362</run_address>
         <size>0x21d</size>
         <input_file_ref idref="fl-2"/>
      </object_component>
      <object_component id="oc-34c">
         <name>.debug_info</name>
         <load_address>0x257f</load_address>
         <run_address>0x257f</run_address>
         <size>0x1f8</size>
         <input_file_ref idref="fl-2"/>
      </object_component>
      <object_component id="oc-352">
         <name>.debug_info</name>
         <load_address>0x2777</load_address>
         <run_address>0x2777</run_address>
         <size>0x1d7</size>
         <input_file_ref idref="fl-2"/>
      </object_component>
      <object_component id="oc-358">
         <name>.debug_info</name>
         <load_address>0x294e</load_address>
         <run_address>0x294e</run_address>
         <size>0x1fa</size>
         <input_file_ref idref="fl-2"/>
      </object_component>
      <object_component id="oc-35e">
         <name>.debug_info</name>
         <load_address>0x2b48</load_address>
         <run_address>0x2b48</run_address>
         <size>0x1d9</size>
         <input_file_ref idref="fl-2"/>
      </object_component>
      <object_component id="oc-36a">
         <name>.debug_info</name>
         <load_address>0x2d21</load_address>
         <run_address>0x2d21</run_address>
         <size>0x1d8</size>
         <input_file_ref idref="fl-2"/>
      </object_component>
      <object_component id="oc-364">
         <name>.debug_info</name>
         <load_address>0x2ef9</load_address>
         <run_address>0x2ef9</run_address>
         <size>0x1f7</size>
         <input_file_ref idref="fl-2"/>
      </object_component>
      <object_component id="oc-370">
         <name>.debug_info</name>
         <load_address>0x30f0</load_address>
         <run_address>0x30f0</run_address>
         <size>0x1f1</size>
         <input_file_ref idref="fl-2"/>
      </object_component>
      <object_component id="oc-453">
         <name>.debug_info</name>
         <load_address>0x32e1</load_address>
         <run_address>0x32e1</run_address>
         <size>0x17e</size>
         <input_file_ref idref="fl-2"/>
      </object_component>
      <object_component id="oc-401">
         <name>.debug_info</name>
         <load_address>0x345f</load_address>
         <run_address>0x345f</run_address>
         <size>0x1ec</size>
         <input_file_ref idref="fl-2"/>
      </object_component>
      <object_component id="oc-17b">
         <name>.debug_info</name>
         <load_address>0x364b</load_address>
         <run_address>0x364b</run_address>
         <size>0x18f</size>
         <input_file_ref idref="fl-2"/>
      </object_component>
      <object_component id="oc-201">
         <name>.debug_info</name>
         <load_address>0x37da</load_address>
         <run_address>0x37da</run_address>
         <size>0x707</size>
         <input_file_ref idref="fl-2"/>
      </object_component>
      <object_component id="oc-213">
         <name>.debug_info</name>
         <load_address>0x3ee1</load_address>
         <run_address>0x3ee1</run_address>
         <size>0x1b1</size>
         <input_file_ref idref="fl-2"/>
      </object_component>
      <object_component id="oc-219">
         <name>.debug_info</name>
         <load_address>0x4092</load_address>
         <run_address>0x4092</run_address>
         <size>0x1040</size>
         <input_file_ref idref="fl-2"/>
      </object_component>
      <object_component id="oc-21f">
         <name>.debug_info</name>
         <load_address>0x50d2</load_address>
         <run_address>0x50d2</run_address>
         <size>0x14d</size>
         <input_file_ref idref="fl-2"/>
      </object_component>
      <object_component id="oc-377">
         <name>.debug_info</name>
         <load_address>0x521f</load_address>
         <run_address>0x521f</run_address>
         <size>0x16e</size>
         <input_file_ref idref="fl-2"/>
      </object_component>
      <object_component id="oc-37d">
         <name>.debug_info</name>
         <load_address>0x538d</load_address>
         <run_address>0x538d</run_address>
         <size>0x16e</size>
         <input_file_ref idref="fl-2"/>
      </object_component>
      <object_component id="oc-383">
         <name>.debug_info</name>
         <load_address>0x54fb</load_address>
         <run_address>0x54fb</run_address>
         <size>0x16e</size>
         <input_file_ref idref="fl-2"/>
      </object_component>
      <object_component id="oc-207">
         <name>.debug_info</name>
         <load_address>0x5669</load_address>
         <run_address>0x5669</run_address>
         <size>0x175</size>
         <input_file_ref idref="fl-2"/>
      </object_component>
      <object_component id="oc-2cb">
         <name>.debug_info</name>
         <load_address>0x57de</load_address>
         <run_address>0x57de</run_address>
         <size>0x147</size>
         <input_file_ref idref="fl-2"/>
      </object_component>
      <object_component id="oc-2d1">
         <name>.debug_info</name>
         <load_address>0x5925</load_address>
         <run_address>0x5925</run_address>
         <size>0x147</size>
         <input_file_ref idref="fl-2"/>
      </object_component>
      <object_component id="oc-2d7">
         <name>.debug_info</name>
         <load_address>0x5a6c</load_address>
         <run_address>0x5a6c</run_address>
         <size>0x147</size>
         <input_file_ref idref="fl-2"/>
      </object_component>
      <object_component id="oc-2d">
         <name>.debug_info</name>
         <load_address>0x5bb3</load_address>
         <run_address>0x5bb3</run_address>
         <size>0x1ad</size>
         <input_file_ref idref="fl-2"/>
      </object_component>
      <object_component id="oc-20d">
         <name>.debug_info</name>
         <load_address>0x5d60</load_address>
         <run_address>0x5d60</run_address>
         <size>0x17b</size>
         <input_file_ref idref="fl-2"/>
      </object_component>
      <object_component id="oc-184">
         <name>.debug_info</name>
         <load_address>0x5edb</load_address>
         <run_address>0x5edb</run_address>
         <size>0x14f</size>
         <input_file_ref idref="fl-3"/>
      </object_component>
      <object_component id="oc-1a5">
         <name>.debug_info</name>
         <load_address>0x602a</load_address>
         <run_address>0x602a</run_address>
         <size>0xfe</size>
         <input_file_ref idref="fl-4"/>
      </object_component>
      <object_component id="oc-7f">
         <name>.debug_info</name>
         <load_address>0x6128</load_address>
         <run_address>0x6128</run_address>
         <size>0x196</size>
         <input_file_ref idref="fl-4"/>
      </object_component>
      <object_component id="oc-188">
         <name>.debug_info</name>
         <load_address>0x62be</load_address>
         <run_address>0x62be</run_address>
         <size>0x1c7</size>
         <input_file_ref idref="fl-4"/>
      </object_component>
      <object_component id="oc-229">
         <name>.debug_info</name>
         <load_address>0x6485</load_address>
         <run_address>0x6485</run_address>
         <size>0x18a</size>
         <input_file_ref idref="fl-4"/>
      </object_component>
      <object_component id="oc-18d">
         <name>.debug_info</name>
         <load_address>0x660f</load_address>
         <run_address>0x660f</run_address>
         <size>0x1ac</size>
         <input_file_ref idref="fl-4"/>
      </object_component>
      <object_component id="oc-194">
         <name>.debug_info</name>
         <load_address>0x67bb</load_address>
         <run_address>0x67bb</run_address>
         <size>0x1cb</size>
         <input_file_ref idref="fl-4"/>
      </object_component>
      <object_component id="oc-19f">
         <name>.debug_info</name>
         <load_address>0x6986</load_address>
         <run_address>0x6986</run_address>
         <size>0x1e2</size>
         <input_file_ref idref="fl-4"/>
      </object_component>
      <object_component id="oc-ba">
         <name>.debug_info</name>
         <load_address>0x6b68</load_address>
         <run_address>0x6b68</run_address>
         <size>0x189</size>
         <input_file_ref idref="fl-4"/>
      </object_component>
      <object_component id="oc-79">
         <name>.debug_info</name>
         <load_address>0x6cf1</load_address>
         <run_address>0x6cf1</run_address>
         <size>0x1e8</size>
         <input_file_ref idref="fl-4"/>
      </object_component>
      <object_component id="oc-199">
         <name>.debug_info</name>
         <load_address>0x6ed9</load_address>
         <run_address>0x6ed9</run_address>
         <size>0x167</size>
         <input_file_ref idref="fl-4"/>
      </object_component>
      <object_component id="oc-13f">
         <name>.debug_info</name>
         <load_address>0x7040</load_address>
         <run_address>0x7040</run_address>
         <size>0x21a</size>
         <input_file_ref idref="fl-4"/>
      </object_component>
      <object_component id="oc-32">
         <name>.debug_info</name>
         <load_address>0x725a</load_address>
         <run_address>0x725a</run_address>
         <size>0x176</size>
         <input_file_ref idref="fl-4"/>
      </object_component>
      <object_component id="oc-3a">
         <name>.debug_info</name>
         <load_address>0x73d0</load_address>
         <run_address>0x73d0</run_address>
         <size>0x176</size>
         <input_file_ref idref="fl-4"/>
      </object_component>
      <object_component id="oc-40">
         <name>.debug_info</name>
         <load_address>0x7546</load_address>
         <run_address>0x7546</run_address>
         <size>0x176</size>
         <input_file_ref idref="fl-4"/>
      </object_component>
      <object_component id="oc-1ec">
         <name>.debug_info</name>
         <load_address>0x76bc</load_address>
         <run_address>0x76bc</run_address>
         <size>0x15c</size>
         <input_file_ref idref="fl-5"/>
      </object_component>
      <object_component id="oc-2ad">
         <name>.debug_info</name>
         <load_address>0x7818</load_address>
         <run_address>0x7818</run_address>
         <size>0x1c0</size>
         <input_file_ref idref="fl-5"/>
      </object_component>
      <object_component id="oc-1d6">
         <name>.debug_info</name>
         <load_address>0x79d8</load_address>
         <run_address>0x79d8</run_address>
         <size>0x194</size>
         <input_file_ref idref="fl-5"/>
      </object_component>
      <object_component id="oc-1c3">
         <name>.debug_info</name>
         <load_address>0x7b6c</load_address>
         <run_address>0x7b6c</run_address>
         <size>0x167</size>
         <input_file_ref idref="fl-5"/>
      </object_component>
      <object_component id="oc-1fc">
         <name>.debug_info</name>
         <load_address>0x7cd3</load_address>
         <run_address>0x7cd3</run_address>
         <size>0x1c3</size>
         <input_file_ref idref="fl-5"/>
      </object_component>
      <object_component id="oc-169">
         <name>.debug_info</name>
         <load_address>0x7e96</load_address>
         <run_address>0x7e96</run_address>
         <size>0x290</size>
         <input_file_ref idref="fl-5"/>
      </object_component>
      <object_component id="oc-1e7">
         <name>.debug_info</name>
         <load_address>0x8126</load_address>
         <run_address>0x8126</run_address>
         <size>0x4a7</size>
         <input_file_ref idref="fl-5"/>
      </object_component>
      <object_component id="oc-16f">
         <name>.debug_info</name>
         <load_address>0x85cd</load_address>
         <run_address>0x85cd</run_address>
         <size>0x17a</size>
         <input_file_ref idref="fl-5"/>
      </object_component>
      <object_component id="oc-c2">
         <name>.debug_info</name>
         <load_address>0x8747</load_address>
         <run_address>0x8747</run_address>
         <size>0x167</size>
         <input_file_ref idref="fl-5"/>
      </object_component>
      <object_component id="oc-21">
         <name>.debug_info</name>
         <load_address>0x88ae</load_address>
         <run_address>0x88ae</run_address>
         <size>0x11e</size>
         <input_file_ref idref="fl-6"/>
      </object_component>
      <object_component id="oc-73">
         <name>.debug_info</name>
         <load_address>0x89cc</load_address>
         <run_address>0x89cc</run_address>
         <size>0x11f</size>
         <input_file_ref idref="fl-6"/>
      </object_component>
      <object_component id="oc-24a">
         <name>.debug_info</name>
         <load_address>0x8aeb</load_address>
         <run_address>0x8aeb</run_address>
         <size>0x1e5</size>
         <input_file_ref idref="fl-d"/>
      </object_component>
      <object_component id="oc-252">
         <name>.debug_info</name>
         <load_address>0x8cd0</load_address>
         <run_address>0x8cd0</run_address>
         <size>0x1e1</size>
         <input_file_ref idref="fl-d"/>
      </object_component>
      <object_component id="oc-264">
         <name>.debug_info</name>
         <load_address>0x8eb1</load_address>
         <run_address>0x8eb1</run_address>
         <size>0x23f</size>
         <input_file_ref idref="fl-d"/>
      </object_component>
      <object_component id="oc-276">
         <name>.debug_info</name>
         <load_address>0x90f0</load_address>
         <run_address>0x90f0</run_address>
         <size>0x205</size>
         <input_file_ref idref="fl-d"/>
      </object_component>
      <object_component id="oc-25e">
         <name>.debug_info</name>
         <load_address>0x92f5</load_address>
         <run_address>0x92f5</run_address>
         <size>0x208</size>
         <input_file_ref idref="fl-d"/>
      </object_component>
      <object_component id="oc-270">
         <name>.debug_info</name>
         <load_address>0x94fd</load_address>
         <run_address>0x94fd</run_address>
         <size>0x201</size>
         <input_file_ref idref="fl-d"/>
      </object_component>
      <object_component id="oc-258">
         <name>.debug_info</name>
         <load_address>0x96fe</load_address>
         <run_address>0x96fe</run_address>
         <size>0x203</size>
         <input_file_ref idref="fl-d"/>
      </object_component>
      <object_component id="oc-27c">
         <name>.debug_info</name>
         <load_address>0x9901</load_address>
         <run_address>0x9901</run_address>
         <size>0x1fa</size>
         <input_file_ref idref="fl-d"/>
      </object_component>
      <object_component id="oc-26a">
         <name>.debug_info</name>
         <load_address>0x9afb</load_address>
         <run_address>0x9afb</run_address>
         <size>0x20e</size>
         <input_file_ref idref="fl-d"/>
      </object_component>
      <object_component id="oc-1ca">
         <name>.debug_info</name>
         <load_address>0x9d09</load_address>
         <run_address>0x9d09</run_address>
         <size>0x34a</size>
         <input_file_ref idref="fl-d"/>
      </object_component>
      <object_component id="oc-3fb">
         <name>.debug_info</name>
         <load_address>0xa053</load_address>
         <run_address>0xa053</run_address>
         <size>0x1cd</size>
         <input_file_ref idref="fl-e"/>
      </object_component>
      <object_component id="oc-42c">
         <name>.debug_info</name>
         <load_address>0xa220</load_address>
         <run_address>0xa220</run_address>
         <size>0x245</size>
         <input_file_ref idref="fl-e"/>
      </object_component>
      <object_component id="oc-2be">
         <name>.debug_info</name>
         <load_address>0xa465</load_address>
         <run_address>0xa465</run_address>
         <size>0x22e</size>
         <input_file_ref idref="fl-e"/>
      </object_component>
      <object_component id="oc-2c4">
         <name>.debug_info</name>
         <load_address>0xa693</load_address>
         <run_address>0xa693</run_address>
         <size>0x276</size>
         <input_file_ref idref="fl-e"/>
      </object_component>
      <object_component id="oc-1f4">
         <name>.debug_info</name>
         <load_address>0xa909</load_address>
         <run_address>0xa909</run_address>
         <size>0x22a</size>
         <input_file_ref idref="fl-e"/>
      </object_component>
      <object_component id="oc-2ba">
         <name>.debug_info</name>
         <load_address>0xab33</load_address>
         <run_address>0xab33</run_address>
         <size>0x217</size>
         <input_file_ref idref="fl-e"/>
      </object_component>
      <object_component id="oc-cf">
         <name>.debug_info</name>
         <load_address>0xad4a</load_address>
         <run_address>0xad4a</run_address>
         <size>0x1c6</size>
         <input_file_ref idref="fl-f"/>
      </object_component>
      <object_component id="oc-c9">
         <name>.debug_info</name>
         <load_address>0xaf10</load_address>
         <run_address>0xaf10</run_address>
         <size>0x1c8</size>
         <input_file_ref idref="fl-f"/>
      </object_component>
      <object_component id="oc-d8">
         <name>.debug_info</name>
         <load_address>0xb0d8</load_address>
         <run_address>0xb0d8</run_address>
         <size>0x1e8</size>
         <input_file_ref idref="fl-f"/>
      </object_component>
      <object_component id="oc-178">
         <name>.debug_info</name>
         <load_address>0xb2c0</load_address>
         <run_address>0xb2c0</run_address>
         <size>0x1d7</size>
         <input_file_ref idref="fl-f"/>
      </object_component>
      <object_component id="oc-4a">
         <name>.debug_info</name>
         <load_address>0xb497</load_address>
         <run_address>0xb497</run_address>
         <size>0x1e4</size>
         <input_file_ref idref="fl-f"/>
      </object_component>
      <object_component id="oc-52">
         <name>.debug_info</name>
         <load_address>0xb67b</load_address>
         <run_address>0xb67b</run_address>
         <size>0x1ca</size>
         <input_file_ref idref="fl-f"/>
      </object_component>
      <object_component id="oc-56">
         <name>.debug_info</name>
         <load_address>0xb845</load_address>
         <run_address>0xb845</run_address>
         <size>0x1b0</size>
         <input_file_ref idref="fl-f"/>
      </object_component>
      <object_component id="oc-48">
         <name>.debug_info</name>
         <load_address>0xb9f5</load_address>
         <run_address>0xb9f5</run_address>
         <size>0x1d4</size>
         <input_file_ref idref="fl-f"/>
      </object_component>
      <object_component id="oc-8d">
         <name>.debug_info</name>
         <load_address>0xbbc9</load_address>
         <run_address>0xbbc9</run_address>
         <size>0x27b</size>
         <input_file_ref idref="fl-f"/>
      </object_component>
      <object_component id="oc-93">
         <name>.debug_info</name>
         <load_address>0xbe44</load_address>
         <run_address>0xbe44</run_address>
         <size>0x2ad</size>
         <input_file_ref idref="fl-f"/>
      </object_component>
      <object_component id="oc-3ae">
         <name>.debug_info</name>
         <load_address>0xc0f1</load_address>
         <run_address>0xc0f1</run_address>
         <size>0x213</size>
         <input_file_ref idref="fl-10"/>
      </object_component>
      <object_component id="oc-28f">
         <name>.debug_info</name>
         <load_address>0xc304</load_address>
         <run_address>0xc304</run_address>
         <size>0x1db</size>
         <input_file_ref idref="fl-10"/>
      </object_component>
      <object_component id="oc-282">
         <name>.debug_info</name>
         <load_address>0xc4df</load_address>
         <run_address>0xc4df</run_address>
         <size>0x1d6</size>
         <input_file_ref idref="fl-10"/>
      </object_component>
      <object_component id="oc-439">
         <name>.debug_info</name>
         <load_address>0xc6b5</load_address>
         <run_address>0xc6b5</run_address>
         <size>0x1ac</size>
         <input_file_ref idref="fl-10"/>
      </object_component>
      <object_component id="oc-29b">
         <name>.debug_info</name>
         <load_address>0xc861</load_address>
         <run_address>0xc861</run_address>
         <size>0x1db</size>
         <input_file_ref idref="fl-10"/>
      </object_component>
      <object_component id="oc-442">
         <name>.debug_info</name>
         <load_address>0xca3c</load_address>
         <run_address>0xca3c</run_address>
         <size>0x1d0</size>
         <input_file_ref idref="fl-10"/>
      </object_component>
      <object_component id="oc-3ea">
         <name>.debug_info</name>
         <load_address>0xcc0c</load_address>
         <run_address>0xcc0c</run_address>
         <size>0x1ee</size>
         <input_file_ref idref="fl-10"/>
      </object_component>
      <object_component id="oc-3c0">
         <name>.debug_info</name>
         <load_address>0xcdfa</load_address>
         <run_address>0xcdfa</run_address>
         <size>0x1f0</size>
         <input_file_ref idref="fl-10"/>
      </object_component>
      <object_component id="oc-3c6">
         <name>.debug_info</name>
         <load_address>0xcfea</load_address>
         <run_address>0xcfea</run_address>
         <size>0x1fc</size>
         <input_file_ref idref="fl-10"/>
      </object_component>
      <object_component id="oc-3cc">
         <name>.debug_info</name>
         <load_address>0xd1e6</load_address>
         <run_address>0xd1e6</run_address>
         <size>0x1fa</size>
         <input_file_ref idref="fl-10"/>
      </object_component>
      <object_component id="oc-3e4">
         <name>.debug_info</name>
         <load_address>0xd3e0</load_address>
         <run_address>0xd3e0</run_address>
         <size>0x221</size>
         <input_file_ref idref="fl-10"/>
      </object_component>
      <object_component id="oc-3b4">
         <name>.debug_info</name>
         <load_address>0xd601</load_address>
         <run_address>0xd601</run_address>
         <size>0x1f4</size>
         <input_file_ref idref="fl-10"/>
      </object_component>
      <object_component id="oc-3ba">
         <name>.debug_info</name>
         <load_address>0xd7f5</load_address>
         <run_address>0xd7f5</run_address>
         <size>0x1f2</size>
         <input_file_ref idref="fl-10"/>
      </object_component>
      <object_component id="oc-3d8">
         <name>.debug_info</name>
         <load_address>0xd9e7</load_address>
         <run_address>0xd9e7</run_address>
         <size>0x225</size>
         <input_file_ref idref="fl-10"/>
      </object_component>
      <object_component id="oc-3d2">
         <name>.debug_info</name>
         <load_address>0xdc0c</load_address>
         <run_address>0xdc0c</run_address>
         <size>0x225</size>
         <input_file_ref idref="fl-10"/>
      </object_component>
      <object_component id="oc-3de">
         <name>.debug_info</name>
         <load_address>0xde31</load_address>
         <run_address>0xde31</run_address>
         <size>0x294</size>
         <input_file_ref idref="fl-10"/>
      </object_component>
      <object_component id="oc-295">
         <name>.debug_info</name>
         <load_address>0xe0c5</load_address>
         <run_address>0xe0c5</run_address>
         <size>0x1c7</size>
         <input_file_ref idref="fl-10"/>
      </object_component>
      <object_component id="oc-433">
         <name>.debug_info</name>
         <load_address>0xe28c</load_address>
         <run_address>0xe28c</run_address>
         <size>0x210</size>
         <input_file_ref idref="fl-10"/>
      </object_component>
      <object_component id="oc-1d9">
         <name>.debug_info</name>
         <load_address>0xe49c</load_address>
         <run_address>0xe49c</run_address>
         <size>0x26f</size>
         <input_file_ref idref="fl-10"/>
      </object_component>
      <object_component id="oc-1cd">
         <name>.debug_info</name>
         <load_address>0xe70b</load_address>
         <run_address>0xe70b</run_address>
         <size>0x486</size>
         <input_file_ref idref="fl-10"/>
      </object_component>
      <object_component id="oc-39e">
         <name>.debug_info</name>
         <load_address>0xeb91</load_address>
         <run_address>0xeb91</run_address>
         <size>0x248</size>
         <input_file_ref idref="fl-10"/>
      </object_component>
      <object_component id="oc-3a4">
         <name>.debug_info</name>
         <load_address>0xedd9</load_address>
         <run_address>0xedd9</run_address>
         <size>0x219</size>
         <input_file_ref idref="fl-10"/>
      </object_component>
      <object_component id="oc-288">
         <name>.debug_info</name>
         <load_address>0xeff2</load_address>
         <run_address>0xeff2</run_address>
         <size>0x22d</size>
         <input_file_ref idref="fl-10"/>
      </object_component>
      <object_component id="oc-1e0">
[...]
         <used_space>0x0</used_space>
         <unused_space>0x2000</unused_space>
         <attributes>RWIX</attributes>
         <usage_details>
         </usage_details>
      </memory_area>
      <memory_area display="yes" color="green">
         <name>FLASH_BANK0_SEC_24_31</name>
         <page_id>0x0</page_id>
         <origin>0x86000</origin>
         <length>0x2000</length>
         <used_space>0x0</used_space>
         <unused_space>0x2000</unused_space>
         <attributes>RWIX</attributes>
         <usage_details>
         </usage_details>
      </memory_area>
      <memory_area display="yes" color="green">
         <name>FLASH_BANK0_SEC_32_39</name>
         <page_id>0x0</page_id>
         <origin>0x88000</origin>
         <length>0x2000</length>
         <used_space>0x37b</used_space>
         <unused_space>0x1c85</unused_space>
         <attributes>RWIX</attributes>
         <usage_details>
            <allocated_space>
               <start_address>0x88000</start_address>
               <size>0x37b</size>
               <logical_group_ref idref="lg-48b"/>
            </allocated_space>
            <available_space>
               <start_address>0x8837b</start_address>
               <size>0x1c85</size>
            </available_space>
         </usage_details>
      </memory_area>
      <memory_area display="yes" color="green">
         <name>FLASH_BANK0_SEC_40_47</name>
         <page_id>0x0</page_id>
         <origin>0x8a000</origin>
         <length>0x2000</length>
         <used_space>0x0</used_space>
         <unused_space>0x2000</unused_space>
         <attributes>RWIX</attributes>
         <usage_details>
         </usage_details>
      </memory_area>
      <memory_area display="yes" color="green">
         <name>FLASH_BANK0_SEC_48_55</name>
         <page_id>0x0</page_id>
         <origin>0x8c000</origin>
         <length>0x2000</length>
         <used_space>0x0</used_space>
         <unused_space>0x2000</unused_space>
         <attributes>RWIX</attributes>
         <usage_details>
         </usage_details>
      </memory_area>
      <memory_area display="yes" color="green">
         <name>FLASH_BANK0_SEC_56_63</name>
         <page_id>0x0</page_id>
         <origin>0x8e000</origin>
         <length>0x2000</length>
         <used_space>0x0</used_space>
         <unused_space>0x2000</unused_space>
         <attributes>RWIX</attributes>
         <usage_details>
         </usage_details>
      </memory_area>
      <memory_area display="yes" color="green">
         <name>FLASH_BANK0_SEC_64_71</name>
         <page_id>0x0</page_id>
         <origin>0x90000</origin>
         <length>0x2000</length>
         <used_space>0x0</used_space>
         <unused_space>0x2000</unused_space>
         <attributes>RWIX</attributes>
         <usage_details>
         </usage_details>
      </memory_area>
      <memory_area display="yes" color="green">
         <name>FLASH_BANK0_SEC_72_79</name>
         <page_id>0x0</page_id>
         <origin>0x92000</origin>
         <length>0x2000</length>
         <used_space>0x0</used_space>
         <unused_space>0x2000</unused_space>
         <attributes>RWIX</attributes>
         <usage_details>
         </usage_details>
      </memory_area>
      <memory_area display="yes" color="green">
         <name>FLASH_BANK0_SEC_80_87</name>
         <page_id>0x0</page_id>
         <origin>0x94000</origin>
         <length>0x2000</length>
         <used_space>0x0</used_space>
         <unused_space>0x2000</unused_space>
         <attributes>RWIX</attributes>
         <usage_details>
         </usage_details>
      </memory_area>
      <memory_area display="yes" color="green">
         <name>FLASH_BANK0_SEC_88_95</name>
         <page_id>0x0</page_id>
         <origin>0x96000</origin>
         <length>0x2000</length>
         <used_space>0x0</used_space>
         <unused_space>0x2000</unused_space>
         <attributes>RWIX</attributes>
         <usage_details>
         </usage_details>
      </memory_area>
      <memory_area display="yes" color="green">
         <name>FLASH_BANK0_SEC_96_103</name>
         <page_id>0x0</page_id>
         <origin>0x98000</origin>
         <length>0x2000</length>
         <used_space>0x0</used_space>
         <unused_space>0x2000</unused_space>
         <attributes>RWIX</attributes>
         <usage_details>
         </usage_details>
      </memory_area>
      <memory_area display="yes" color="green">
         <name>FLASH_BANK0_SEC_104_111</name>
         <page_id>0x0</page_id>
         <origin>0x9a000</origin>
         <length>0x2000</length>
         <used_space>0x0</used_space>
         <unused_space>0x2000</unused_space>
         <attributes>RWIX</attributes>
         <usage_details>
         </usage_details>
      </memory_area>
      <memory_area display="yes" color="green">
         <name>FLASH_BANK0_SEC_112_119</name>
         <page_id>0x0</page_id>
         <origin>0x9c000</origin>
         <length>0x2000</length>
         <used_space>0x0</used_space>
         <unused_space>0x2000</unused_space>
         <attributes>RWIX</attributes>
         <usage_details>
         </usage_details>
      </memory_area>
      <memory_area display="yes" color="green">
         <name>FLASH_BANK0_SEC_120_127</name>
         <page_id>0x0</page_id>
         <origin>0x9e000</origin>
         <length>0x1ff0</length>
         <used_space>0x0</used_space>
         <unused_space>0x1ff0</unused_space>
         <attributes>RWIX</attributes>
         <usage_details>
         </usage_details>
      </memory_area>
      <memory_area display="no" color="green">
         <name>RESET</name>
         <page_id>0x0</page_id>
         <origin>0x3fffc0</origin>
         <length>0x2</length>
         <used_space>0x0</used_space>
         <unused_space>0x2</unused_space>
         <attributes>RWIX</attributes>
         <usage_details>
         </usage_details>
      </memory_area>
   </placement_map>
   <cptbl_list>
      <cptbl>
         <name>__TI_cinit_table</name>
         <cprec>
            <name>.data</name>
            <load_address>0x800f8</load_address>
            <load_size>0x9</load_size>
            <run_address>0x80ea</run_address>
            <run_size>0xa</run_size>
            <compression>lzss</compression>
         </cprec>
         <cprec>
            <name>.bss</name>
            <load_address>0x80108</load_address>
            <load_size>0x4</load_size>
            <run_address>0x80f4</run_address>
            <run_size>0x1</run_size>
            <compression>zero_init</compression>
         </cprec>
      </cptbl>
   </cptbl_list>
   <handler_table>
      <handler_table_name>__TI_handler_table</handler_table_name>
      <handler>
         <index>0x0</index>
         <name>__TI_zero_init</name>
      </handler>
      <handler>
         <index>0x1</index>
         <name>__TI_decompress_lzss</name>
      </handler>
      <handler>
         <index>0x2</index>
         <name>__TI_decompress_none</name>
      </handler>
   </handler_table>
   <symbol_table>
      <symbol id="sm-1">
         <name>RamfuncsLoadStart</name>
         <value>0x80008</value>
      </symbol>
      <symbol id="sm-2">
         <name>RamfuncsLoadSize</name>
         <value>0xea</value>
      </symbol>
      <symbol id="sm-3">
         <name>RamfuncsLoadEnd</name>
         <value>0x800f2</value>
      </symbol>
      <symbol id="sm-4">
         <name>RamfuncsRunStart</name>
         <value>0x8000</value>
      </symbol>
      <symbol id="sm-5">
         <name>RamfuncsRunSize</name>
         <value>0xea</value>
      </symbol>
      <symbol id="sm-6">
         <name>RamfuncsRunEnd</name>
         <value>0x80ea</value>
      </symbol>
      <symbol id="sm-7">
         <name>__TI_CINIT_Base</name>
         <value>0x8010c</value>
      </symbol>
      <symbol id="sm-8">
         <name>__TI_CINIT_Limit</name>
         <value>0x80114</value>
      </symbol>
      <symbol id="sm-9">
         <name>__TI_CINIT_Warm</name>
         <value>0x80114</value>
      </symbol>
      <symbol id="sm-a">
         <name>__TI_Handler_Table_Base</name>
         <value>0x80102</value>
      </symbol>
      <symbol id="sm-b">
         <name>__TI_Handler_Table_Limit</name>
         <value>0x80108</value>
      </symbol>
      <symbol id="sm-c">
         <name>__TI_STACK_SIZE</name>
         <value>0x200</value>
      </symbol>
      <symbol id="sm-d">
         <name>__TI_STACK_END</name>
         <value>0x600</value>
      </symbol>
      <symbol id="sm-e">
         <name>__TI_pprof_out_hndl</name>
         <value>0xffffffff</value>
      </symbol>
      <symbol id="sm-f">
         <name>__TI_prof_data_start</name>
         <value>0xffffffff</value>
      </symbol>
      <symbol id="sm-10">
         <name>__TI_prof_data_size</name>
         <value>0xffffffff</value>
      </symbol>
      <symbol id="sm-1a7">
         <name>INPUTXBAR_init</name>
         <value>0x834ef</value>
         <object_component_ref idref="oc-206"/>
      </symbol>
      <symbol id="sm-1a8">
         <name>INTERRUPT_init</name>
         <value>0x82ed0</value>
         <object_component_ref idref="oc-2c"/>
      </symbol>
      <symbol id="sm-1a9">
         <name>PinMux_init</name>
         <value>0x823d8</value>
         <object_component_ref idref="oc-200"/>
      </symbol>
      <symbol id="sm-1aa">
         <name>myINPUTXBARINPUT2_init</name>
         <value>0x83512</value>
         <object_component_ref idref="oc-2d6"/>
      </symbol>
      <symbol id="sm-1ab">
         <name>myINPUTXBARINPUT1_init</name>
         <value>0x8350b</value>
         <object_component_ref idref="oc-2d0"/>
      </symbol>
      <symbol id="sm-1ac">
         <name>myINPUTXBARINPUT0_init</name>
         <value>0x83504</value>
         <object_component_ref idref="oc-2ca"/>
      </symbol>
      <symbol id="sm-1ad">
         <name>Board_init</name>
         <value>0x8338a</value>
         <object_component_ref idref="oc-17a"/>
      </symbol>
      <symbol id="sm-1ae">
         <name>GPIO_init</name>
         <value>0x834e8</value>
         <object_component_ref idref="oc-21e"/>
      </symbol>
      <symbol id="sm-1af">
         <name>SYNC_init</name>
         <value>0x834b7</value>
         <object_component_ref idref="oc-20c"/>
      </symbol>
      <symbol id="sm-1b0">
         <name>CSD_OUT_init</name>
         <value>0x833cc</value>
         <object_component_ref idref="oc-376"/>
      </symbol>
      <symbol id="sm-1b1">
         <name>CSB_OUT_init</name>
         <value>0x833ac</value>
         <object_component_ref idref="oc-382"/>
      </symbol>
      <symbol id="sm-1b2">
         <name>EPWM_init</name>
         <value>0x82000</value>
         <object_component_ref idref="oc-218"/>
      </symbol>
      <symbol id="sm-1b3">
         <name>ASYSCTL_init</name>
         <value>0x8345f</value>
         <object_component_ref idref="oc-212"/>
      </symbol>
      <symbol id="sm-1b4">
         <name>CSC_OUT_init</name>
         <value>0x833bc</value>
         <object_component_ref idref="oc-37c"/>
      </symbol>
      <symbol id="sm-1c1">
         <name>C2000Ware_libraries_init</name>
         <value>0x83521</value>
         <object_component_ref idref="oc-180"/>
      </symbol>
      <symbol id="sm-240">
         <name>dac_val</name>
         <value>0x80f4</value>
         <object_component_ref idref="oc-1a4"/>
      </symbol>
      <symbol id="sm-241">
         <name>INT_myEPWM2_TZ_ISR</name>
         <value>0x82cf0</value>
         <object_component_ref idref="oc-3d"/>
      </symbol>
      <symbol id="sm-242">
         <name>main</name>
         <value>0x82ea9</value>
         <object_component_ref idref="oc-13d"/>
      </symbol>
      <symbol id="sm-243">
         <name>INT_myEPWM1_TZ_ISR</name>
         <value>0x82cbc</value>
         <object_component_ref idref="oc-37"/>
      </symbol>
      <symbol id="sm-244">
         <name>INT_myEPWM0_TZ_ISR</name>
         <value>0x82c88</value>
         <object_component_ref idref="oc-2b"/>
      </symbol>
      <symbol id="sm-292">
         <name>Device_enableAllPeripherals</name>
         <value>0x8280a</value>
         <object_component_ref idref="oc-1e5"/>
      </symbol>
      <symbol id="sm-293">
         <name>Device_initGPIO</name>
         <value>0x833ec</value>
         <object_component_ref idref="oc-16e"/>
      </symbol>
      <symbol id="sm-294">
         <name>Device_init</name>
         <value>0x828dd</value>
         <object_component_ref idref="oc-168"/>
      </symbol>
      <symbol id="sm-295">
         <name>__error__</name>
         <value>0x834fd</value>
         <object_component_ref idref="oc-bf"/>
      </symbol>
      <symbol id="sm-2a4">
         <name>code_start</name>
         <value>0x80000</value>
         <object_component_ref idref="oc-20"/>
      </symbol>
      <symbol id="sm-30a">
         <name>Flash_initModule</name>
         <value>0x8000</value>
         <object_component_ref idref="oc-1c6"/>
      </symbol>
      <symbol id="sm-352">
         <name>GPIO_setQualificationMode</name>
         <value>0x82c1a</value>
         <object_component_ref idref="oc-2c3"/>
      </symbol>
      <symbol id="sm-353">
         <name>GPIO_setPadConfig</name>
         <value>0x82938</value>
         <object_component_ref idref="oc-2bd"/>
      </symbol>
      <symbol id="sm-354">
         <name>GPIO_setAnalogMode</name>
         <value>0x825e4</value>
         <object_component_ref idref="oc-1f1"/>
      </symbol>
      <symbol id="sm-355">
         <name>GPIO_setDirectionMode</name>
         <value>0x82d24</value>
         <object_component_ref idref="oc-429"/>
      </symbol>
      <symbol id="sm-356">
         <name>GPIO_setPinConfig</name>
         <value>0x82be3</value>
         <object_component_ref idref="oc-2b7"/>
      </symbol>
      <symbol id="sm-3cf">
         <name>Interrupt_defaultHandler</name>
         <value>0x83286</value>
         <object_component_ref idref="oc-43"/>
      </symbol>
      <symbol id="sm-3d0">
         <name>Interrupt_disable</name>
         <value>0x8298a</value>
         <object_component_ref idref="oc-90"/>
      </symbol>
      <symbol id="sm-3d1">
         <name>Interrupt_initModule</name>
         <value>0x82b6c</value>
         <object_component_ref idref="oc-174"/>
      </symbol>
      <symbol id="sm-3d2">
         <name>Interrupt_nmiHandler</name>
         <value>0x834ad</value>
         <object_component_ref idref="oc-55"/>
      </symbol>
      <symbol id="sm-3d3">
         <name>Interrupt_enable</name>
         <value>0x82c51</value>
         <object_component_ref idref="oc-8a"/>
      </symbol>
      <symbol id="sm-3d4">
         <name>Interrupt_initVectorTable</name>
         <value>0x83078</value>
         <object_component_ref idref="oc-44"/>
      </symbol>
      <symbol id="sm-3d5">
         <name>Interrupt_illegalOperationHandler</name>
         <value>0x834a3</value>
         <object_component_ref idref="oc-4f"/>
      </symbol>
      <symbol id="sm-4f7">
         <name>SysCtl_isPLLValid</name>
         <value>0x824fa</value>
         <object_component_ref idref="oc-2a0"/>
      </symbol>
      <symbol id="sm-4f8">
         <name>SysCtl_delay</name>
         <value>0x80e6</value>
         <object_component_ref idref="oc-28d"/>
      </symbol>
      <symbol id="sm-4f9">
         <name>SysCtl_selectXTALSingleEnded</name>
         <value>0x82ef5</value>
         <object_component_ref idref="oc-3a3"/>
      </symbol>
      <symbol id="sm-4fa">
         <name>SysCtl_selectXTAL</name>
         <value>0x82a1f</value>
         <object_component_ref idref="oc-39d"/>
      </symbol>
      <symbol id="sm-4fb">
         <name>SysCtl_selectOscSource</name>
         <value>0x829d8</value>
         <object_component_ref idref="oc-287"/>
      </symbol>
      <symbol id="sm-4fc">
         <name>SysCtl_getLowSpeedClock</name>
         <value>0x83156</value>
         <object_component_ref idref="oc-1df"/>
      </symbol>
      <symbol id="sm-4fd">
         <name>SysCtl_setClock</name>
         <value>0x82297</value>
         <object_component_ref idref="oc-1cc"/>
      </symbol>
      <symbol id="sm-4fe">
         <name>SysCtl_getClock</name>
         <value>0x82878</value>
         <object_component_ref idref="oc-1d8"/>
      </symbol>
      <symbol id="sm-508">
         <name>_c_int00</name>
         <value>0x8322d</value>
         <object_component_ref idref="oc-b2"/>
      </symbol>
      <symbol id="sm-509">
         <name>__stack</name>
         <value>0x400</value>
         <object_component_ref idref="oc-5b"/>
      </symbol>
      <symbol id="sm-516">
         <name>__c28xabi_divf</name>
         <value>0x82690</value>
         <object_component_ref idref="oc-230"/>
      </symbol>
      <symbol id="sm-528">
         <name>memcpy</name>
         <value>0x830b3</value>
         <object_component_ref idref="oc-5e"/>
      </symbol>
      <symbol id="sm-535">
         <name>_system_pre_init</name>
         <value>0x8351f</value>
         <object_component_ref idref="oc-ed"/>
      </symbol>
      <symbol id="sm-544">
         <name>__TI_auto_init_nobinit_nopinit</name>
         <value>0x82ddd</value>
         <object_component_ref idref="oc-10d"/>
      </symbol>
      <symbol id="sm-553">
         <name>__TI_zero_init_nomemset</name>
         <value>0x83452</value>
         <object_component_ref idref="oc-66"/>
      </symbol>
      <symbol id="sm-560">
         <name>__TI_decompress_none</name>
         <value>0x834ca</value>
         <object_component_ref idref="oc-19"/>
      </symbol>
      <symbol id="sm-574">
         <name>__TI_decompress_lzss</name>
         <value>0x82d83</value>
         <object_component_ref idref="oc-13"/>
      </symbol>
      <symbol id="sm-58a">
         <name>C$$EXIT</name>
         <value>0x82e32</value>
         <object_component_ref idref="oc-fa"/>
      </symbol>
      <symbol id="sm-58b">
         <name>abort</name>
         <value>0x82e32</value>
         <object_component_ref idref="oc-fa"/>
      </symbol>
      <symbol id="sm-58c">
         <name>exit</name>
         <value>0x82e34</value>
         <object_component_ref idref="oc-fa"/>
      </symbol>
      <symbol id="sm-58d">
         <name>__TI_dtors_ptr</name>
         <value>0x80ee</value>
         <object_component_ref idref="oc-145"/>
      </symbol>
      <symbol id="sm-58e">
         <name>__TI_cleanup_ptr</name>
         <value>0x80ec</value>
         <object_component_ref idref="oc-145"/>
      </symbol>
      <symbol id="sm-58f">
         <name>__TI_enable_exit_profile_output</name>
         <value>0x80ea</value>
         <object_component_ref idref="oc-145"/>
      </symbol>
      <symbol id="sm-5a6">
         <name>_nop</name>
         <value>0x834c9</value>
         <object_component_ref idref="oc-1ad"/>
      </symbol>
      <symbol id="sm-5a7">
         <name>_lock</name>
         <value>0x80f0</value>
         <object_component_ref idref="oc-148"/>
      </symbol>
      <symbol id="sm-5a8">
         <name>_unlock</name>
         <value>0x80f2</value>
         <object_component_ref idref="oc-239"/>
      </symbol>
      <symbol id="sm-5a9">
         <name>_register_lock</name>
         <value>0x834c5</value>
         <object_component_ref idref="oc-1ad"/>
      </symbol>
      <symbol id="sm-5aa">
         <name>_register_unlock</name>
         <value>0x834c1</value>
         <object_component_ref idref="oc-1ad"/>
      </symbol>
      <symbol id="sm-5b9">
         <name>_args_main</name>
         <value>0x83477</value>
         <object_component_ref idref="oc-f4"/>
      </symbol>
      <symbol id="sm-5c8">
         <name>_system_post_cinit</name>
         <value>0x83522</value>
         <object_component_ref idref="oc-153"/>
      </symbol>
      <symbol id="sm-5ca">
         <name>__c_args__</name>
         <value>0x0</value>
      </symbol>
   </symbol_table>
   <title>Link successful</title>
</link_info>
