******************************************************************************
             TMS320C2000 Linker PC v22.6.3                     
******************************************************************************
>> Linked Wed Dec 24 18:02:01 2025

OUTPUT FILE NAME:   <empty_driverlib_project.out>
ENTRY POINT SYMBOL: "code_start"  address: 00080000


MEMORY CONFIGURATION

         name            origin    length      used     unused   attr    fill
----------------------  --------  ---------  --------  --------  ----  --------
  BOOT_RSVD             00000002   00000126  00000000  00000126  RWIX
  RAMM0                 00000128   000002d8  00000000  000002d8  RWIX
  RAMM1                 00000400   000003f8  00000200  000001f8  RWIX
  RAMLS0                00008000   00002000  000000f5  00001f0b  RWIX
  RAMLS1                0000a000   00001ff8  00000000  00001ff8  RWIX
  BEGIN                 00080000   00000002  00000002  00000000  RWIX
  FLASH_BANK0_SEC_0_7   00080002   00001ffe  00000106  00001ef8  RWIX
  FLASH_BANK0_SEC_8_15  00082000   00002000  00001523  00000add  RWIX
  FLASH_BANK0_SEC_16_23 00084000   00002000  00000000  00002000  RWIX
  FLASH_BANK0_SEC_24_31 00086000   00002000  00000000  00002000  RWIX
  FLASH_BANK0_SEC_32_39 00088000   00002000  0000037b  00001c85  RWIX
  FLASH_BANK0_SEC_40_47 0008a000   00002000  00000000  00002000  RWIX
  FLASH_BANK0_SEC_48_55 0008c000   00002000  00000000  00002000  RWIX
  FLASH_BANK0_SEC_56_63 0008e000   00002000  00000000  00002000  RWIX
  FLASH_BANK0_SEC_64_71 00090000   00002000  00000000  00002000  RWIX
  FLASH_BANK0_SEC_72_79 00092000   00002000  00000000  00002000  RWIX
  FLASH_BANK0_SEC_80_87 00094000   00002000  00000000  00002000  RWIX
  FLASH_BANK0_SEC_88_95 00096000   00002000  00000000  00002000  RWIX
  FLASH_BANK0_SEC_96_10 00098000   00002000  00000000  00002000  RWIX
  FLASH_BANK0_SEC_104_1 0009a000   00002000  00000000  00002000  RWIX
  FLASH_BANK0_SEC_112_1 0009c000   00002000  00000000  00002000  RWIX
  FLASH_BANK0_SEC_120_1 0009e000   00001ff0  00000000  00001ff0  RWIX
  RESET                 003fffc0   00000002  00000000  00000002  RWIX


SECTION ALLOCATION MAP

 output                                  attributes/
section   page    origin      length       input sections
--------  ----  ----------  ----------   ----------------
codestart 
*          0    00080000    00000002     
                  00080000    00000002     f280013x_codestartbranch.obj (codestart)

.cinit     0    000800f8    0000001c     
                  000800f8    00000009     (.cinit..data.load) [load image, compression = lzss]
                  00080101    00000001     --HOLE-- [fill = 0]
                  00080102    00000006     (__TI_handler_table)
                  00080108    00000004     (.cinit..bss.load) [load image, compression = zero_init]
                  0008010c    00000008     (__TI_cinit_table)

.reset     0    003fffc0    00000000     DSECT

.stack     0    00000400    00000200     UNINITIALIZED
                  00000400    00000200     --HOLE--

.bss       0    000080f4    00000001     UNINITIALIZED
                  000080f4    00000001     empty_driverlib_main.obj (.bss)

.init_array 
*          0    00080008    00000000     UNINITIALIZED

.data      0    000080ea    0000000a     UNINITIALIZED
                  000080ea    00000006     rts2800_fpu32_eabi.lib : exit.c.obj (.data)
                  000080f0    00000002                            : _lock.c.obj (.data:_lock)
                  000080f2    00000002                            : _lock.c.obj (.data:_unlock)

.TI.ramfunc 
*          0    00080008    000000ea     RUN ADDR = 00008000
                  00080008    00000051     driverlib.lib : flash.obj (.TI.ramfunc:Flash_initModule)
                  00080059    00000022                   : flash.obj (.TI.ramfunc:Flash_setWaitstates)
                  0008007b    00000018                   : flash.obj (.TI.ramfunc:Flash_disableCache)
                  00080093    00000018                   : flash.obj (.TI.ramfunc:Flash_disablePrefetch)
                  000800ab    00000017                   : flash.obj (.TI.ramfunc:Flash_enableCache)
                  000800c2    00000016                   : flash.obj (.TI.ramfunc:Flash_enableECC)
                  000800d8    00000016                   : flash.obj (.TI.ramfunc:Flash_enablePrefetch)
                  000800ee    00000004                   : sysctl.obj (.TI.ramfunc)

.text      0    00082000    00001523     
                  00082000    00000297     board.obj (.text:EPWM_init)
                  00082297    00000141     driverlib.lib : sysctl.obj (.text:SysCtl_setClock)
                  000823d8    00000122     board.obj (.text:PinMux_init)
                  000824fa    000000ea     driverlib.lib : sysctl.obj (.text:SysCtl_isPLLValid)
                  000825e4    000000ac                   : gpio.obj (.text:GPIO_setAnalogMode)
                  00082690    00000088     rts2800_fpu32_eabi.lib : fs_div28.asm.obj (.text)
                  00082718    0000007f     driverlib.lib : interrupt.obj (.text:Interrupt_clearIFR)
                  00082797    00000073                   : sysctl.obj (.text:DCC_setCounterSeeds)
                  0008280a    0000006e     device.obj (.text:Device_enableAllPeripherals)
                  00082878    00000065     driverlib.lib : sysctl.obj (.text:SysCtl_getClock)
                  000828dd    0000005b     device.obj (.text:Device_init)
                  00082938    00000052     driverlib.lib : gpio.obj (.text:GPIO_setPadConfig)
                  0008298a    0000004e                   : interrupt.obj (.text:Interrupt_disable)
                  000829d8    00000047                   : sysctl.obj (.text:SysCtl_selectOscSource)
                  00082a1f    00000046                   : sysctl.obj (.text:SysCtl_selectXTAL)
                  00082a65    00000045                   : sysctl.obj (.text:SysCtl_pollX1Counter)
                  00082aaa    00000044                   : gpio.obj (.text:GPIO_isPinValid)
                  00082aee    00000040     board.obj (.text:EPWM_setActionQualifierAction)
                  00082b2e    0000003e     board.obj (.text:EPWM_setCounterCompareShadowLoadMode)
                  00082b6c    0000003d     driverlib.lib : interrupt.obj (.text:Interrupt_initModule)
                  00082ba9    0000003a     board.obj (.text:EPWM_setActionQualifierShadowLoadMode)
                  00082be3    00000037     driverlib.lib : gpio.obj (.text:GPIO_setPinConfig)
                  00082c1a    00000037                   : gpio.obj (.text:GPIO_setQualificationMode)
                  00082c51    00000037                   : interrupt.obj (.text:Interrupt_enable)
                  00082c88    00000034     empty_driverlib_main.obj (.text:INT_myEPWM0_TZ_ISR)
                  00082cbc    00000034     empty_driverlib_main.obj (.text:INT_myEPWM1_TZ_ISR)
                  00082cf0    00000034     empty_driverlib_main.obj (.text:INT_myEPWM2_TZ_ISR)
                  00082d24    00000031     driverlib.lib : gpio.obj (.text:GPIO_setDirectionMode)
                  00082d55    0000002e     empty_driverlib_main.obj (.text:dacCode)
                  00082d83    0000002e     rts2800_fpu32_eabi.lib : copy_decompress_lzss.c.obj (.text:decompress:lzss)
                  00082db1    0000002c     board.obj (.text:EPWM_setActionQualifierContSWForceAction)
                  00082ddd    0000002b     rts2800_fpu32_eabi.lib : autoinit.c.obj (.text:__TI_auto_init_nobinit_nopinit)
                  00082e08    0000002a     board.obj (.text:XBAR_setInputPin)
                  00082e32    00000029     rts2800_fpu32_eabi.lib : exit.c.obj (.text)
                  00082e5b    00000027     board.obj (.text:EPWM_isBaseValid)
                  00082e82    00000027     empty_driverlib_main.obj (.text:EPWM_isBaseValid)
                  00082ea9    00000027     empty_driverlib_main.obj (.text:main)
                  00082ed0    00000025     board.obj (.text:INTERRUPT_init)
                  00082ef5    00000025     driverlib.lib : sysctl.obj (.text:SysCtl_selectXTALSingleEnded)
                  00082f1a    00000024                   : sysctl.obj (.text:DCC_enableSingleShotMode)
                  00082f3e    00000022     board.obj (.text:EPWM_setCounterCompareValue)
                  00082f60    00000022     board.obj (.text:EPWM_setTripZoneAction)
                  00082f82    00000020     board.obj (.text:EPWM_enableTripZoneInterrupt)
                  00082fa2    0000001f     empty_driverlib_main.obj (.text:EPWM_clearTripZoneFlag)
                  00082fc1    0000001f     board.obj (.text:EPWM_setFallingEdgeDelayCountShadowLoadMode)
                  00082fe0    0000001f     board.obj (.text:EPWM_setRisingEdgeDelayCountShadowLoadMode)
                  00082fff    0000001f     driverlib.lib : flash.obj (.text:Flash_writeTrims)
                  0008301e    0000001e                   : sysctl.obj (.text:DCC_setCounter0ClkSource)
                  0008303c    0000001e                   : sysctl.obj (.text:DCC_setCounter1ClkSource)
                  0008305a    0000001e     board.obj (.text:EPWM_setPhaseShift)
                  00083078    0000001e     driverlib.lib : interrupt.obj (.text:Interrupt_initVectorTable)
                  00083096    0000001d     empty_driverlib_main.obj (.text:CMPSS_setDACValueLow)
                  000830b3    0000001d     rts2800_fpu32_eabi.lib : memcpy.c.obj (.text)
                  000830d0    0000001c     board.obj (.text:EPWM_setClockPrescaler)
                  000830ec    0000001b     empty_driverlib_main.obj (.text:CMPSS_isBaseValid)
                  00083107    0000001b     driverlib.lib : sysctl.obj (.text:SysCtl_setIntOSC2_Mode)
                  00083122    0000001a     board.obj (.text:ASysCtl_setAnalogReference1P65)
                  0008313c    0000001a     board.obj (.text:EPWM_disableActionQualifierShadowLoadMode)
                  00083156    0000001a     driverlib.lib : sysctl.obj (.text:SysCtl_getLowSpeedClock)
                  00083170    00000019                   : sysctl.obj (.text:SysCtl_setPLLSysClk)
                  00083189    00000018     board.obj (.text:ASysCtl_setAnalogReferenceInternal)
                  000831a1    00000018     board.obj (.text:EPWM_disableFallingEdgeDelayCountShadowLoadMode)
                  000831b9    00000018     board.obj (.text:EPWM_disableRisingEdgeDelayCountShadowLoadMode)
                  000831d1    00000017     board.obj (.text:ASysCtl_enableCMPSSExternalDAC)
                  000831e8    00000017     device.obj (.text:SysCtl_enablePeripheral)
                  000831ff    00000017     driverlib.lib : sysctl.obj (.text:SysCtl_enablePeripheral)
                  00083216    00000017     empty_driverlib_main.obj (.text:SysCtl_enablePeripheral)
                  0008322d    00000017     rts2800_fpu32_eabi.lib : boot28.asm.obj (.text)
                  00083244    00000016     empty_driverlib_main.obj (.text:CMPSS_configDAC)
                  0008325a    00000016     driverlib.lib : sysctl.obj (.text:DCC_disableDoneSignal)
                  00083270    00000016     board.obj (.text:EPWM_enableTripZoneSignals)
                  00083286    00000016     driverlib.lib : interrupt.obj (.text:Interrupt_defaultHandler)
                  0008329c    00000015                   : sysctl.obj (.text:DCC_clearDoneFlag)
                  000832b1    00000015                   : sysctl.obj (.text:DCC_clearErrorFlag)
                  000832c6    00000015                   : sysctl.obj (.text:DCC_disableErrorSignal)
                  000832db    00000015     device.obj (.text:GPIO_unlockPortConfig)
                  000832f0    00000014     driverlib.lib : sysctl.obj (.text:DCC_disableModule)
                  00083304    00000014                   : sysctl.obj (.text:DCC_enableModule)
                  00083318    00000014     board.obj (.text:EPWM_setTimeBaseCounterMode)
                  0008332c    00000014     board.obj (.text:EPWM_setTimeBasePeriod)
                  00083340    00000013     empty_driverlib_main.obj (.text:CMPSS_enableModule)
                  00083353    00000013     board.obj (.text:XBAR_isBaseValid)
                  00083366    00000012     board.obj (.text:EPWM_setTimeBaseCounter)
                  00083378    00000012     board.obj (.text:SysCtl_setSyncOutputConfig)
                  0008338a    00000011     board.obj (.text:Board_init)
                  0008339b    00000011     board.obj (.text:EPWM_disablePhaseShiftLoad)
                  000833ac    00000010     board.obj (.text:CSB_OUT_init)
                  000833bc    00000010     board.obj (.text:CSC_OUT_init)
                  000833cc    00000010     board.obj (.text:CSD_OUT_init)
                  000833dc    00000010     driverlib.lib : sysctl.obj (.text:DCC_isBaseValid)
                  000833ec    00000010     device.obj (.text:Device_initGPIO)
                  000833fc    00000010     driverlib.lib : flash.obj (.text:Flash_isCtrlBaseValid)
                  0008340c    00000010                   : flash.obj (.text:Flash_isECCBaseValid)
                  0008341c    0000000f     board.obj (.text:Interrupt_register)
                  0008342b    0000000d     driverlib.lib : interrupt.obj (.text:Interrupt_disableGlobal)
                  00083438    0000000d                   : interrupt.obj (.text:Interrupt_enableGlobal)
                  00083445    0000000d     device.obj (.text:SysCtl_setLowSpeedClock)
                  00083452    0000000d     rts2800_fpu32_eabi.lib : copy_zero_init.c.obj (.text:decompress:ZI:__TI_zero_init_nomemset)
                  0008345f    0000000c     board.obj (.text:ASYSCTL_init)
                  0008346b    0000000c     board.obj (.text:SysCtl_enableExtADCSOCSource)
                  00083477    0000000c     rts2800_fpu32_eabi.lib : args_main.c.obj (.text)
                  00083483    0000000b     device.obj (.text:SysCtl_disableWatchdog)
                  0008348e    0000000b     driverlib.lib : sysctl.obj (.text:SysCtl_isMCDClockFailureDetected)
                  00083499    0000000a                   : sysctl.obj (.text:ASysCtl_getExtROscStatus)
                  000834a3    0000000a                   : interrupt.obj (.text:Interrupt_illegalOperationHandler)
                  000834ad    0000000a                   : interrupt.obj (.text:Interrupt_nmiHandler)
                  000834b7    0000000a     board.obj (.text:SYNC_init)
                  000834c1    00000009     rts2800_fpu32_eabi.lib : _lock.c.obj (.text)
                  000834ca    00000008                            : copy_decompress_none.c.obj (.text:decompress:none)
                  000834d2    00000008     f280013x_codestartbranch.obj (.text)
                  000834da    00000007     board.obj (.text:ASysCtl_disableTemperatureSensor)
                  000834e1    00000007     device.obj (.text:ASysCtl_lockVREG)
                  000834e8    00000007     board.obj (.text:GPIO_init)
                  000834ef    00000007     board.obj (.text:INPUTXBAR_init)
                  000834f6    00000007     driverlib.lib : sysctl.obj (.text:SysCtl_resetMCD)
                  000834fd    00000007     device.obj (.text:__error__)
                  00083504    00000007     board.obj (.text:myINPUTXBARINPUT0_init)
                  0008350b    00000007     board.obj (.text:myINPUTXBARINPUT1_init)
                  00083512    00000007     board.obj (.text:myINPUTXBARINPUT2_init)
                  00083519    00000006     empty_driverlib_main.obj (.text:Interrupt_clearACKGroup)
                  0008351f    00000002     rts2800_fpu32_eabi.lib : pre_init.c.obj (.text)
                  00083521    00000001     c2000ware_libraries.obj (.text:C2000Ware_libraries_init)
                  00083522    00000001     rts2800_fpu32_eabi.lib : startup.c.obj (.text)

.const     0    00088000    0000037b     
                  00088000    000000c1     board.obj (.const:.string)
                  000880c1    00000001     --HOLE-- [fill = 0]
                  000880c2    0000009c     driverlib.lib : flash.obj (.const:.string)
                  0008815e    0000009b                   : gpio.obj (.const:.string)
                  000881f9    00000001     --HOLE-- [fill = 0]
                  000881fa    0000009b                   : sysctl.obj (.const:.string)
                  00088295    00000001     --HOLE-- [fill = 0]
                  00088296    0000007f     empty_driverlib_main.obj (.const:.string)
                  00088315    00000001     --HOLE-- [fill = 0]
                  00088316    00000052     driverlib.lib : interrupt.obj (.const:.string)
                  00088368    00000013     device.obj (.const:.string)

MODULE SUMMARY

       Module                         code   ro data   rw data
       ------                         ----   -------   -------
    .\
       empty_driverlib_main.obj       437    127       1      
    +--+------------------------------+------+---------+---------+
       Total:                         437    127       1      
                                                              
    .\device\
       device.obj                     299    19        0      
       f280013x_codestartbranch.obj   10     0         0      
    +--+------------------------------+------+---------+---------+
       Total:                         309    19        0      
                                                              
    .\syscfg\
       board.obj                      1956   193       0      
       c2000ware_libraries.obj        1      0         0      
    +--+------------------------------+------+---------+---------+
       Total:                         1957   193       0      
                                                              
    C:/ti/C2000Ware_6_00_01_00/driverlib/f280013x/driverlib/ccs/Debug/driverlib.lib
       sysctl.obj                     1392   155       0      
       flash.obj                      523    156       0      
       gpio.obj                       481    155       0      
       interrupt.obj                  419    82        0      
    +--+------------------------------+------+---------+---------+
       Total:                         2815   548       0      
                                                              
    C:\ti\ccs2040\ccs\tools\compiler\ti-cgt-c2000_22.6.3.LTS\lib\rts2800_fpu32_eabi.lib
       fs_div28.asm.obj               136    0         0      
       exit.c.obj                     41     0         6      
       copy_decompress_lzss.c.obj     46     0         0      
       autoinit.c.obj                 43     0         0      
       memcpy.c.obj                   29     0         0      
       boot28.asm.obj                 23     0         0      
       _lock.c.obj                    9      0         4      
       copy_zero_init.c.obj           13     0         0      
       args_main.c.obj                12     0         0      
       copy_decompress_none.c.obj     8      0         0      
       pre_init.c.obj                 2      0         0      
       startup.c.obj                  1      0         0      
    +--+------------------------------+------+---------+---------+
       Total:                         363    0         10     
                                                              
       Stack:                         0      0         512    
       Linker Generated:              0      27        0      
    +--+------------------------------+------+---------+---------+
       Grand Total:                   5881   914       523    


LINKER GENERATED COPY TABLES

__TI_cinit_table @ 0008010c records: 2, size/record: 4, table size: 8
	.data: load addr=000800f8, load size=00000009 bytes, run addr=000080ea, run size=0000000a bytes, compression=lzss
	.bss: load addr=00080108, load size=00000004 bytes, run addr=000080f4, run size=00000001 bytes, compression=zero_init


LINKER GENERATED HANDLER TABLE

__TI_handler_table @ 00080102 records: 3, size/record: 2, table size: 6
	index: 0, handler: __TI_zero_init
	index: 1, handler: __TI_decompress_lzss
	index: 2, handler: __TI_decompress_none


GLOBAL DATA SYMBOLS: SORTED BY DATA PAGE

address     data page           name
--------    ----------------    ----
00000400      10 (00000400)     __stack

000080ea     203 (000080c0)     __TI_enable_exit_profile_output
000080ec     203 (000080c0)     __TI_cleanup_ptr
000080ee     203 (000080c0)     __TI_dtors_ptr
000080f0     203 (000080c0)     _lock
000080f2     203 (000080c0)     _unlock
000080f4     203 (000080c0)     dac_val


GLOBAL SYMBOLS: SORTED ALPHABETICALLY BY Name 

page  address   name                             
----  -------   ----                             
0     0008345f  ASYSCTL_init                     
0     0008338a  Board_init                       
0     00082e32  C$$EXIT                          
0     00083521  C2000Ware_libraries_init         
0     000833ac  CSB_OUT_init                     
0     000833bc  CSC_OUT_init                     
0     000833cc  CSD_OUT_init                     
0     0008280a  Device_enableAllPeripherals      
0     000828dd  Device_init                      
0     000833ec  Device_initGPIO                  
0     00082000  EPWM_init                        
0     00008000  Flash_initModule                 
0     000834e8  GPIO_init                        
0     000825e4  GPIO_setAnalogMode               
0     00082d24  GPIO_setDirectionMode            
0     00082938  GPIO_setPadConfig                
0     00082be3  GPIO_setPinConfig                
0     00082c1a  GPIO_setQualificationMode        
0     000834ef  INPUTXBAR_init                   
0     00082ed0  INTERRUPT_init                   
0     00082c88  INT_myEPWM0_TZ_ISR               
0     00082cbc  INT_myEPWM1_TZ_ISR               
0     00082cf0  INT_myEPWM2_TZ_ISR               
0     00083286  Interrupt_defaultHandler         
0     0008298a  Interrupt_disable                
0     00082c51  Interrupt_enable                 
0     000834a3  Interrupt_illegalOperationHandler
0     00082b6c  Interrupt_initModule             
0     00083078  Interrupt_initVectorTable        
0     000834ad  Interrupt_nmiHandler             
0     000823d8  PinMux_init                      
0     000800f2  RamfuncsLoadEnd                  
abs   000000ea  RamfuncsLoadSize                 
0     00080008  RamfuncsLoadStart                
0     000080ea  RamfuncsRunEnd                   
abs   000000ea  RamfuncsRunSize                  
0     00008000  RamfuncsRunStart                 
0     000834b7  SYNC_init                        
0     000080e6  SysCtl_delay                     
0     00082878  SysCtl_getClock                  
0     00083156  SysCtl_getLowSpeedClock          
0     000824fa  SysCtl_isPLLValid                
0     000829d8  SysCtl_selectOscSource           
0     00082a1f  SysCtl_selectXTAL                
0     00082ef5  SysCtl_selectXTALSingleEnded     
0     00082297  SysCtl_setClock                  
0     0008010c  __TI_CINIT_Base                  
0     00080114  __TI_CINIT_Limit                 
0     00080114  __TI_CINIT_Warm                  
0     00080102  __TI_Handler_Table_Base          
0     00080108  __TI_Handler_Table_Limit         
0     00000600  __TI_STACK_END                   
abs   00000200  __TI_STACK_SIZE                  
0     00082ddd  __TI_auto_init_nobinit_nopinit   
0     000080ec  __TI_cleanup_ptr                 
0     00082d83  __TI_decompress_lzss             
0     000834ca  __TI_decompress_none             
0     000080ee  __TI_dtors_ptr                   
0     000080ea  __TI_enable_exit_profile_output  
abs   ffffffff  __TI_pprof_out_hndl              
abs   ffffffff  __TI_prof_data_size              
abs   ffffffff  __TI_prof_data_start             
0     00083452  __TI_zero_init_nomemset          
0     00082690  __c28xabi_divf                   
n/a   UNDEFED   __c_args__                       
0     000834fd  __error__                        
0     00000400  __stack                          
0     00083477  _args_main                       
0     0008322d  _c_int00                         
0     000080f0  _lock                            
0     000834c9  _nop                             
0     000834c5  _register_lock                   
0     000834c1  _register_unlock                 
0     00083522  _system_post_cinit               
0     0008351f  _system_pre_init                 
0     000080f2  _unlock                          
0     00082e32  abort                            
0     00080000  code_start                       
0     000080f4  dac_val                          
0     00082e34  exit                             
0     00082ea9  main                             
0     000830b3  memcpy                           
0     00083504  myINPUTXBARINPUT0_init           
0     0008350b  myINPUTXBARINPUT1_init           
0     00083512  myINPUTXBARINPUT2_init           


GLOBAL SYMBOLS: SORTED BY Symbol Address 

page  address   name                             
----  -------   ----                             
0     00000400  __stack                          
0     00000600  __TI_STACK_END                   
0     00008000  Flash_initModule                 
0     00008000  RamfuncsRunStart                 
0     000080e6  SysCtl_delay                     
0     000080ea  RamfuncsRunEnd                   
0     000080ea  __TI_enable_exit_profile_output  
0     000080ec  __TI_cleanup_ptr                 
0     000080ee  __TI_dtors_ptr                   
0     000080f0  _lock                            
0     000080f2  _unlock                          
0     000080f4  dac_val                          
0     00080000  code_start                       
0     00080008  RamfuncsLoadStart                
0     000800f2  RamfuncsLoadEnd                  
0     00080102  __TI_Handler_Table_Base          
0     00080108  __TI_Handler_Table_Limit         
0     0008010c  __TI_CINIT_Base                  
0     00080114  __TI_CINIT_Limit                 
0     00080114  __TI_CINIT_Warm                  
0     00082000  EPWM_init                        
0     00082297  SysCtl_setClock                  
0     000823d8  PinMux_init                      
0     000824fa  SysCtl_isPLLValid                
0     000825e4  GPIO_setAnalogMode               
0     00082690  __c28xabi_divf                   
0     0008280a  Device_enableAllPeripherals      
0     00082878  SysCtl_getClock                  
0     000828dd  Device_init                      
0     00082938  GPIO_setPadConfig                
0     0008298a  Interrupt_disable                
0     000829d8  SysCtl_selectOscSource           
0     00082a1f  SysCtl_selectXTAL                
0     00082b6c  Interrupt_initModule             
0     00082be3  GPIO_setPinConfig                
0     00082c1a  GPIO_setQualificationMode        
0     00082c51  Interrupt_enable                 
0     00082c88  INT_myEPWM0_TZ_ISR               
0     00082cbc  INT_myEPWM1_TZ_ISR               
0     00082cf0  INT_myEPWM2_TZ_ISR               
0     00082d24  GPIO_setDirectionMode            
0     00082d83  __TI_decompress_lzss             
0     00082ddd  __TI_auto_init_nobinit_nopinit   
0     00082e32  C$$EXIT                          
0     00082e32  abort                            
0     00082e34  exit                             
0     00082ea9  main                             
0     00082ed0  INTERRUPT_init                   
0     00082ef5  SysCtl_selectXTALSingleEnded     
0     00083078  Interrupt_initVectorTable        
0     000830b3  memcpy                           
0     00083156  SysCtl_getLowSpeedClock          
0     0008322d  _c_int00                         
0     00083286  Interrupt_defaultHandler         
0     0008338a  Board_init                       
0     000833ac  CSB_OUT_init                     
0     000833bc  CSC_OUT_init                     
0     000833cc  CSD_OUT_init                     
0     000833ec  Device_initGPIO                  
0     00083452  __TI_zero_init_nomemset          
0     0008345f  ASYSCTL_init                     
0     00083477  _args_main                       
0     000834a3  Interrupt_illegalOperationHandler
0     000834ad  Interrupt_nmiHandler             
0     000834b7  SYNC_init                        
0     000834c1  _register_unlock                 
0     000834c5  _register_lock                   
0     000834c9  _nop                             
0     000834ca  __TI_decompress_none             
0     000834e8  GPIO_init                        
0     000834ef  INPUTXBAR_init                   
0     000834fd  __error__                        
0     00083504  myINPUTXBARINPUT0_init           
0     0008350b  myINPUTXBARINPUT1_init           
0     00083512  myINPUTXBARINPUT2_init           
0     0008351f  _system_pre_init                 
0     00083521  C2000Ware_libraries_init         
0     00083522  _system_post_cinit               
abs   000000ea  RamfuncsLoadSize                 
abs   000000ea  RamfuncsRunSize                  
abs   00000200  __TI_STACK_SIZE                  
abs   ffffffff  __TI_pprof_out_hndl              
abs   ffffffff  __TI_prof_data_size              
abs   ffffffff  __TI_prof_data_start             
n/a   UNDEFED   __c_args__                       

[85 symbols]
